{"at": 1791668198.1400058, "remaining_seconds": 2755.7385120391846, "verified": 0, "active_run": null, "phase": null, "instance_states": ["RUNNING", "RUNNING"]}
{"at": 1791668229.232888, "remaining_seconds": 2724.6455869674683, "verified": 0, "active_run": "01a127bf-2c16-734b-a315-142775acca51", "phase": null, "instance_states": ["RUNNING", "RUNNING"]}
{"at": 1791668259.6205409, "remaining_seconds": 2694.257951974869, "verified": 0, "active_run": "01a127bf-2c16-734b-a315-142775acca51", "phase": "fetching", "instance_states": ["RUNNING", "RUNNING"]}
{"at": 1791668289.4722009, "remaining_seconds": 2664.406307220459, "verified": 0, "active_run": "01a127bf-2c16-734b-a315-142775acca51", "phase": "running", "instance_states": ["RUNNING", "RUNNING"]}
{"at": 1791668320.4494138, "remaining_seconds": 2633.4291241168976, "verified": 0, "active_run": "01a127bf-2c16-734b-a315-142775acca51", "phase": "running", "instance_states": ["RUNNING", "RUNNING"]}
{"at": 1791668352.734466, "remaining_seconds": 2601.144077062607, "verified": 0, "active_run": "01a127bf-2c16-734b-a315-142775acca51", "phase": "sealed", "instance_states": ["RUNNING", "RUNNING"]}
{"at": 1791668359.714274, "remaining_seconds": 2594.164217233658, "verified": 0, "active_run": null, "phase": null, "instance_states": ["RUNNING", "RUNNING"]}
{"at": 1791668391.4381618, "remaining_seconds": 2562.4403500556946, "verified": 0, "active_run": "01a127c1-a83c-72c4-adcc-80be30213514", "phase": null, "instance_states": ["RUNNING", "RUNNING"]}
{"at": 1791668422.128308, "remaining_seconds": 2531.7501080036163, "verified": 0, "active_run": "01a127c1-a83c-72c4-adcc-80be30213514", "phase": "running", "instance_states": ["RUNNING", "RUNNING"]}
{"at": 1791668452.6651928, "remaining_seconds": 2501.2133152484894, "verified": 0, "active_run": "01a127c1-a83c-72c4-adcc-80be30213514", "phase": "running", "instance_states": ["RUNNING", "RUNNING"]}
{"at": 1791668483.233792, "remaining_seconds": 2470.64471411705, "verified": 0, "active_run": "01a127c1-a83c-72c4-adcc-80be30213514", "phase": "running", "instance_states": ["RUNNING", "RUNNING"]}
{"at": 1791668501.7290199, "remaining_seconds": 2452.149449110031, "verified": 0, "active_run": null, "phase": null, "instance_states": ["RUNNING", "RUNNING"]}
{"at": 1791668533.342311, "remaining_seconds": 2420.536194086075, "verified": 0, "active_run": "01a127c3-cfd0-7038-9230-5ea588d90bb2", "phase": "resetting", "instance_states": ["RUNNING", "RUNNING"]}
{"at": 1791668563.3001862, "remaining_seconds": 2390.5783638954163, "verified": 0, "active_run": "01a127c3-cfd0-7038-9230-5ea588d90bb2", "phase": "running", "instance_states": ["RUNNING", "RUNNING"]}
{"at": 1791668594.447802, "remaining_seconds": 2359.4307100772858, "verified": 0, "active_run": "01a127c3-cfd0-7038-9230-5ea588d90bb2", "phase": "running", "instance_states": ["RUNNING", "RUNNING"]}
{"at": 1791668624.642857, "remaining_seconds": 2329.2356412410736, "verified": 0, "active_run": "01a127c3-cfd0-7038-9230-5ea588d90bb2", "phase": "running", "instance_states": ["RUNNING", "RUNNING"]}
{"at": 1791668654.591325, "remaining_seconds": 2299.28719496727, "verified": 1, "active_run": "01a127c3-cfd0-7038-969c-33f2f0fc78e0", "phase": null, "instance_states": ["RUNNING", "RUNNING"]}
{"at": 1791668685.638195, "remaining_seconds": 2268.240339040756, "verified": 1, "active_run": "01a127c3-cfd0-7038-969c-33f2f0fc78e0", "phase": "running", "instance_states": ["RUNNING", "RUNNING"]}
{"at": 1791668716.102283, "remaining_seconds": 2237.776204109192, "verified": 1, "active_run": "01a127c3-cfd0-7038-969c-33f2f0fc78e0", "phase": "running", "instance_states": ["RUNNING", "RUNNING"]}
{"at": 1791668746.236507, "remaining_seconds": 2207.6419830322266, "verified": 1, "active_run": "01a127c3-cfd0-7038-969c-33f2f0fc78e0", "phase": "running", "instance_states": ["RUNNING", "RUNNING"]}
{"at": 1791668776.8022358, "remaining_seconds": 2177.0762429237366, "verified": 2, "active_run": "01a127c3-cfd0-7038-99a0-4652c25973a3", "phase": null, "instance_states": ["RUNNING", "RUNNING"]}
{"at": 1791668807.740588, "remaining_seconds": 2146.1378819942474, "verified": 2, "active_run": "01a127c3-cfd0-7038-99a0-4652c25973a3", "phase": "fetching", "instance_states": ["RUNNING", "RUNNING"]}
{"at": 1791668838.227574, "remaining_seconds": 2115.650894165039, "verified": 2, "active_run": "01a127c3-cfd0-7038-99a0-4652c25973a3", "phase": "running", "instance_states": ["RUNNING", "RUNNING"]}
{"at": 1791668868.745149, "remaining_seconds": 2085.13338804245, "verified": 2, "active_run": "01a127c3-cfd0-7038-99a0-4652c25973a3", "phase": "running", "instance_states": ["RUNNING", "RUNNING"]}
{"at": 1791668899.579081, "remaining_seconds": 2054.2994241714478, "verified": 2, "active_run": "01a127c3-cfd0-7038-99a0-4652c25973a3", "phase": "sealed", "instance_states": ["RUNNING", "RUNNING"]}
{"at": 1791668930.190853, "remaining_seconds": 2023.6876831054688, "verified": 3, "active_run": "01a127c3-cfd0-7038-9eb0-87c0fe22c1df", "phase": null, "instance_states": ["RUNNING", "RUNNING"]}
{"at": 1791668960.455882, "remaining_seconds": 1993.422621011734, "verified": 3, "active_run": "01a127c3-cfd0-7038-9eb0-87c0fe22c1df", "phase": "running", "instance_states": ["RUNNING", "RUNNING"]}
{"at": 1791668990.5971808, "remaining_seconds": 1963.2813079357147, "verified": 3, "active_run": "01a127c3-cfd0-7038-9eb0-87c0fe22c1df", "phase": "running", "instance_states": ["RUNNING", "RUNNING"]}
{"at": 1791669021.155448, "remaining_seconds": 1932.7230558395386, "verified": 3, "active_run": "01a127c3-cfd0-7038-9eb0-87c0fe22c1df", "phase": "running", "instance_states": ["RUNNING", "RUNNING"]}
{"at": 1791669051.275914, "remaining_seconds": 1902.6025910377502, "verified": 4, "active_run": "01a127c3-cfd0-7038-a366-c3838df63917", "phase": null, "instance_states": ["RUNNING", "RUNNING"]}
{"at": 1791669081.930877, "remaining_seconds": 1871.9475860595703, "verified": 4, "active_run": "01a127c3-cfd0-7038-a366-c3838df63917", "phase": "fetching", "instance_states": ["RUNNING", "RUNNING"]}
{"at": 1791669112.507553, "remaining_seconds": 1841.3709599971771, "verified": 4, "active_run": "01a127c3-cfd0-7038-a366-c3838df63917", "phase": "running", "instance_states": ["RUNNING", "RUNNING"]}
{"at": 1791669143.1263812, "remaining_seconds": 1810.7521059513092, "verified": 4, "active_run": "01a127c3-cfd0-7038-a366-c3838df63917", "phase": "running", "instance_states": ["RUNNING", "RUNNING"]}
{"at": 1791669173.389169, "remaining_seconds": 1780.489295244217, "verified": 5, "active_run": "01a127c3-cfd0-7038-a736-29601a63c11e", "phase": null, "instance_states": ["RUNNING", "RUNNING"]}
{"at": 1791669203.6486661, "remaining_seconds": 1750.2298350334167, "verified": 5, "active_run": "01a127c3-cfd0-7038-a736-29601a63c11e", "phase": "fetching", "instance_states": ["RUNNING", "RUNNING"]}
{"at": 1791669234.168959, "remaining_seconds": 1719.7095530033112, "verified": 5, "active_run": "01a127c3-cfd0-7038-a736-29601a63c11e", "phase": "running", "instance_states": ["RUNNING", "RUNNING"]}
{"at": 1791669264.7560241, "remaining_seconds": 1689.1225039958954, "verified": 5, "active_run": "01a127c3-cfd0-7038-a736-29601a63c11e", "phase": "running", "instance_states": ["RUNNING", "RUNNING"]}
{"at": 1791669295.4220622, "remaining_seconds": 1658.4564380645752, "verified": 5, "active_run": "01a127c3-cfd0-7038-a736-29601a63c11e", "phase": "sealed", "instance_states": ["RUNNING", "RUNNING"]}
{"at": 1791669325.909072, "remaining_seconds": 1627.9694259166718, "verified": 6, "active_run": "01a127c3-cfd0-7038-abaa-a5fb5bc90c37", "phase": "resetting", "instance_states": ["RUNNING", "RUNNING"]}
{"at": 1791669356.5565472, "remaining_seconds": 1597.3220009803772, "verified": 6, "active_run": "01a127c3-cfd0-7038-abaa-a5fb5bc90c37", "phase": "running", "instance_states": ["RUNNING", "RUNNING"]}
{"at": 1791669387.006552, "remaining_seconds": 1566.8719611167908, "verified": 6, "active_run": "01a127c3-cfd0-7038-abaa-a5fb5bc90c37", "phase": "running", "instance_states": ["RUNNING", "RUNNING"]}
{"at": 1791669417.4160151, "remaining_seconds": 1536.4624881744385, "verified": 6, "active_run": "01a127c3-cfd0-7038-abaa-a5fb5bc90c37", "phase": "running", "instance_states": ["RUNNING", "RUNNING"]}
{"at": 1791669447.4653409, "remaining_seconds": 1506.4131660461426, "verified": 7, "active_run": "01a127c3-cfd0-7038-ae97-1c1d1c64d359", "phase": null, "instance_states": ["RUNNING", "RUNNING"]}
{"at": 1791669478.031935, "remaining_seconds": 1475.8465600013733, "verified": 7, "active_run": "01a127c3-cfd0-7038-ae97-1c1d1c64d359", "phase": "fetching", "instance_states": ["RUNNING", "RUNNING"]}
{"at": 1791669507.946966, "remaining_seconds": 1445.9315521717072, "verified": 7, "active_run": "01a127c3-cfd0-7038-ae97-1c1d1c64d359", "phase": "running", "instance_states": ["RUNNING", "RUNNING"]}
{"at": 1791669539.510313, "remaining_seconds": 1414.3681769371033, "verified": 7, "active_run": "01a127c3-cfd0-7038-ae97-1c1d1c64d359", "phase": "running", "instance_states": ["RUNNING", "RUNNING"]}
{"at": 1791669569.5025222, "remaining_seconds": 1384.3760268688202, "verified": 8, "active_run": "01a127c3-cfd0-7038-b14b-d2fcc28bf858", "phase": null, "instance_states": ["RUNNING", "RUNNING"]}
{"at": 1791669600.362321, "remaining_seconds": 1353.516205072403, "verified": 8, "active_run": "01a127c3-cfd0-7038-b14b-d2fcc28bf858", "phase": "fetching", "instance_states": ["RUNNING", "RUNNING"]}
{"at": 1791669631.296322, "remaining_seconds": 1322.5821890830994, "verified": 8, "active_run": "01a127c3-cfd0-7038-b14b-d2fcc28bf858", "phase": "running", "instance_states": ["RUNNING", "RUNNING"]}
{"at": 1791669662.6361442, "remaining_seconds": 1291.242350101471, "verified": 8, "active_run": "01a127c3-cfd0-7038-b14b-d2fcc28bf858", "phase": "running", "instance_states": ["RUNNING", "RUNNING"]}
{"at": 1791669693.038917, "remaining_seconds": 1260.8396320343018, "verified": 8, "active_run": "01a127c3-cfd0-7038-b14b-d2fcc28bf858", "phase": "sealed", "instance_states": ["RUNNING", "RUNNING"]}
{"at": 1791669723.4370382, "remaining_seconds": 1230.4414012432098, "verified": 9, "active_run": "01a127c3-cfd0-7038-b6f5-25c3cd15ac23", "phase": "resetting", "instance_states": ["RUNNING", "RUNNING"]}
{"at": 1791669753.862703, "remaining_seconds": 1200.0158019065857, "verified": 9, "active_run": "01a127c3-cfd0-7038-b6f5-25c3cd15ac23", "phase": "running", "instance_states": ["RUNNING", "RUNNING"]}
{"at": 1791669783.999999, "remaining_seconds": 1169.878508090973, "verified": 9, "active_run": "01a127c3-cfd0-7038-b6f5-25c3cd15ac23", "phase": "running", "instance_states": ["RUNNING", "RUNNING"]}
{"at": 1791669814.144237, "remaining_seconds": 1139.7342898845673, "verified": 9, "active_run": "01a127c3-cfd0-7038-b6f5-25c3cd15ac23", "phase": "running", "instance_states": ["RUNNING", "RUNNING"]}
{"case": "fresh", "verdict": "inconclusive", "pairs": 5}
{"at": 1791669834.301431, "remaining_seconds": 1119.5770580768585, "verified": 0, "active_run": null, "phase": null, "instance_states": ["RUNNING", "RUNNING"]}
{"at": 1791669865.04596, "remaining_seconds": 1088.8325672149658, "verified": 0, "active_run": "01a127d8-25c3-70a6-8dc7-8f17d64d7202", "phase": null, "instance_states": ["RUNNING", "RUNNING"]}
{"at": 1791669896.1591942, "remaining_seconds": 1057.719347000122, "verified": 0, "active_run": "01a127d8-25c3-70a6-8dc7-8f17d64d7202", "phase": "running", "instance_states": ["RUNNING", "RUNNING"]}
{"at": 1791669926.147525, "remaining_seconds": 1027.7309730052948, "verified": 0, "active_run": "01a127d8-25c3-70a6-8dc7-8f17d64d7202", "phase": "running", "instance_states": ["RUNNING", "RUNNING"]}
{"at": 1791669957.017694, "remaining_seconds": 996.8608200550079, "verified": 0, "active_run": "01a127d8-25c3-70a6-8dc7-8f17d64d7202", "phase": "running", "instance_states": ["RUNNING", "RUNNING"]}
{"at": 1791669987.646357, "remaining_seconds": 966.2321710586548, "verified": 1, "active_run": "01a127d8-25c3-70a6-9217-2bc7074db8b0", "phase": null, "instance_states": ["RUNNING", "RUNNING"]}
{"at": 1791670018.354103, "remaining_seconds": 935.5243730545044, "verified": 1, "active_run": "01a127d8-25c3-70a6-9217-2bc7074db8b0", "phase": "fetching", "instance_states": ["RUNNING", "RUNNING"]}
{"at": 1791670049.146188, "remaining_seconds": 904.732292175293, "verified": 1, "active_run": "01a127d8-25c3-70a6-9217-2bc7074db8b0", "phase": "running", "instance_states": ["RUNNING", "RUNNING"]}
{"at": 1791670080.144832, "remaining_seconds": 873.7336530685425, "verified": 1, "active_run": "01a127d8-25c3-70a6-9217-2bc7074db8b0", "phase": "running", "instance_states": ["RUNNING", "RUNNING"]}
{"at": 1791670110.14905, "remaining_seconds": 843.7294580936432, "verified": 1, "active_run": "01a127d8-25c3-70a6-9217-2bc7074db8b0", "phase": "sealed", "instance_states": ["RUNNING", "RUNNING"]}
{"at": 1791670140.048908, "remaining_seconds": 813.8296010494232, "verified": 2, "active_run": "01a127d8-25c3-70a6-96f2-71db7cb3ab96", "phase": "resetting", "instance_states": ["RUNNING", "RUNNING"]}
{"at": 1791670170.9375172, "remaining_seconds": 782.9410090446472, "verified": 2, "active_run": "01a127d8-25c3-70a6-96f2-71db7cb3ab96", "phase": "running", "instance_states": ["RUNNING", "RUNNING"]}
{"at": 1791670201.8504992, "remaining_seconds": 752.0279681682587, "verified": 2, "active_run": "01a127d8-25c3-70a6-96f2-71db7cb3ab96", "phase": "running", "instance_states": ["RUNNING", "RUNNING"]}
{"at": 1791670232.80447, "remaining_seconds": 721.0740280151367, "verified": 2, "active_run": "01a127d8-25c3-70a6-96f2-71db7cb3ab96", "phase": "running", "instance_states": ["RUNNING", "RUNNING"]}
{"at": 1791670263.602784, "remaining_seconds": 690.2757189273834, "verified": 3, "active_run": "01a127d8-25c3-70a6-9917-5077ba432417", "phase": null, "instance_states": ["RUNNING", "RUNNING"]}
{"at": 1791670294.645025, "remaining_seconds": 659.2334852218628, "verified": 3, "active_run": "01a127d8-25c3-70a6-9917-5077ba432417", "phase": "running", "instance_states": ["RUNNING", "RUNNING"]}
{"at": 1791670324.447927, "remaining_seconds": 629.4306209087372, "verified": 3, "active_run": "01a127d8-25c3-70a6-9917-5077ba432417", "phase": "running", "instance_states": ["RUNNING", "RUNNING"]}
{"at": 1791670355.449285, "remaining_seconds": 598.4291789531708, "verified": 3, "active_run": "01a127d8-25c3-70a6-9917-5077ba432417", "phase": "running", "instance_states": ["RUNNING", "RUNNING"]}
{"at": 1791670386.355104, "remaining_seconds": 567.5233869552612, "verified": 4, "active_run": "01a127d8-25c3-70a6-9d6d-35de124d4809", "phase": null, "instance_states": ["RUNNING", "RUNNING"]}
{"at": 1791670417.206683, "remaining_seconds": 536.6718239784241, "verified": 4, "active_run": "01a127d8-25c3-70a6-9d6d-35de124d4809", "phase": "fetching", "instance_states": ["RUNNING", "RUNNING"]}
{"at": 1791670448.079336, "remaining_seconds": 505.7992022037506, "verified": 4, "active_run": "01a127d8-25c3-70a6-9d6d-35de124d4809", "phase": "running", "instance_states": ["RUNNING", "RUNNING"]}
{"at": 1791670479.067317, "remaining_seconds": 474.81119108200073, "verified": 4, "active_run": "01a127d8-25c3-70a6-9d6d-35de124d4809", "phase": "running", "instance_states": ["RUNNING", "RUNNING"]}
{"at": 1791670509.817734, "remaining_seconds": 444.0606880187988, "verified": 4, "active_run": "01a127d8-25c3-70a6-9d6d-35de124d4809", "phase": "sealed", "instance_states": ["RUNNING", "RUNNING"]}
{"at": 1791670540.655005, "remaining_seconds": 413.22350311279297, "verified": 5, "active_run": "01a127d8-25c3-70a6-a04e-eeadef124299", "phase": "resetting", "instance_states": ["RUNNING", "RUNNING"]}
{"at": 1791670571.6867042, "remaining_seconds": 382.1917850971222, "verified": 5, "active_run": "01a127d8-25c3-70a6-a04e-eeadef124299", "phase": "running", "instance_states": ["RUNNING", "RUNNING"]}
{"at": 1791670601.956248, "remaining_seconds": 351.92223501205444, "verified": 5, "active_run": "01a127d8-25c3-70a6-a04e-eeadef124299", "phase": "running", "instance_states": ["RUNNING", "RUNNING"]}
{"at": 1791670631.970797, "remaining_seconds": 321.90770196914673, "verified": 5, "active_run": "01a127d8-25c3-70a6-a04e-eeadef124299", "phase": "running", "instance_states": ["RUNNING", "RUNNING"]}
Traceback (most recent call last):
  File "/Users/shinzui/Keikaku/bokuno/kiroku-project/kiroku/bench/mp13-index/run.py", line 301, in <module>
    main()
    ~~~~^^
  File "/Users/shinzui/Keikaku/bokuno/kiroku-project/kiroku/bench/mp13-index/run.py", line 281, in main
    rows = execute(args.operator, root, args.payload, args.cell, case[0], document, descriptor)
  File "/Users/shinzui/Keikaku/bokuno/kiroku-project/kiroku/bench/mp13-index/run.py", line 223, in execute
    rows = verified(journal) if journal.exists() else []
           ~~~~~~~~^^^^^^^^^
  File "/Users/shinzui/Keikaku/bokuno/kiroku-project/kiroku/bench/mp13-index/run.py", line 83, in verified
    raise ValueError('completed trial failed the measurement contract')
ValueError: completed trial failed the measurement contract
