grade: exploratory
op.append.error-rate: 0.0 ratio
op.append.latency.max: 4.4603287e7 ns
op.append.latency.mean: 5630925.304472828 ns
op.append.latency.p50: 5631999.0 ns
op.append.latency.p90: 6184959.0 ns
op.append.latency.p95: 6381567.0 ns
op.append.latency.p99: 7016447.0 ns
op.append.latency.p999: 1.5065087e7 ns
op.append.service.p99: 7016447.0 ns
op.append.throughput: 695.4487578413006 ops/s
op.append.units-throughput: 695.4487578413006 units/s
op.browse.error-rate: 0.0 ratio
op.browse.latency.max: 9334534.0 ns
op.browse.latency.mean: 3499218.4216216216 ns
op.browse.latency.p50: 4155391.0 ns
op.browse.latency.p90: 8232959.0 ns
op.browse.latency.p95: 8699903.0 ns
op.browse.latency.p99: 9289727.0 ns
op.browse.latency.p999: 9334534.0 ns
op.browse.service.p99: 9289727.0 ns
op.browse.throughput: 3.031955983424627 ops/s
op.browse.units-throughput: 22.354529521033466 units/s
pg.checkpoints-in-window: 0.0 count
pg.wal-bytes-per-op: 1931.40080715174 bytes/op
proc.cpu-utilisation: 7.53891758040718e-2 ratio
proc.rss-max: 3.19664128e8 bytes
rts.alloc-bytes-per-op: 143588.7991740773 bytes/op
rts.alloc-rate: 1.0029400694434462e8 bytes/s
rts.gc-productivity: 0.9972631534841573 ratio
rts.live-bytes-major-mean: 1.1027514e7 bytes
rts.max-live-bytes: 1.3732848e7 bytes
grade: exploratory
op.append.error-rate: 0.0 ratio
op.append.latency.max: 7.0400751e7 ns
op.append.latency.mean: 5440504.279330118 ns
op.append.latency.p50: 5435391.0 ns
op.append.latency.p90: 5947391.0 ns
op.append.latency.p95: 6135807.0 ns
op.append.latency.p99: 6864895.0 ns
op.append.latency.p999: 1.4508031e7 ns
op.append.service.p99: 6864895.0 ns
op.append.throughput: 720.3666278972537 ops/s
op.append.units-throughput: 720.3666278972537 units/s
op.browse.error-rate: 0.0 ratio
op.browse.latency.max: 1923756.0 ns
op.browse.latency.mean: 340837.18279569893 ns
op.browse.latency.p50: 312575.0 ns
op.browse.latency.p90: 468479.0 ns
op.browse.latency.p95: 510463.0 ns
op.browse.latency.p99: 945663.0 ns
op.browse.latency.p999: 1923756.0 ns
op.browse.service.p99: 945663.0 ns
op.browse.throughput: 3.0487893143917626 ops/s
op.browse.units-throughput: 22.357788305539593 units/s
pg.checkpoints-in-window: 0.0 count
pg.wal-bytes-per-op: 1925.7800561925044 bytes/op
proc.cpu-utilisation: 7.896528237678664e-2 ratio
proc.rss-max: 3.19635456e8 bytes
rts.alloc-bytes-per-op: 145347.8435673177 bytes/op
rts.alloc-rate: 1.0514687089506412e8 bytes/s
rts.gc-productivity: 0.9970404873915517 ratio
rts.live-bytes-major-mean: 1.1106224e7 bytes
rts.max-live-bytes: 1.3954488e7 bytes
grade: exploratory
op.append.error-rate: 0.0 ratio
op.append.latency.max: 7.6136907e7 ns
op.append.latency.mean: 5703741.707131401 ns
op.append.latency.p50: 5697535.0 ns
op.append.latency.p90: 6307839.0 ns
op.append.latency.p95: 6545407.0 ns
op.append.latency.p99: 7421951.0 ns
op.append.latency.p999: 1.5540223e7 ns
op.append.service.p99: 7421951.0 ns
op.append.throughput: 684.7060668711993 ops/s
op.append.units-throughput: 684.7060668711993 units/s
op.browse.error-rate: 0.0 ratio
op.browse.latency.max: 1807981.0 ns
op.browse.latency.mean: 357990.188172043 ns
op.browse.latency.p50: 334079.0 ns
op.browse.latency.p90: 477439.0 ns
op.browse.latency.p95: 507647.0 ns
op.browse.latency.p99: 788479.0 ns
op.browse.latency.p999: 1807981.0 ns
op.browse.service.p99: 788479.0 ns
op.browse.throughput: 3.048747478946761 ops/s
op.browse.units-throughput: 22.357481512276248 units/s
pg.checkpoints-in-window: 0.0 count
pg.wal-bytes-per-op: 1952.1431158988532 bytes/op
proc.cpu-utilisation: 7.613673139627798e-2 ratio
proc.rss-max: 3.2014336e8 bytes
rts.alloc-bytes-per-op: 146083.8841726447 bytes/op
rts.alloc-rate: 1.004698946387055e8 bytes/s
rts.gc-productivity: 0.9971639885114469 ratio
rts.live-bytes-major-mean: 1.137998e7 bytes
rts.max-live-bytes: 1.36956e7 bytes
grade: exploratory
op.append.error-rate: 0.0 ratio
op.append.latency.max: 6.1061385e7 ns
op.append.latency.mean: 5620207.004107967 ns
op.append.latency.p50: 5685247.0 ns
op.append.latency.p90: 6270975.0 ns
op.append.latency.p95: 6467583.0 ns
op.append.latency.p99: 7245823.0 ns
op.append.latency.p999: 1.4934015e7 ns
op.append.service.p99: 7245823.0 ns
op.append.throughput: 678.223617996846 ops/s
op.append.units-throughput: 678.223617996846 units/s
op.browse.error-rate: 0.0 ratio
op.browse.latency.max: 9966796.0 ns
op.browse.latency.mean: 3545259.0 ns
op.browse.latency.p50: 4272127.0 ns
op.browse.latency.p90: 8228863.0 ns
op.browse.latency.p95: 8658943.0 ns
op.browse.latency.p99: 9658367.0 ns
op.browse.latency.p999: 9966796.0 ns
op.browse.service.p99: 9658367.0 ns
op.browse.throughput: 3.0319544095260498 ops/s
op.browse.units-throughput: 22.354517916721793 units/s
pg.checkpoints-in-window: 0.0 count
pg.wal-bytes-per-op: 1916.0539838337183 bytes/op
proc.cpu-utilisation: 9.202391356480415e-2 ratio
proc.rss-max: 3.17857792e8 bytes
rts.alloc-bytes-per-op: 143161.84603541184 bytes/op
rts.alloc-rate: 9.752980536760741e7 bytes/s
rts.gc-productivity: 0.9971815197912399 ratio
rts.live-bytes-major-mean: 1.1366013333333334e7 bytes
rts.max-live-bytes: 1.3694936e7 bytes
grade: exploratory
op.append.error-rate: 0.0 ratio
op.append.latency.max: 6.4311385e7 ns
op.append.latency.mean: 5673038.700661363 ns
op.append.latency.p50: 5718015.0 ns
op.append.latency.p90: 6262783.0 ns
op.append.latency.p95: 6459391.0 ns
op.append.latency.p99: 7180287.0 ns
op.append.latency.p999: 1.5065087e7 ns
op.append.service.p99: 7176191.0 ns
op.append.throughput: 683.9328807469859 ops/s
op.append.units-throughput: 683.9328807469859 units/s
op.browse.error-rate: 0.0 ratio
op.browse.latency.max: 9628431.0 ns
op.browse.latency.mean: 3738233.9243243244 ns
op.browse.latency.p50: 4243455.0 ns
op.browse.latency.p90: 8359935.0 ns
op.browse.latency.p95: 8732671.0 ns
op.browse.latency.p99: 9576447.0 ns
op.browse.latency.p999: 9628431.0 ns
op.browse.service.p99: 9576447.0 ns
op.browse.throughput: 3.0319079588371607 ops/s
op.browse.units-throughput: 22.35417543704804 units/s
pg.checkpoints-in-window: 0.0 count
pg.wal-bytes-per-op: 1933.2965145406401 bytes/op
proc.cpu-utilisation: 7.73136529503476e-2 ratio
proc.rss-max: 3.31915264e8 bytes
rts.alloc-bytes-per-op: 146124.993296276 bytes/op
rts.alloc-rate: 1.0038272514441603e8 bytes/s
rts.gc-productivity: 0.9970926596163064 ratio
rts.live-bytes-major-mean: 1.10391e7 bytes
rts.max-live-bytes: 1.369504e7 bytes
grade: exploratory
op.append.error-rate: 0.0 ratio
op.append.latency.max: 4.240986e7 ns
op.append.latency.mean: 5651615.351649123 ns
op.append.latency.p50: 5611519.0 ns
op.append.latency.p90: 6127615.0 ns
op.append.latency.p95: 6324223.0 ns
op.append.latency.p99: 7200767.0 ns
op.append.latency.p999: 1.4934015e7 ns
op.append.service.p99: 7200767.0 ns
op.append.throughput: 700.7235808841336 ops/s
op.append.units-throughput: 700.7235808841336 units/s
op.browse.error-rate: 0.0 ratio
op.browse.latency.max: 1481593.0 ns
op.browse.latency.mean: 365190.5752688172 ns
op.browse.latency.p50: 327679.0 ns
op.browse.latency.p90: 503551.0 ns
op.browse.latency.p95: 581631.0 ns
op.browse.latency.p99: 829439.0 ns
op.browse.latency.p999: 1481593.0 ns
op.browse.service.p99: 829439.0 ns
op.browse.throughput: 3.0487622466537747 ops/s
op.browse.units-throughput: 22.357589808794348 units/s
pg.checkpoints-in-window: 0.0 count
pg.wal-bytes-per-op: 1912.5541503633317 bytes/op
proc.cpu-utilisation: 7.548145239699265e-2 ratio
proc.rss-max: 3.2835584e8 bytes
rts.alloc-bytes-per-op: 145858.39072107326 bytes/op
rts.alloc-rate: 1.0265110140305561e8 bytes/s
rts.gc-productivity: 0.9971700848339625 ratio
rts.live-bytes-major-mean: 1.0892146e7 bytes
rts.max-live-bytes: 1.3695408e7 bytes
comparison 01a127e5-90a8-7790-94ff-fde1448df1e6  verdict: inconclusive
op.append.latency.p50  inconclusive  ratio=0.9827589578943383
op.append.latency.p95  inconclusive  ratio=0.9839768209661397
op.append.latency.p99  inconclusive  ratio=1.001677662039566
op.append.throughput  inconclusive  ratio=0.9772725001524896
reason: fewer than the required number of pairs
reason: an input run is below the required evidence grade
reason: an input run has a soft health observation
