grade: benchmark
op.append.error-rate: 0.0 ratio
op.append.latency.max: 7.516449e7 ns
op.append.latency.mean: 5751975.692494575 ns
op.append.latency.p50: 5697535.0 ns
op.append.latency.p90: 6197247.0 ns
op.append.latency.p95: 6381567.0 ns
op.append.latency.p99: 6950911.0 ns
op.append.latency.p999: 1.5171583e7 ns
op.append.service.p99: 6950911.0 ns
op.append.throughput: 694.9604127863819 ops/s
op.append.units-throughput: 694.9604127863819 units/s
pg.checkpoints-in-window: 0.0 count
pg.wal-bytes-per-op: 2077.72398339466 bytes/op
proc.cpu-utilisation: 6.085575366707809e-2 ratio
proc.rss-max: 3.07191808e8 bytes
rts.alloc-bytes-per-op: 92274.93027644117 bytes/op
rts.alloc-rate: 6.4127423634750165e7 bytes/s
rts.gc-productivity: 0.9981470833654212 ratio
rts.live-bytes-major-mean: 8889064.0 bytes
rts.max-live-bytes: 1.3690664e7 bytes
grade: benchmark
op.append.error-rate: 0.0 ratio
op.append.latency.max: 8.0537983e7 ns
op.append.latency.mean: 5699334.149063968 ns
op.append.latency.p50: 5644287.0 ns
op.append.latency.p90: 6111231.0 ns
op.append.latency.p95: 6299647.0 ns
op.append.latency.p99: 6905855.0 ns
op.append.latency.p999: 1.4893055e7 ns
op.append.service.p99: 6905855.0 ns
op.append.throughput: 701.3735153785818 ops/s
op.append.units-throughput: 701.3735153785818 units/s
pg.checkpoints-in-window: 0.0 count
pg.wal-bytes-per-op: 2118.6573959380185 bytes/op
proc.cpu-utilisation: 5.4954886070691926e-2 ratio
proc.rss-max: 3.20155648e8 bytes
rts.alloc-bytes-per-op: 91993.51840512305 bytes/op
rts.alloc-rate: 6.452181739584542e7 bytes/s
rts.gc-productivity: 0.9981755419935707 ratio
rts.live-bytes-major-mean: 8226560.0 bytes
rts.max-live-bytes: 1.3694752e7 bytes
grade: benchmark
op.append.error-rate: 0.0 ratio
op.append.latency.max: 8.5083135e7 ns
op.append.latency.mean: 5708465.27269535 ns
op.append.latency.p50: 5648383.0 ns
op.append.latency.p90: 6139903.0 ns
op.append.latency.p95: 6324223.0 ns
op.append.latency.p99: 6852607.0 ns
op.append.latency.p999: 1.5245311e7 ns
op.append.service.p99: 6852607.0 ns
op.append.throughput: 700.2316296745456 ops/s
op.append.units-throughput: 700.2316296745456 units/s
pg.checkpoints-in-window: 0.0 count
pg.wal-bytes-per-op: 2131.4891380682616 bytes/op
proc.cpu-utilisation: 5.417541870111835e-2 ratio
proc.rss-max: 3.03669248e8 bytes
rts.alloc-bytes-per-op: 92240.56781684536 bytes/op
rts.alloc-rate: 6.4589763124495074e7 bytes/s
rts.gc-productivity: 0.998049621455162 ratio
rts.live-bytes-major-mean: 8635781.333333334 bytes
rts.max-live-bytes: 1.3695024e7 bytes
grade: benchmark
op.append.error-rate: 0.0 ratio
op.append.latency.max: 7.7213411e7 ns
op.append.latency.mean: 5623687.1880678935 ns
op.append.latency.p50: 5566463.0 ns
op.append.latency.p90: 6070271.0 ns
op.append.latency.p95: 6250495.0 ns
op.append.latency.p99: 6746111.0 ns
op.append.latency.p999: 1.5155199e7 ns
op.append.service.p99: 6746111.0 ns
op.append.throughput: 710.7960999586705 ops/s
op.append.units-throughput: 710.7960999586705 units/s
pg.checkpoints-in-window: 0.0 count
pg.wal-bytes-per-op: 2066.3232323232323 bytes/op
proc.cpu-utilisation: 5.47497572497108e-2 ratio
proc.rss-max: 3.20270336e8 bytes
rts.alloc-bytes-per-op: 90652.93907107606 bytes/op
rts.alloc-rate: 6.443575554151185e7 bytes/s
rts.gc-productivity: 0.9980352510952896 ratio
rts.live-bytes-major-mean: 8034429.333333333 bytes
rts.max-live-bytes: 1.3694736e7 bytes
grade: benchmark
op.append.error-rate: 0.0 ratio
op.append.latency.max: 6.8399577e7 ns
op.append.latency.mean: 5661457.642807392 ns
op.append.latency.p50: 5603327.0 ns
op.append.latency.p90: 6066175.0 ns
op.append.latency.p95: 6242303.0 ns
op.append.latency.p99: 6852607.0 ns
op.append.latency.p999: 1.5147007e7 ns
op.append.service.p99: 6852607.0 ns
op.append.throughput: 706.0485551457144 ops/s
op.append.units-throughput: 706.0485551457144 units/s
pg.checkpoints-in-window: 0.0 count
pg.wal-bytes-per-op: 2080.927214895988 bytes/op
proc.cpu-utilisation: 8.601852231443016e-2 ratio
proc.rss-max: 2.98549248e8 bytes
rts.alloc-bytes-per-op: 89959.23625557206 bytes/op
rts.alloc-rate: 6.3515588780258626e7 bytes/s
rts.gc-productivity: 0.9980903293838663 ratio
rts.live-bytes-major-mean: 9155912.0 bytes
rts.max-live-bytes: 1.3694696e7 bytes
grade: benchmark
op.append.error-rate: 0.0 ratio
op.append.latency.max: 8.8495164e7 ns
op.append.latency.mean: 5832155.245019492 ns
op.append.latency.p50: 5763071.0 ns
op.append.latency.p90: 6311935.0 ns
op.append.latency.p95: 6529023.0 ns
op.append.latency.p99: 7299071.0 ns
op.append.latency.p999: 1.5359999e7 ns
op.append.service.p99: 7299071.0 ns
op.append.throughput: 685.3913481326066 ops/s
op.append.units-throughput: 685.3913481326066 units/s
pg.checkpoints-in-window: 0.0 count
pg.wal-bytes-per-op: 2125.3250424509124 bytes/op
proc.cpu-utilisation: 5.327342887214434e-2 ratio
proc.rss-max: 3.04246784e8 bytes
rts.alloc-bytes-per-op: 90509.34800181762 bytes/op
rts.alloc-rate: 6.203432404556902e7 bytes/s
rts.gc-productivity: 0.9981571358006389 ratio
rts.live-bytes-major-mean: 8018242.666666667 bytes
rts.max-live-bytes: 1.3695064e7 bytes
grade: benchmark
op.append.error-rate: 0.0 ratio
op.append.latency.max: 7.6239388e7 ns
op.append.latency.mean: 5791977.470142518 ns
op.append.latency.p50: 5730303.0 ns
op.append.latency.p90: 6266879.0 ns
op.append.latency.p95: 6463487.0 ns
op.append.latency.p99: 7053311.0 ns
op.append.latency.p999: 1.4622719e7 ns
op.append.service.p99: 7053311.0 ns
op.append.throughput: 690.1044042554612 ops/s
op.append.units-throughput: 690.1044042554612 units/s
pg.checkpoints-in-window: 0.0 count
pg.wal-bytes-per-op: 2138.9893111638953 bytes/op
proc.cpu-utilisation: 5.954404390636492e-2 ratio
proc.rss-max: 3.13745408e8 bytes
rts.alloc-bytes-per-op: 93482.50185273158 bytes/op
rts.alloc-rate: 6.451268624938939e7 bytes/s
rts.gc-productivity: 0.9981248681242221 ratio
rts.live-bytes-major-mean: 8300717.333333333 bytes
rts.max-live-bytes: 1.369704e7 bytes
grade: benchmark
op.append.error-rate: 0.0 ratio
op.append.latency.max: 7.7168401e7 ns
op.append.latency.mean: 5751052.181481569 ns
op.append.latency.p50: 5685247.0 ns
op.append.latency.p90: 6238207.0 ns
op.append.latency.p95: 6430719.0 ns
op.append.latency.p99: 6950911.0 ns
op.append.latency.p999: 1.5138815e7 ns
op.append.service.p99: 6950911.0 ns
op.append.throughput: 695.0450371309203 ops/s
op.append.units-throughput: 695.0450371309203 units/s
pg.checkpoints-in-window: 0.0 count
pg.wal-bytes-per-op: 2099.571095021344 bytes/op
proc.cpu-utilisation: 6.028226041954103e-2 ratio
proc.rss-max: 3.12733696e8 bytes
rts.alloc-bytes-per-op: 92372.0821678734 bytes/op
rts.alloc-rate: 6.4202757280229986e7 bytes/s
rts.gc-productivity: 0.998070333894412 ratio
rts.live-bytes-major-mean: 8999442.666666666 bytes
rts.max-live-bytes: 1.3694752e7 bytes
grade: benchmark
op.append.error-rate: 0.0 ratio
op.append.latency.max: 7.2347322e7 ns
op.append.latency.mean: 5872461.405620846 ns
op.append.latency.p50: 5812223.0 ns
op.append.latency.p90: 6324223.0 ns
op.append.latency.p95: 6516735.0 ns
op.append.latency.p99: 7094271.0 ns
op.append.latency.p999: 1.4942207e7 ns
op.append.service.p99: 7094271.0 ns
op.append.throughput: 680.6653626125886 ops/s
op.append.units-throughput: 680.6653626125886 units/s
pg.checkpoints-in-window: 0.0 count
pg.wal-bytes-per-op: 2071.9969896927078 bytes/op
proc.cpu-utilisation: 5.9380364995282306e-2 ratio
proc.rss-max: 3.14896384e8 bytes
rts.alloc-bytes-per-op: 90644.98083036316 bytes/op
rts.alloc-rate: 6.1698898745910294e7 bytes/s
rts.gc-productivity: 0.9981546939274211 ratio
rts.live-bytes-major-mean: 8952802.666666666 bytes
rts.max-live-bytes: 1.3694712e7 bytes
grade: benchmark
op.append.error-rate: 0.0 ratio
op.append.latency.max: 7.8812109e7 ns
op.append.latency.mean: 5822191.054125681 ns
op.append.latency.p50: 5763071.0 ns
op.append.latency.p90: 6270975.0 ns
op.append.latency.p95: 6467583.0 ns
op.append.latency.p99: 7081983.0 ns
op.append.latency.p999: 1.4876671e7 ns
op.append.service.p99: 7081983.0 ns
op.append.throughput: 686.5689938914379 ops/s
op.append.units-throughput: 686.5689938914379 units/s
pg.checkpoints-in-window: 0.0 count
pg.wal-bytes-per-op: 2129.924099894948 bytes/op
proc.cpu-utilisation: 5.380724673977283e-2 ratio
proc.rss-max: 3.00150784e8 bytes
rts.alloc-bytes-per-op: 90413.9067901824 bytes/op
rts.alloc-rate: 6.207538501872978e7 bytes/s
rts.gc-productivity: 0.9982140159513305 ratio
rts.live-bytes-major-mean: 8268912.0 bytes
rts.max-live-bytes: 1.3695024e7 bytes
