phase: Resetting
phase: Fetching
phase: Running
phase: Publishing
phase: Sealed
phase: Resetting
phase: Fetching
phase: Running
phase: Publishing
phase: Sealed
phase: Resetting
phase: Fetching
phase: Running
phase: Publishing
phase: Sealed
phase: Accepted
phase: Resetting
phase: Fetching
phase: Running
phase: Publishing
phase: Sealed
phase: Resetting
phase: Fetching
phase: Running
phase: Publishing
phase: Sealed
phase: Resetting
phase: Fetching
phase: Running
phase: Publishing
phase: Sealed
phase: Resetting
phase: Fetching
phase: Running
phase: Publishing
phase: Sealed
phase: Resetting
phase: Fetching
phase: Running
phase: Publishing
phase: Sealed
phase: Resetting
phase: Fetching
phase: Running
phase: Publishing
phase: Sealed
phase: Resetting
phase: Fetching
phase: Running
phase: Publishing
phase: Sealed
session 01a127c3-cfd0-7038-8edd-008b4768788d verified; journal /private/tmp/mp13-index-experiment-20261010/fresh/session/session.json
