building '/nix/store/hl0ij81xab0hxlwjwsxr50l7h7xa3lh8-kenshou-mp12-cell-source.drv' on 'ssh://builder@nix-gcp-builder'...
copying 1 paths...
copying path '/nix/store/hfimwp4g0qihivgl9a6l46nglvg759n0-source' to 'ssh://builder@nix-gcp-builder'...
copying 1 paths...
copying path '/nix/store/xcqbd0n0l6gfgp7qav7jm6r7s0xxwlhw-kenshou-mp12-cell-source' from 'ssh://builder@nix-gcp-builder'...
building '/nix/store/jf5sx76dqgp7b6w09rg8c56dayifhcwa-cabal2nix-kenshou-mp12-cell.drv' on 'ssh://builder@nix-gcp-builder'...
copying 1 paths...
copying path '/nix/store/h8fhq2anrwm33w1bwgp78ix5sl6fhn38-cabal2nix-kenshou-mp12-cell' from 'ssh://builder@nix-gcp-builder'...
building '/nix/store/q7pgd8a18dhj3qz43kbqi47amvaxvrc3-cabal2nix-kiroku-store.drv' on 'ssh://builder@nix-gcp-builder'...
copying 1 paths...
copying path '/nix/store/l8mcszx2cnl10pwjl0j6wvhfqnvn6vd2-kiroku-store-mp12-source' to 'ssh://builder@nix-gcp-builder'...
copying 1 paths...
copying path '/nix/store/6h94gaasza665561nsryinckq71nsh4k-cabal2nix-kiroku-store' from 'ssh://builder@nix-gcp-builder'...
building '/nix/store/lc6prp171l1d8ds0bs3dr3wkabd5x51v-cabal2nix-kiroku-metrics.drv' on 'ssh://builder@nix-gcp-builder'...
copying 1 paths...
copying path '/nix/store/ichrnsqzpjrqs4ll00lrhk4ld6hmyi4d-kiroku-metrics-mp12-source' to 'ssh://builder@nix-gcp-builder'...
copying 1 paths...
copying path '/nix/store/blv54vsdhyqx36gzk6si2lrf15pa40il-cabal2nix-kiroku-metrics' from 'ssh://builder@nix-gcp-builder'...
these 10 derivations will be built:
  /nix/store/7dzc0mwaa419bbbqkc66ig8l67rn3azk-kiroku-store-migrations-0.7.0.0.drv
  /nix/store/97zh6wrqr4j8xd0jx4fy19v3432lp28v-kiroku-store-0.10.0.0.drv
  /nix/store/dsivsxx0rbm84212wvz120qzzzi66hga-shibuya-kiroku-adapter-0.6.0.0.drv
  /nix/store/rbm6k8izwn8rfglcmq8qhakbd2fim3s1-keiro-migrations-0.17.0.0.drv
  /nix/store/x1fs9xajajzrjkwcfnwwrgg6kb9q4y9f-kenshou-core-0.1.0.0.drv
  /nix/store/hy88ga4rlp8f1wxj9h4nw2qm0f7469j2-kenshou-measure-0.1.0.0.drv
  /nix/store/iv9zqfxw5q5swqzliisi7fh2rfsxhv01-kenshou-remote-0.1.0.0.drv
  /nix/store/ppxf6x0dwyvn8fvsvaynbdn55ba5nl6k-kenshou-mp12-cell-0.1.0.0.drv
  /nix/store/q88cmqssjmx6lwv1l5b9s1qsvnvxq9c0-kenshou-head-cohort-identity.json.drv
  /nix/store/iccyrm4rffg8zcv0q3r0b8mdb66368ay-kiroku-mp12-head.drv
building '/nix/store/q88cmqssjmx6lwv1l5b9s1qsvnvxq9c0-kenshou-head-cohort-identity.json.drv' on 'ssh://builder@nix-gcp-builder'...
building '/nix/store/97zh6wrqr4j8xd0jx4fy19v3432lp28v-kiroku-store-0.10.0.0.drv' on 'ssh://builder@nix-gcp-builder'...
building '/nix/store/7dzc0mwaa419bbbqkc66ig8l67rn3azk-kiroku-store-migrations-0.7.0.0.drv' on 'ssh://builder@nix-gcp-builder'...
copying 1 paths...
copying path '/nix/store/pimr02hasihiz5iy96p5k8sh3b19fzfr-kenshou-head-cohort-identity.json' from 'ssh://builder@nix-gcp-builder'...
copying 3 paths...
copying path '/nix/store/76xr91p9n8ywwsv0w69afmx47dzphvdc-kiroku-store-mp12-source' to 'ssh://builder@nix-gcp-builder'...
copying path '/nix/store/6n7qa9xf10kf67vgqry242yq5lvwp064-hscolour-1.25' to 'ssh://builder@nix-gcp-builder'...
copying path '/nix/store/p0k8wbl8vi4b784g2d1cbxa0l0089biy-jailbreak-cabal-1.4.1' to 'ssh://builder@nix-gcp-builder'...
copying 1 paths...
copying path '/nix/store/lskx4y15jmmis82zg4v6q2d5hbn51srs-kiroku-store-migrations-mp12-source' to 'ssh://builder@nix-gcp-builder'...
copying 1 paths...
copying path '/nix/store/bw89v3cj6nq3g2hc424n4fmyc62bfk8f-kiroku-store-migrations-0.7.0.0' from 'ssh://builder@nix-gcp-builder'...
copying 1 paths...
copying path '/nix/store/fgdchgppm877yqm3ppzdbf9alj0lv3dy-kiroku-store-0.10.0.0' from 'ssh://builder@nix-gcp-builder'...
building '/nix/store/rbm6k8izwn8rfglcmq8qhakbd2fim3s1-keiro-migrations-0.17.0.0.drv' on 'ssh://builder@nix-gcp-builder'...
building '/nix/store/dsivsxx0rbm84212wvz120qzzzi66hga-shibuya-kiroku-adapter-0.6.0.0.drv' on 'ssh://builder@nix-gcp-builder'...
copying 1 paths...
copying path '/nix/store/hr6pg49h8cx2mjnprizfxk283ar7ylzd-keiro-migrations-0.17.0.0' from 'ssh://builder@nix-gcp-builder'...
building '/nix/store/x1fs9xajajzrjkwcfnwwrgg6kb9q4y9f-kenshou-core-0.1.0.0.drv' on 'ssh://builder@nix-gcp-builder'...
copying 1 paths...
copying path '/nix/store/z8w7k9agrsqyrfsb91r852482s79ggzg-shibuya-kiroku-adapter-0.6.0.0' from 'ssh://builder@nix-gcp-builder'...
copying 1 paths...
copying path '/nix/store/nb3ci3zlf6d4x37cmbh1dmdczpqgm0x0-kenshou-core-0.1.0.0' from 'ssh://builder@nix-gcp-builder'...
building '/nix/store/hy88ga4rlp8f1wxj9h4nw2qm0f7469j2-kenshou-measure-0.1.0.0.drv' on 'ssh://builder@nix-gcp-builder'...
copying 1 paths...
copying path '/nix/store/6qxlgr6c2l27v8rcrz2yh6vqcc9lbr8j-kenshou-measure-0.1.0.0' from 'ssh://builder@nix-gcp-builder'...
building '/nix/store/iv9zqfxw5q5swqzliisi7fh2rfsxhv01-kenshou-remote-0.1.0.0.drv' on 'ssh://builder@nix-gcp-builder'...
copying 1 paths...
copying path '/nix/store/vyiz9gi1j1dj7bjd9sxldnyklvd821la-kenshou-remote-0.1.0.0' from 'ssh://builder@nix-gcp-builder'...
building '/nix/store/ppxf6x0dwyvn8fvsvaynbdn55ba5nl6k-kenshou-mp12-cell-0.1.0.0.drv' on 'ssh://builder@nix-gcp-builder'...
error: build of '/nix/store/ppxf6x0dwyvn8fvsvaynbdn55ba5nl6k-kenshou-mp12-cell-0.1.0.0.drv' on 'ssh://builder@nix-gcp-builder' failed: Cannot build '/nix/store/ppxf6x0dwyvn8fvsvaynbdn55ba5nl6k-kenshou-mp12-cell-0.1.0.0.drv'.
       Reason: builder failed with exit code 1.
       Output paths:
         /nix/store/ms8gbdsl6c28ypyv9r3k85ya8ldibwfx-kenshou-mp12-cell-0.1.0.0
       Last 25 log lines:
       >     It could refer to
       >        either the field ‘id’ of record ‘StreamInfo’,
       >               imported from ‘Kiroku.Store’ at src/IndexResearch.hs:24:59-73
       >               (and originally defined in ‘Kiroku.Store.Types’),
       >            or ‘Prelude.id’,
       >               imported from ‘Prelude’ at src/IndexResearch.hs:2:8-20
       >               (and originally defined in ‘ghc-internal-9.1204.0:GHC.Internal.Base’).
       >    |
       > 44 |     name = either (error . show) id . mkKnobName
       >    |                                  ^^
       >
       > src/IndexResearch.hs:137:42: error: [GHC-87543]
       >     Ambiguous occurrence ‘id’.
       >     It could refer to
       >        either the field ‘id’ of record ‘StreamInfo’,
       >               imported from ‘Kiroku.Store’ at src/IndexResearch.hs:24:59-73
       >               (and originally defined in ‘Kiroku.Store.Types’),
       >            or ‘Prelude.id’,
       >               imported from ‘Prelude’ at src/IndexResearch.hs:2:8-20
       >               (and originally defined in ‘ghc-internal-9.1204.0:GHC.Internal.Base’).
       >     |
       > 137 |         let size = either (error . show) id (mkBrowsePageSize 11)
       >     |                                          ^^
       >
       > [2 of 4] Compiling Kenshou.Suite.Kiroku.Bench.Hardening ( src/Kenshou/Suite/Kiroku/Bench/Hardening.hs, dist/build/kenshou/kenshou-tmp/Kenshou/Suite/Kiroku/Bench/Hardening.o )
       For full logs, run:
         nix log /nix/store/ppxf6x0dwyvn8fvsvaynbdn55ba5nl6k-kenshou-mp12-cell-0.1.0.0.drv
error: Cannot build '/nix/store/ppxf6x0dwyvn8fvsvaynbdn55ba5nl6k-kenshou-mp12-cell-0.1.0.0.drv'.
       Reason: builder failed with exit code 1.
       Output paths:
         /nix/store/ms8gbdsl6c28ypyv9r3k85ya8ldibwfx-kenshou-mp12-cell-0.1.0.0
       Last 25 log lines:
       >     It could refer to
       >        either the field ‘id’ of record ‘StreamInfo’,
       >               imported from ‘Kiroku.Store’ at src/IndexResearch.hs:24:59-73
       >               (and originally defined in ‘Kiroku.Store.Types’),
       >            or ‘Prelude.id’,
       >               imported from ‘Prelude’ at src/IndexResearch.hs:2:8-20
       >               (and originally defined in ‘ghc-internal-9.1204.0:GHC.Internal.Base’).
       >    |
       > 44 |     name = either (error . show) id . mkKnobName
       >    |                                  ^^
       >
       > src/IndexResearch.hs:137:42: error: [GHC-87543]
       >     Ambiguous occurrence ‘id’.
       >     It could refer to
       >        either the field ‘id’ of record ‘StreamInfo’,
       >               imported from ‘Kiroku.Store’ at src/IndexResearch.hs:24:59-73
       >               (and originally defined in ‘Kiroku.Store.Types’),
       >            or ‘Prelude.id’,
       >               imported from ‘Prelude’ at src/IndexResearch.hs:2:8-20
       >               (and originally defined in ‘ghc-internal-9.1204.0:GHC.Internal.Base’).
       >     |
       > 137 |         let size = either (error . show) id (mkBrowsePageSize 11)
       >     |                                          ^^
       >
       > [2 of 4] Compiling Kenshou.Suite.Kiroku.Bench.Hardening ( src/Kenshou/Suite/Kiroku/Bench/Hardening.hs, dist/build/kenshou/kenshou-tmp/Kenshou/Suite/Kiroku/Bench/Hardening.o )
       For full logs, run:
         nix log /nix/store/ppxf6x0dwyvn8fvsvaynbdn55ba5nl6k-kenshou-mp12-cell-0.1.0.0.drv
❌ git+file:///Users/shinzui/Keikaku/bokuno/kiroku-project/kiroku?dir=bench/mp13-index#packages.x86_64-linux.kenshou-head
error: Cannot build '/nix/store/iccyrm4rffg8zcv0q3r0b8mdb66368ay-kiroku-mp12-head.drv'.
       Reason: 1 dependency failed.
       Output paths:
         /nix/store/gmwnkq29zb0w6vpqyc2s52cgyrh978rd-kiroku-mp12-head
