{"at": 1791677016.249432, "remaining_seconds": 3061.418892145157, "verified": 0, "active_run": null, "phase": null, "instance_states": ["TERMINATED", "TERMINATED"]}
{"at": 1791677046.984373, "remaining_seconds": 3030.683890104294, "verified": 0, "active_run": "01a12845-df60-75ca-8939-26aa05b0292f", "phase": null, "instance_states": ["RUNNING", "RUNNING"]}
{"at": 1791677078.392684, "remaining_seconds": 2999.275614976883, "verified": 0, "active_run": "01a12845-df60-75ca-8939-26aa05b0292f", "phase": null, "instance_states": ["RUNNING", "RUNNING"]}
{"at": 1791677108.505804, "remaining_seconds": 2969.162472963333, "verified": 0, "active_run": "01a12845-df60-75ca-8939-26aa05b0292f", "phase": "fetching", "instance_states": ["RUNNING", "RUNNING"]}
{"at": 1791677141.087051, "remaining_seconds": 2936.5811281204224, "verified": 0, "active_run": "01a12845-df60-75ca-8939-26aa05b0292f", "phase": "running", "instance_states": ["RUNNING", "RUNNING"]}
{"at": 1791677170.815937, "remaining_seconds": 2906.8523190021515, "verified": 0, "active_run": "01a12845-df60-75ca-8939-26aa05b0292f", "phase": "running", "instance_states": ["RUNNING", "RUNNING"]}
{"at": 1791677201.8357959, "remaining_seconds": 2875.8323941230774, "verified": 0, "active_run": "01a12845-df60-75ca-8939-26aa05b0292f", "phase": "sealed", "instance_states": ["RUNNING", "RUNNING"]}
{"at": 1791677208.5713332, "remaining_seconds": 2869.096915960312, "verified": 0, "active_run": null, "phase": null, "instance_states": ["RUNNING", "RUNNING"]}
{"at": 1791677241.20013, "remaining_seconds": 2836.468024253845, "verified": 0, "active_run": "01a12848-b047-70d2-afc8-4d70120500e5", "phase": null, "instance_states": ["RUNNING", "RUNNING"]}
{"at": 1791677271.684324, "remaining_seconds": 2805.983808994293, "verified": 0, "active_run": "01a12848-b047-70d2-afc8-4d70120500e5", "phase": "running", "instance_states": ["RUNNING", "RUNNING"]}
{"at": 1791677300.9471302, "remaining_seconds": 2776.7210822105408, "verified": 0, "active_run": "01a12848-b047-70d2-afc8-4d70120500e5", "phase": "running", "instance_states": ["RUNNING", "RUNNING"]}
{"at": 1791677331.171552, "remaining_seconds": 2746.496685028076, "verified": 0, "active_run": "01a12848-b047-70d2-afc8-4d70120500e5", "phase": "running", "instance_states": ["RUNNING", "RUNNING"]}
{"at": 1791677361.267745, "remaining_seconds": 2716.400552034378, "verified": 1, "active_run": "01a12848-b047-70d2-b2d4-b893a9c4b9e5", "phase": null, "instance_states": ["RUNNING", "RUNNING"]}
{"at": 1791677391.228866, "remaining_seconds": 2686.4394121170044, "verified": 1, "active_run": "01a12848-b047-70d2-b2d4-b893a9c4b9e5", "phase": "fetching", "instance_states": ["RUNNING", "RUNNING"]}
{"at": 1791677422.0413609, "remaining_seconds": 2655.626939058304, "verified": 1, "active_run": "01a12848-b047-70d2-b2d4-b893a9c4b9e5", "phase": "running", "instance_states": ["RUNNING", "RUNNING"]}
{"at": 1791677452.810409, "remaining_seconds": 2624.857894897461, "verified": 1, "active_run": "01a12848-b047-70d2-b2d4-b893a9c4b9e5", "phase": "running", "instance_states": ["RUNNING", "RUNNING"]}
{"at": 1791677483.970505, "remaining_seconds": 2593.697767019272, "verified": 1, "active_run": "01a12848-b047-70d2-b2d4-b893a9c4b9e5", "phase": "sealed", "instance_states": ["RUNNING", "RUNNING"]}
{"at": 1791677514.0560582, "remaining_seconds": 2563.612165927887, "verified": 2, "active_run": "01a12848-b047-70d2-b721-9bf98ce4ba17", "phase": null, "instance_states": ["RUNNING", "RUNNING"]}
{"at": 1791677544.672436, "remaining_seconds": 3432.9958431720734, "verified": 2, "active_run": "01a12848-b047-70d2-b721-9bf98ce4ba17", "phase": "running", "instance_states": ["RUNNING", "RUNNING"]}
{"at": 1791677574.6274529, "remaining_seconds": 3403.040839910507, "verified": 2, "active_run": "01a12848-b047-70d2-b721-9bf98ce4ba17", "phase": "running", "instance_states": ["RUNNING", "RUNNING"]}
{"at": 1791677605.723152, "remaining_seconds": 3371.945172071457, "verified": 2, "active_run": "01a12848-b047-70d2-b721-9bf98ce4ba17", "phase": "running", "instance_states": ["RUNNING", "RUNNING"]}
{"at": 1791677638.066171, "remaining_seconds": 3339.602063894272, "verified": 3, "active_run": "01a12848-b047-70d2-bb82-391fab2e477c", "phase": null, "instance_states": ["RUNNING", "RUNNING"]}
{"at": 1791677666.995467, "remaining_seconds": 3310.6725420951843, "verified": 3, "active_run": "01a12848-b047-70d2-bb82-391fab2e477c", "phase": "fetching", "instance_states": ["RUNNING", "RUNNING"]}
{"at": 1791677698.5511181, "remaining_seconds": 3279.1171588897705, "verified": 3, "active_run": "01a12848-b047-70d2-bb82-391fab2e477c", "phase": "running", "instance_states": ["RUNNING", "RUNNING"]}
{"at": 1791677730.5137842, "remaining_seconds": 3247.154359102249, "verified": 3, "active_run": "01a12848-b047-70d2-bb82-391fab2e477c", "phase": "running", "instance_states": ["RUNNING", "RUNNING"]}
{"at": 1791677761.267641, "remaining_seconds": 3216.400280237198, "verified": 3, "active_run": "01a12848-b047-70d2-bb82-391fab2e477c", "phase": "sealed", "instance_states": ["RUNNING", "RUNNING"]}
{"at": 1791677789.874769, "remaining_seconds": 3187.793471097946, "verified": 4, "active_run": "01a12848-b047-70d2-bc2c-beb3aa5612e7", "phase": null, "instance_states": ["RUNNING", "RUNNING"]}
{"at": 1791677820.665497, "remaining_seconds": 3157.00279712677, "verified": 4, "active_run": "01a12848-b047-70d2-bc2c-beb3aa5612e7", "phase": "running", "instance_states": ["RUNNING", "RUNNING"]}
{"at": 1791677850.734213, "remaining_seconds": 3126.934079170227, "verified": 4, "active_run": "01a12848-b047-70d2-bc2c-beb3aa5612e7", "phase": "running", "instance_states": ["RUNNING", "RUNNING"]}
{"at": 1791677880.584266, "remaining_seconds": 3097.0840270519257, "verified": 4, "active_run": "01a12848-b047-70d2-bc2c-beb3aa5612e7", "phase": "running", "instance_states": ["RUNNING", "RUNNING"]}
{"at": 1791677912.010721, "remaining_seconds": 3065.657404899597, "verified": 5, "active_run": "01a12848-b047-70d3-82ad-fba25ee870bd", "phase": null, "instance_states": ["RUNNING", "RUNNING"]}
{"at": 1791677942.103384, "remaining_seconds": 3035.5649740695953, "verified": 5, "active_run": "01a12848-b047-70d3-82ad-fba25ee870bd", "phase": "fetching", "instance_states": ["RUNNING", "RUNNING"]}
{"at": 1791677973.223656, "remaining_seconds": 3004.444703102112, "verified": 5, "active_run": "01a12848-b047-70d3-82ad-fba25ee870bd", "phase": "running", "instance_states": ["RUNNING", "RUNNING"]}
{"at": 1791678002.4361448, "remaining_seconds": 2975.2321600914, "verified": 5, "active_run": "01a12848-b047-70d3-82ad-fba25ee870bd", "phase": "running", "instance_states": ["RUNNING", "RUNNING"]}
{"at": 1791678032.41411, "remaining_seconds": 2945.254199028015, "verified": 5, "active_run": "01a12848-b047-70d3-82ad-fba25ee870bd", "phase": "sealed", "instance_states": ["RUNNING", "RUNNING"]}
{"at": 1791678063.260586, "remaining_seconds": 2914.4077022075653, "verified": 6, "active_run": "01a12848-b047-70d3-86e5-6cbbf056599f", "phase": "resetting", "instance_states": ["RUNNING", "RUNNING"]}
{"at": 1791678093.889666, "remaining_seconds": 2883.778669118881, "verified": 6, "active_run": "01a12848-b047-70d3-86e5-6cbbf056599f", "phase": "running", "instance_states": ["RUNNING", "RUNNING"]}
{"at": 1791678124.932498, "remaining_seconds": 2852.7358059883118, "verified": 6, "active_run": "01a12848-b047-70d3-86e5-6cbbf056599f", "phase": "running", "instance_states": ["RUNNING", "RUNNING"]}
{"at": 1791678155.179573, "remaining_seconds": 2822.4886770248413, "verified": 6, "active_run": "01a12848-b047-70d3-86e5-6cbbf056599f", "phase": "running", "instance_states": ["RUNNING", "RUNNING"]}
{"at": 1791678185.072614, "remaining_seconds": 2792.595695257187, "verified": 7, "active_run": "01a12848-b047-70d3-89a8-8cc7e0ea41a7", "phase": null, "instance_states": ["RUNNING", "RUNNING"]}
{"at": 1791678216.627368, "remaining_seconds": 2761.040910243988, "verified": 7, "active_run": "01a12848-b047-70d3-89a8-8cc7e0ea41a7", "phase": "fetching", "instance_states": ["RUNNING", "RUNNING"]}
{"at": 1791678246.771123, "remaining_seconds": 2730.897003173828, "verified": 7, "active_run": "01a12848-b047-70d3-89a8-8cc7e0ea41a7", "phase": "running", "instance_states": ["RUNNING", "RUNNING"]}
{"at": 1791678277.409659, "remaining_seconds": 2700.258619070053, "verified": 7, "active_run": "01a12848-b047-70d3-89a8-8cc7e0ea41a7", "phase": "running", "instance_states": ["RUNNING", "RUNNING"]}
{"at": 1791678307.7046568, "remaining_seconds": 2669.9636330604553, "verified": 8, "active_run": "01a12848-b047-70d3-8e80-08f6b6881671", "phase": null, "instance_states": ["RUNNING", "RUNNING"]}
{"at": 1791678338.831977, "remaining_seconds": 2638.8362970352173, "verified": 8, "active_run": "01a12848-b047-70d3-8e80-08f6b6881671", "phase": "fetching", "instance_states": ["RUNNING", "RUNNING"]}
{"at": 1791678368.4126568, "remaining_seconds": 2609.255583047867, "verified": 8, "active_run": "01a12848-b047-70d3-8e80-08f6b6881671", "phase": "running", "instance_states": ["RUNNING", "RUNNING"]}
{"at": 1791678399.4488618, "remaining_seconds": 2578.219372034073, "verified": 8, "active_run": "01a12848-b047-70d3-8e80-08f6b6881671", "phase": "running", "instance_states": ["RUNNING", "RUNNING"]}
{"at": 1791678429.3107781, "remaining_seconds": 2548.357533931732, "verified": 8, "active_run": "01a12848-b047-70d3-8e80-08f6b6881671", "phase": "sealed", "instance_states": ["RUNNING", "RUNNING"]}
{"at": 1791678459.984426, "remaining_seconds": 2517.68386220932, "verified": 9, "active_run": "01a12848-b047-70d3-9267-df1e390114e5", "phase": null, "instance_states": ["RUNNING", "RUNNING"]}
{"at": 1791678490.3753972, "remaining_seconds": 2487.2929100990295, "verified": 9, "active_run": "01a12848-b047-70d3-9267-df1e390114e5", "phase": "running", "instance_states": ["RUNNING", "RUNNING"]}
{"at": 1791678520.479852, "remaining_seconds": 2457.188476085663, "verified": 9, "active_run": "01a12848-b047-70d3-9267-df1e390114e5", "phase": "running", "instance_states": ["RUNNING", "RUNNING"]}
{"at": 1791678550.1782038, "remaining_seconds": 2427.490093231201, "verified": 9, "active_run": "01a12848-b047-70d3-9267-df1e390114e5", "phase": "running", "instance_states": ["RUNNING", "RUNNING"]}
{"case": "fresh", "verdict": "inconclusive", "pairs": 5, "costEstimates": {"purpose": "cost estimation; distinct from the unchanged zero-slowdown policy verdict", "confidenceLevel": 0.95, "pairs": 5, "policyVerdict": "inconclusive", "metrics": {"op.append.latency.p50": {"candidateChangePercent": 3.052705892753904, "confidenceIntervalPercent": [-0.20893231713265958, 6.420949674253373], "upperSlowdownBoundPercent": 6.420949674253373}, "op.append.latency.p95": {"candidateChangePercent": 3.1708777461140425, "confidenceIntervalPercent": [-1.303200531539761, 7.847772898705863], "upperSlowdownBoundPercent": 7.847772898705863}, "op.append.latency.p99": {"candidateChangePercent": 3.7000980361212354, "confidenceIntervalPercent": [-3.8144929410025674, 11.801774108287821], "upperSlowdownBoundPercent": 11.801774108287821}, "op.append.throughput": {"candidateChangePercent": 3.071338431838422, "confidenceIntervalPercent": [-0.27340111629873265, 6.5282575065021], "upperSlowdownBoundPercent": 0.27340111629873265}}}}
{"at": 1791678573.575084, "remaining_seconds": 2404.093162059784, "verified": 0, "active_run": null, "phase": null, "instance_states": ["RUNNING", "RUNNING"]}
{"at": 1791678606.594527, "remaining_seconds": 2371.073748111725, "verified": 0, "active_run": "01a1285d-7ba9-708b-8d9c-ee23caecaf60", "phase": "resetting", "instance_states": ["RUNNING", "RUNNING"]}
{"at": 1791678635.870466, "remaining_seconds": 2341.7978360652924, "verified": 0, "active_run": "01a1285d-7ba9-708b-8d9c-ee23caecaf60", "phase": "running", "instance_states": ["RUNNING", "RUNNING"]}
{"at": 1791678665.706509, "remaining_seconds": 2311.961774110794, "verified": 0, "active_run": "01a1285d-7ba9-708b-8d9c-ee23caecaf60", "phase": "running", "instance_states": ["RUNNING", "RUNNING"]}
{"at": 1791678696.492804, "remaining_seconds": 2281.175512075424, "verified": 0, "active_run": "01a1285d-7ba9-708b-8d9c-ee23caecaf60", "phase": "publishing", "instance_states": ["RUNNING", "RUNNING"]}
{"at": 1791678727.0408099, "remaining_seconds": 2250.627468109131, "verified": 1, "active_run": "01a1285d-7ba9-708b-90e9-a23306328484", "phase": null, "instance_states": ["RUNNING", "RUNNING"]}
{"at": 1791678757.854353, "remaining_seconds": 2219.813956975937, "verified": 1, "active_run": "01a1285d-7ba9-708b-90e9-a23306328484", "phase": "running", "instance_states": ["RUNNING", "RUNNING"]}
{"at": 1791678788.575843, "remaining_seconds": 2189.092452287674, "verified": 1, "active_run": "01a1285d-7ba9-708b-90e9-a23306328484", "phase": "running", "instance_states": ["RUNNING", "RUNNING"]}
{"at": 1791678819.242207, "remaining_seconds": 2158.4260721206665, "verified": 1, "active_run": "01a1285d-7ba9-708b-90e9-a23306328484", "phase": "running", "instance_states": ["RUNNING", "RUNNING"]}
{"at": 1791678849.7849789, "remaining_seconds": 2127.8832080364227, "verified": 2, "active_run": "01a1285d-7ba9-708b-962a-c19eb51fc974", "phase": null, "instance_states": ["RUNNING", "RUNNING"]}
{"at": 1791678880.4694881, "remaining_seconds": 2097.1988320350647, "verified": 2, "active_run": "01a1285d-7ba9-708b-962a-c19eb51fc974", "phase": "fetching", "instance_states": ["RUNNING", "RUNNING"]}
{"at": 1791678911.317333, "remaining_seconds": 2066.3509600162506, "verified": 2, "active_run": "01a1285d-7ba9-708b-962a-c19eb51fc974", "phase": "running", "instance_states": ["RUNNING", "RUNNING"]}
{"at": 1791678942.204222, "remaining_seconds": 2035.4641070365906, "verified": 2, "active_run": "01a1285d-7ba9-708b-962a-c19eb51fc974", "phase": "running", "instance_states": ["RUNNING", "RUNNING"]}
{"at": 1791678973.0787861, "remaining_seconds": 2004.5894982814789, "verified": 2, "active_run": "01a1285d-7ba9-708b-962a-c19eb51fc974", "phase": "sealed", "instance_states": ["RUNNING", "RUNNING"]}
{"at": 1791679004.134381, "remaining_seconds": 1973.5339090824127, "verified": 3, "active_run": "01a1285d-7ba9-708b-99fb-90638c8b8b17", "phase": null, "instance_states": ["RUNNING", "RUNNING"]}
{"at": 1791679033.850733, "remaining_seconds": 1943.8175630569458, "verified": 3, "active_run": "01a1285d-7ba9-708b-99fb-90638c8b8b17", "phase": "running", "instance_states": ["RUNNING", "RUNNING"]}
{"at": 1791679065.0195, "remaining_seconds": 1912.6488330364227, "verified": 3, "active_run": "01a1285d-7ba9-708b-99fb-90638c8b8b17", "phase": "running", "instance_states": ["RUNNING", "RUNNING"]}
{"at": 1791679095.230716, "remaining_seconds": 1882.4375751018524, "verified": 3, "active_run": "01a1285d-7ba9-708b-99fb-90638c8b8b17", "phase": "running", "instance_states": ["RUNNING", "RUNNING"]}
{"at": 1791679125.396733, "remaining_seconds": 1852.2715599536896, "verified": 4, "active_run": "01a1285d-7ba9-708b-9ec3-05e9b7a9acd8", "phase": null, "instance_states": ["RUNNING", "RUNNING"]}
{"at": 1791679155.4684448, "remaining_seconds": 1822.199846982956, "verified": 4, "active_run": "01a1285d-7ba9-708b-9ec3-05e9b7a9acd8", "phase": "fetching", "instance_states": ["RUNNING", "RUNNING"]}
{"at": 1791679185.465226, "remaining_seconds": 1792.2030940055847, "verified": 4, "active_run": "01a1285d-7ba9-708b-9ec3-05e9b7a9acd8", "phase": "running", "instance_states": ["RUNNING", "RUNNING"]}
{"at": 1791679215.823313, "remaining_seconds": 1761.8449940681458, "verified": 4, "active_run": "01a1285d-7ba9-708b-9ec3-05e9b7a9acd8", "phase": "running", "instance_states": ["RUNNING", "RUNNING"]}
{"at": 1791679245.93789, "remaining_seconds": 1731.7304751873016, "verified": 4, "active_run": "01a1285d-7ba9-708b-9ec3-05e9b7a9acd8", "phase": "sealed", "instance_states": ["RUNNING", "RUNNING"]}
{"at": 1791679278.773189, "remaining_seconds": 1698.8950181007385, "verified": 5, "active_run": "01a1285d-7ba9-708b-a26b-22258c032e43", "phase": null, "instance_states": ["RUNNING", "RUNNING"]}
{"at": 1791679308.9897568, "remaining_seconds": 1668.6784961223602, "verified": 5, "active_run": "01a1285d-7ba9-708b-a26b-22258c032e43", "phase": "running", "instance_states": ["RUNNING", "RUNNING"]}
{"at": 1791679339.665565, "remaining_seconds": 1638.0025281906128, "verified": 5, "active_run": "01a1285d-7ba9-708b-a26b-22258c032e43", "phase": "running", "instance_states": ["RUNNING", "RUNNING"]}
{"at": 1791679370.7482371, "remaining_seconds": 1606.9199681282043, "verified": 5, "active_run": "01a1285d-7ba9-708b-a26b-22258c032e43", "phase": "running", "instance_states": ["RUNNING", "RUNNING"]}
{"at": 1791679399.999093, "remaining_seconds": 1577.6691751480103, "verified": 6, "active_run": "01a1285d-7ba9-708b-a5a2-2fa369b244e8", "phase": null, "instance_states": ["RUNNING", "RUNNING"]}
{"at": 1791679429.804131, "remaining_seconds": 1547.864140033722, "verified": 6, "active_run": "01a1285d-7ba9-708b-a5a2-2fa369b244e8", "phase": "fetching", "instance_states": ["RUNNING", "RUNNING"]}
{"at": 1791679459.23355, "remaining_seconds": 1518.4347100257874, "verified": 6, "active_run": "01a1285d-7ba9-708b-a5a2-2fa369b244e8", "phase": "running", "instance_states": ["RUNNING", "RUNNING"]}
{"at": 1791679489.347637, "remaining_seconds": 1488.3206391334534, "verified": 6, "active_run": "01a1285d-7ba9-708b-a5a2-2fa369b244e8", "phase": "running", "instance_states": ["RUNNING", "RUNNING"]}
{"at": 1791679520.901799, "remaining_seconds": 1456.7662122249603, "verified": 7, "active_run": "01a1285d-7ba9-708b-a9a2-e15d10ce2a8d", "phase": null, "instance_states": ["RUNNING", "RUNNING"]}
{"at": 1791679549.7408488, "remaining_seconds": 1427.9274570941925, "verified": 7, "active_run": "01a1285d-7ba9-708b-a9a2-e15d10ce2a8d", "phase": "resetting", "instance_states": ["RUNNING", "RUNNING"]}
{"at": 1791679581.453737, "remaining_seconds": 1396.2145681381226, "verified": 7, "active_run": "01a1285d-7ba9-708b-a9a2-e15d10ce2a8d", "phase": "running", "instance_states": ["RUNNING", "RUNNING"]}
{"at": 1791679611.48189, "remaining_seconds": 1366.1863901615143, "verified": 7, "active_run": "01a1285d-7ba9-708b-a9a2-e15d10ce2a8d", "phase": "running", "instance_states": ["RUNNING", "RUNNING"]}
{"at": 1791679641.5231512, "remaining_seconds": 1336.1452009677887, "verified": 7, "active_run": "01a1285d-7ba9-708b-a9a2-e15d10ce2a8d", "phase": "publishing", "instance_states": ["RUNNING", "RUNNING"]}
{"at": 1791679671.292972, "remaining_seconds": 1306.3753590583801, "verified": 8, "active_run": "01a1285d-7ba9-708b-afb0-c216bc6162d7", "phase": null, "instance_states": ["RUNNING", "RUNNING"]}
{"at": 1791679702.154927, "remaining_seconds": 1275.5133640766144, "verified": 8, "active_run": "01a1285d-7ba9-708b-afb0-c216bc6162d7", "phase": "running", "instance_states": ["RUNNING", "RUNNING"]}
{"at": 1791679733.098382, "remaining_seconds": 1244.5699112415314, "verified": 8, "active_run": "01a1285d-7ba9-708b-afb0-c216bc6162d7", "phase": "running", "instance_states": ["RUNNING", "RUNNING"]}
{"at": 1791679764.641236, "remaining_seconds": 1213.0269861221313, "verified": 8, "active_run": "01a1285d-7ba9-708b-afb0-c216bc6162d7", "phase": "running", "instance_states": ["RUNNING", "RUNNING"]}
{"at": 1791679795.004273, "remaining_seconds": 1182.664055109024, "verified": 9, "active_run": "01a1285d-7ba9-708b-b1cb-c2fa21b73e70", "phase": null, "instance_states": ["RUNNING", "RUNNING"]}
{"at": 1791679825.710162, "remaining_seconds": 1151.9581739902496, "verified": 9, "active_run": "01a1285d-7ba9-708b-b1cb-c2fa21b73e70", "phase": "fetching", "instance_states": ["RUNNING", "RUNNING"]}
{"at": 1791679856.473739, "remaining_seconds": 1121.1946051120758, "verified": 9, "active_run": "01a1285d-7ba9-708b-b1cb-c2fa21b73e70", "phase": "running", "instance_states": ["RUNNING", "RUNNING"]}
{"at": 1791679886.7260978, "remaining_seconds": 1090.9421792030334, "verified": 9, "active_run": "01a1285d-7ba9-708b-b1cb-c2fa21b73e70", "phase": "running", "instance_states": ["RUNNING", "RUNNING"]}
{"at": 1791679917.106448, "remaining_seconds": 1060.561842918396, "verified": 9, "active_run": "01a1285d-7ba9-708b-b1cb-c2fa21b73e70", "phase": "sealed", "instance_states": ["RUNNING", "RUNNING"]}
{"case": "existing-category-browse", "verdict": "inconclusive", "pairs": 5, "costEstimates": {"purpose": "cost estimation; distinct from the unchanged zero-slowdown policy verdict", "confidenceLevel": 0.95, "pairs": 5, "policyVerdict": "inconclusive", "metrics": {"op.append.latency.p50": {"candidateChangePercent": 1.660310056099168, "confidenceIntervalPercent": [-1.3015105706575603, 4.711011287572364], "upperSlowdownBoundPercent": 4.711011287572364}, "op.append.latency.p95": {"candidateChangePercent": 1.4248390431475189, "confidenceIntervalPercent": [-1.1537304322720932, 4.070674795470097], "upperSlowdownBoundPercent": 4.070674795470097}, "op.append.latency.p99": {"candidateChangePercent": 0.3080912804857894, "confidenceIntervalPercent": [-3.556008086619711, 4.3270086266342656], "upperSlowdownBoundPercent": 4.3270086266342656}, "op.append.throughput": {"candidateChangePercent": 1.7518957198452645, "confidenceIntervalPercent": [-1.2602700337393524, 4.855950954292032], "upperSlowdownBoundPercent": 1.2602700337393524}}}}
