grade: benchmark
op.append.error-rate: 0.0 ratio
op.append.latency.max: 7.2500852e7 ns
op.append.latency.mean: 5676141.792561733 ns
op.append.latency.p50: 5631999.0 ns
op.append.latency.p90: 6086655.0 ns
op.append.latency.p95: 6238207.0 ns
op.append.latency.p99: 6729727.0 ns
op.append.latency.p999: 1.4622719e7 ns
op.append.service.p99: 6729727.0 ns
op.append.throughput: 704.316166993967 ops/s
op.append.units-throughput: 704.316166993967 units/s
pg.checkpoints-in-window: 0.0 count
pg.wal-bytes-per-op: 2067.0870668187213 bytes/op
proc.cpu-utilisation: 5.0077638424059615e-2 ratio
proc.rss-max: 3.11144448e8 bytes
rts.alloc-bytes-per-op: 91501.27213908348 bytes/op
rts.alloc-rate: 6.4445825268071145e7 bytes/s
rts.gc-productivity: 0.9981835733817577 ratio
rts.live-bytes-major-mean: 8061352.0 bytes
rts.max-live-bytes: 1.3689576e7 bytes
grade: benchmark
op.append.error-rate: 0.0 ratio
op.append.latency.max: 7.5846609e7 ns
op.append.latency.mean: 5802111.513655612 ns
op.append.latency.p50: 5754879.0 ns
op.append.latency.p90: 6193151.0 ns
op.append.latency.p95: 6356991.0 ns
op.append.latency.p99: 6914047.0 ns
op.append.latency.p999: 1.4417919e7 ns
op.append.service.p99: 6914047.0 ns
op.append.throughput: 689.0262891900148 ops/s
op.append.units-throughput: 689.0262891900148 units/s
pg.checkpoints-in-window: 0.0 count
pg.wal-bytes-per-op: 2188.190750344959 bytes/op
proc.cpu-utilisation: 4.9668117624916616e-2 ratio
proc.rss-max: 3.16850176e8 bytes
rts.alloc-bytes-per-op: 89864.14959318646 bytes/op
rts.alloc-rate: 6.1918761525409654e7 bytes/s
rts.gc-productivity: 0.998327064888599 ratio
rts.live-bytes-major-mean: 7845144.0 bytes
rts.max-live-bytes: 1.3689448e7 bytes
grade: benchmark
op.append.error-rate: 0.0 ratio
op.append.latency.max: 9.9056537e7 ns
op.append.latency.mean: 5662725.467770399 ns
op.append.latency.p50: 5607423.0 ns
op.append.latency.p90: 6098943.0 ns
op.append.latency.p95: 6266879.0 ns
op.append.latency.p99: 6762495.0 ns
op.append.latency.p999: 1.4983167e7 ns
op.append.service.p99: 6762495.0 ns
op.append.throughput: 705.9319694402589 ops/s
op.append.units-throughput: 705.9319694402589 units/s
pg.checkpoints-in-window: 0.0 count
pg.wal-bytes-per-op: 2197.6548321181444 bytes/op
proc.cpu-utilisation: 5.384726976295107e-2 ratio
proc.rss-max: 3.06487296e8 bytes
rts.alloc-bytes-per-op: 91093.23865694515 bytes/op
rts.alloc-rate: 6.4305629367788814e7 bytes/s
rts.gc-productivity: 0.9981197736260536 ratio
rts.live-bytes-major-mean: 9264077.333333334 bytes
rts.max-live-bytes: 1.3685368e7 bytes
grade: benchmark
op.append.error-rate: 0.0 ratio
op.append.latency.max: 7.320444e7 ns
op.append.latency.mean: 5696279.9501775205 ns
op.append.latency.p50: 5640191.0 ns
op.append.latency.p90: 6152191.0 ns
op.append.latency.p95: 6332415.0 ns
op.append.latency.p99: 6971391.0 ns
op.append.latency.p999: 1.4909439e7 ns
op.append.service.p99: 6971391.0 ns
op.append.throughput: 701.7791853814017 ops/s
op.append.units-throughput: 701.7791853814017 units/s
pg.checkpoints-in-window: 0.0 count
pg.wal-bytes-per-op: 2087.3358637765114 bytes/op
proc.cpu-utilisation: 5.1922021155180555e-2 ratio
proc.rss-max: 3.12213504e8 bytes
rts.alloc-bytes-per-op: 92086.6968139774 bytes/op
rts.alloc-rate: 6.4624527074577175e7 bytes/s
rts.gc-productivity: 0.9981032554123953 ratio
rts.live-bytes-major-mean: 8790472.0 bytes
rts.max-live-bytes: 1.3690672e7 bytes
grade: benchmark
op.append.error-rate: 0.0 ratio
op.append.latency.max: 6.5168384e7 ns
op.append.latency.mean: 5650616.85376648 ns
op.append.latency.p50: 5599231.0 ns
op.append.latency.p90: 6057983.0 ns
op.append.latency.p95: 6217727.0 ns
op.append.latency.p99: 6746111.0 ns
op.append.latency.p999: 1.5130623e7 ns
op.append.service.p99: 6746111.0 ns
op.append.throughput: 707.4346740204747 ops/s
op.append.units-throughput: 707.4346740204747 units/s
pg.checkpoints-in-window: 0.0 count
pg.wal-bytes-per-op: 2067.9261070046573 bytes/op
proc.cpu-utilisation: 5.716751455491358e-2 ratio
proc.rss-max: 3.12025088e8 bytes
rts.alloc-bytes-per-op: 90776.09583613319 bytes/op
rts.alloc-rate: 6.421815776668625e7 bytes/s
rts.gc-productivity: 0.9980132544061957 ratio
rts.live-bytes-major-mean: 9156034.666666666 bytes
rts.max-live-bytes: 1.3689528e7 bytes
grade: benchmark
op.append.error-rate: 0.0 ratio
op.append.latency.max: 9.5537447e7 ns
op.append.latency.mean: 5785586.822329245 ns
op.append.latency.p50: 5738495.0 ns
op.append.latency.p90: 6193151.0 ns
op.append.latency.p95: 6348799.0 ns
op.append.latency.p99: 6836223.0 ns
op.append.latency.p999: 1.5253503e7 ns
op.append.service.p99: 6836223.0 ns
op.append.throughput: 690.9403364637564 ops/s
op.append.units-throughput: 690.9403364637564 units/s
pg.checkpoints-in-window: 0.0 count
pg.wal-bytes-per-op: 2210.890821095585 bytes/op
proc.cpu-utilisation: 5.265938722426081e-2 ratio
proc.rss-max: 3.05270784e8 bytes
rts.alloc-bytes-per-op: 93525.60461199023 bytes/op
rts.alloc-rate: 6.4620612718584776e7 bytes/s
rts.gc-productivity: 0.9981022240507831 ratio
rts.live-bytes-major-mean: 8575720.0 bytes
rts.max-live-bytes: 1.3689448e7 bytes
grade: benchmark
op.append.error-rate: 0.0 ratio
op.append.latency.max: 8.639063e7 ns
op.append.latency.mean: 5745250.179871369 ns
op.append.latency.p50: 5705727.0 ns
op.append.latency.p90: 6139903.0 ns
op.append.latency.p95: 6283263.0 ns
op.append.latency.p99: 6688767.0 ns
op.append.latency.p999: 1.4786559e7 ns
op.append.service.p99: 6688767.0 ns
op.append.throughput: 695.8019377958436 ops/s
op.append.units-throughput: 695.8019377958436 units/s
pg.checkpoints-in-window: 0.0 count
pg.wal-bytes-per-op: 2176.162814804344 bytes/op
proc.cpu-utilisation: 5.368462662335118e-2 ratio
proc.rss-max: 3.0490624e8 bytes
rts.alloc-bytes-per-op: 92510.07119466629 bytes/op
rts.alloc-rate: 6.436868680288026e7 bytes/s
rts.gc-productivity: 0.9981019364999457 ratio
rts.live-bytes-major-mean: 7699570.666666667 bytes
rts.max-live-bytes: 1.3689448e7 bytes
grade: benchmark
op.append.error-rate: 0.0 ratio
op.append.latency.max: 6.9279122e7 ns
op.append.latency.mean: 5471681.3300426295 ns
op.append.latency.p50: 5427199.0 ns
op.append.latency.p90: 5881855.0 ns
op.append.latency.p95: 6033407.0 ns
op.append.latency.p99: 6443007.0 ns
op.append.latency.p999: 1.4319615e7 ns
op.append.service.p99: 6443007.0 ns
op.append.throughput: 730.6079141350019 ops/s
op.append.units-throughput: 730.6079141350019 units/s
pg.checkpoints-in-window: 0.0 count
pg.wal-bytes-per-op: 2076.5494951761275 bytes/op
proc.cpu-utilisation: 5.294735388503604e-2 ratio
proc.rss-max: 3.07126272e8 bytes
rts.alloc-bytes-per-op: 91505.67036122952 bytes/op
rts.alloc-rate: 6.685476695414297e7 bytes/s
rts.gc-productivity: 0.9980845203856479 ratio
rts.live-bytes-major-mean: 7979322.666666667 bytes
rts.max-live-bytes: 1.3689544e7 bytes
grade: benchmark
op.append.error-rate: 0.0 ratio
op.append.latency.max: 7.9313305e7 ns
op.append.latency.mean: 5281463.734910012 ns
op.append.latency.p50: 5234687.0 ns
op.append.latency.p90: 5640191.0 ns
op.append.latency.p95: 5779455.0 ns
op.append.latency.p99: 6152191.0 ns
op.append.latency.p999: 1.4344191e7 ns
op.append.service.p99: 6148095.0 ns
op.append.throughput: 756.8807495992056 ops/s
op.append.units-throughput: 756.8807495992056 units/s
pg.checkpoints-in-window: 0.0 count
pg.wal-bytes-per-op: 2066.9280965066164 bytes/op
proc.cpu-utilisation: 5.479119627347898e-2 ratio
proc.rss-max: 3.00544e8 bytes
rts.alloc-bytes-per-op: 91503.41628224286 bytes/op
rts.alloc-rate: 6.925717430659214e7 bytes/s
rts.gc-productivity: 0.9980587603044004 ratio
rts.live-bytes-major-mean: 7685106.666666667 bytes
rts.max-live-bytes: 1.3690664e7 bytes
grade: benchmark
op.append.error-rate: 0.0 ratio
op.append.latency.max: 6.5232573e7 ns
op.append.latency.mean: 5624289.850425478 ns
op.append.latency.p50: 5558271.0 ns
op.append.latency.p90: 6078463.0 ns
op.append.latency.p95: 6299647.0 ns
op.append.latency.p99: 7036927.0 ns
op.append.latency.p999: 1.4737407e7 ns
op.append.service.p99: 7036927.0 ns
op.append.throughput: 710.8073550962775 ops/s
op.append.units-throughput: 710.8073550962775 units/s
pg.checkpoints-in-window: 0.0 count
pg.wal-bytes-per-op: 2181.610681917764 bytes/op
proc.cpu-utilisation: 4.90531330887072e-2 ratio
proc.rss-max: 3.07982336e8 bytes
rts.alloc-bytes-per-op: 90771.66210824897 bytes/op
rts.alloc-rate: 6.452116506085744e7 bytes/s
rts.gc-productivity: 0.9982078132183092 ratio
rts.live-bytes-major-mean: 8317584.0 bytes
rts.max-live-bytes: 1.3689464e7 bytes
grade: benchmark
op.append.error-rate: 0.0 ratio
op.append.latency.max: 5.8542018e7 ns
op.append.latency.mean: 5341471.775339257 ns
op.append.latency.p50: 5320703.0 ns
op.append.latency.p90: 5763071.0 ns
op.append.latency.p95: 5918719.0 ns
op.append.latency.p99: 6516735.0 ns
op.append.latency.p999: 1.3680639e7 ns
op.append.service.p99: 6516735.0 ns
op.append.throughput: 741.5118875985564 ops/s
op.append.units-throughput: 741.5118875985564 units/s
pg.checkpoints-in-window: 0.0 count
pg.wal-bytes-per-op: 1921.281328736242 bytes/op
proc.cpu-utilisation: 7.370706171759951e-2 ratio
proc.rss-max: 3.40926464e8 bytes
rts.alloc-bytes-per-op: 145459.87075100563 bytes/op
rts.alloc-rate: 1.0786022333042023e8 bytes/s
rts.gc-productivity: 0.9969738371292103 ratio
rts.live-bytes-major-mean: 1.1339234e7 bytes
rts.max-live-bytes: 1.3690824e7 bytes
grade: benchmark
op.append.error-rate: 0.0 ratio
op.append.latency.max: 7.2910335e7 ns
op.append.latency.mean: 5639884.737374679 ns
op.append.latency.p50: 5611519.0 ns
op.append.latency.p90: 6033407.0 ns
op.append.latency.p95: 6176767.0 ns
op.append.latency.p99: 6631423.0 ns
op.append.latency.p999: 1.4245887e7 ns
op.append.service.p99: 6631423.0 ns
op.append.throughput: 703.010646577057 ops/s
op.append.units-throughput: 703.010646577057 units/s
pg.checkpoints-in-window: 0.0 count
pg.wal-bytes-per-op: 1933.4167404989507 bytes/op
proc.cpu-utilisation: 7.003061290511718e-2 ratio
proc.rss-max: 3.30682368e8 bytes
rts.alloc-bytes-per-op: 146062.38153415715 bytes/op
rts.alloc-rate: 1.026834092829126e8 bytes/s
rts.gc-productivity: 0.9971834314678248 ratio
rts.live-bytes-major-mean: 1.0224098e7 bytes
rts.max-live-bytes: 1.3689824e7 bytes
grade: benchmark
op.append.error-rate: 0.0 ratio
op.append.latency.max: 6.1806086e7 ns
op.append.latency.mean: 5252348.513010238 ns
op.append.latency.p50: 5304319.0 ns
op.append.latency.p90: 5783551.0 ns
op.append.latency.p95: 5947391.0 ns
op.append.latency.p99: 6778879.0 ns
op.append.latency.p999: 1.4245887e7 ns
op.append.service.p99: 6778879.0 ns
op.append.throughput: 733.2500521767101 ops/s
op.append.units-throughput: 733.2500521767101 units/s
pg.checkpoints-in-window: 0.0 count
pg.wal-bytes-per-op: 1935.787633567309 bytes/op
proc.cpu-utilisation: 7.126133593772628e-2 ratio
proc.rss-max: 3.21306624e8 bytes
rts.alloc-bytes-per-op: 147178.77766352217 bytes/op
rts.alloc-rate: 1.0791884640108204e8 bytes/s
rts.gc-productivity: 0.9970829730603012 ratio
rts.live-bytes-major-mean: 1.1199328e7 bytes
rts.max-live-bytes: 1.3693504e7 bytes
grade: benchmark
op.append.error-rate: 0.0 ratio
op.append.latency.max: 6.513239e7 ns
op.append.latency.mean: 5228448.08727201 ns
op.append.latency.p50: 5246975.0 ns
op.append.latency.p90: 5709823.0 ns
op.append.latency.p95: 5873663.0 ns
op.append.latency.p99: 6602751.0 ns
op.append.latency.p999: 1.3787135e7 ns
op.append.service.p99: 6602751.0 ns
op.append.throughput: 747.5834597382418 ops/s
op.append.units-throughput: 747.5834597382418 units/s
pg.checkpoints-in-window: 0.0 count
pg.wal-bytes-per-op: 1939.0290906699404 bytes/op
proc.cpu-utilisation: 7.407657922695661e-2 ratio
proc.rss-max: 3.41938176e8 bytes
rts.alloc-bytes-per-op: 144296.2962118555 bytes/op
rts.alloc-rate: 1.0787352434947307e8 bytes/s
rts.gc-productivity: 0.9970582065322069 ratio
rts.live-bytes-major-mean: 1.124515e7 bytes
rts.max-live-bytes: 1.3689816e7 bytes
grade: benchmark
op.append.error-rate: 0.0 ratio
op.append.latency.max: 6.1043141e7 ns
op.append.latency.mean: 5031181.098376498 ns
op.append.latency.p50: 5091327.0 ns
op.append.latency.p90: 5558271.0 ns
op.append.latency.p95: 5730303.0 ns
op.append.latency.p99: 6508543.0 ns
op.append.latency.p999: 1.4295039e7 ns
op.append.service.p99: 6508543.0 ns
op.append.throughput: 763.1472958927884 ops/s
op.append.units-throughput: 763.1472958927884 units/s
pg.checkpoints-in-window: 0.0 count
pg.wal-bytes-per-op: 1932.3519950178243 bytes/op
proc.cpu-utilisation: 7.678016323621771e-2 ratio
proc.rss-max: 3.47856896e8 bytes
rts.alloc-bytes-per-op: 144652.2415496285 bytes/op
rts.alloc-rate: 1.1039096698342943e8 bytes/s
rts.gc-productivity: 0.997001728570921 ratio
rts.live-bytes-major-mean: 1.1588182e7 bytes
rts.max-live-bytes: 1.3860392e7 bytes
grade: benchmark
op.append.error-rate: 0.0 ratio
op.append.latency.max: 7.9282762e7 ns
op.append.latency.mean: 5131831.00643476 ns
op.append.latency.p50: 5099519.0 ns
op.append.latency.p90: 5525503.0 ns
op.append.latency.p95: 5677055.0 ns
op.append.latency.p99: 6221823.0 ns
op.append.latency.p999: 1.4000127e7 ns
op.append.service.p99: 6221823.0 ns
op.append.throughput: 771.8352594308893 ops/s
op.append.units-throughput: 771.8352594308893 units/s
pg.checkpoints-in-window: 0.0 count
pg.wal-bytes-per-op: 1940.216743119266 bytes/op
proc.cpu-utilisation: 7.392492822021134e-2 ratio
proc.rss-max: 3.37113088e8 bytes
rts.alloc-bytes-per-op: 145861.6972477064 bytes/op
rts.alloc-rate: 1.1258120093621333e8 bytes/s
rts.gc-productivity: 0.9969006887414333 ratio
rts.live-bytes-major-mean: 1.1044836e7 bytes
rts.max-live-bytes: 1.3706544e7 bytes
grade: benchmark
op.append.error-rate: 0.0 ratio
op.append.latency.max: 5.7911992e7 ns
op.append.latency.mean: 5042802.434264145 ns
op.append.latency.p50: 5091327.0 ns
op.append.latency.p90: 5558271.0 ns
op.append.latency.p95: 5713919.0 ns
op.append.latency.p99: 6397951.0 ns
op.append.latency.p999: 1.3656063e7 ns
op.append.service.p99: 6397951.0 ns
op.append.throughput: 764.2819071495322 ops/s
op.append.units-throughput: 764.2819071495322 units/s
pg.checkpoints-in-window: 0.0 count
pg.wal-bytes-per-op: 1920.6130056191823 bytes/op
proc.cpu-utilisation: 7.519717001347916e-2 ratio
proc.rss-max: 3.26590464e8 bytes
rts.alloc-bytes-per-op: 144155.40754085704 bytes/op
rts.alloc-rate: 1.1017536980124427e8 bytes/s
rts.gc-productivity: 0.9970481495967256 ratio
rts.live-bytes-major-mean: 1.0915732e7 bytes
rts.max-live-bytes: 1.3690768e7 bytes
grade: benchmark
op.append.error-rate: 0.0 ratio
op.append.latency.max: 4.8481006e7 ns
op.append.latency.mean: 5178931.889154876 ns
op.append.latency.p50: 5132287.0 ns
op.append.latency.p90: 5566463.0 ns
op.append.latency.p95: 5718015.0 ns
op.append.latency.p99: 6479871.0 ns
op.append.latency.p999: 1.4524415e7 ns
op.append.service.p99: 6479871.0 ns
op.append.throughput: 766.7457449954683 ops/s
op.append.units-throughput: 766.7457449954683 units/s
pg.checkpoints-in-window: 0.0 count
pg.wal-bytes-per-op: 1939.514897618946 bytes/op
proc.cpu-utilisation: 7.583712937559375e-2 ratio
proc.rss-max: 3.22080768e8 bytes
rts.alloc-bytes-per-op: 146748.8917197452 bytes/op
rts.alloc-rate: 1.1251908830891535e8 bytes/s
rts.gc-productivity: 0.9969592020911933 ratio
rts.live-bytes-major-mean: 1.0971114e7 bytes
rts.max-live-bytes: 1.3689784e7 bytes
grade: benchmark
op.append.error-rate: 0.0 ratio
op.append.latency.max: 7.2510682e7 ns
op.append.latency.mean: 5052712.096726032 ns
op.append.latency.p50: 5087231.0 ns
op.append.latency.p90: 5529599.0 ns
op.append.latency.p95: 5677055.0 ns
op.append.latency.p99: 6180863.0 ns
op.append.latency.p999: 1.3393919e7 ns
op.append.service.p99: 6180863.0 ns
op.append.throughput: 768.3756941509279 ops/s
op.append.units-throughput: 768.3756941509279 units/s
pg.checkpoints-in-window: 0.0 count
pg.wal-bytes-per-op: 1919.3591767089688 bytes/op
proc.cpu-utilisation: 7.317473550994759e-2 ratio
proc.rss-max: 3.22789376e8 bytes
rts.alloc-bytes-per-op: 146530.75994454516 bytes/op
rts.alloc-rate: 1.1259067438685286e8 bytes/s
rts.gc-productivity: 0.9970629571119674 ratio
rts.live-bytes-major-mean: 1.091145e7 bytes
rts.max-live-bytes: 1.36898e7 bytes
grade: benchmark
op.append.error-rate: 0.0 ratio
op.append.latency.max: 7.8025309e7 ns
op.append.latency.mean: 5178139.848246226 ns
op.append.latency.p50: 5214207.0 ns
op.append.latency.p90: 5664767.0 ns
op.append.latency.p95: 5824511.0 ns
op.append.latency.p99: 6365183.0 ns
op.append.latency.p999: 1.3975551e7 ns
op.append.service.p99: 6365183.0 ns
op.append.throughput: 751.4609561683977 ops/s
op.append.units-throughput: 751.4609561683977 units/s
pg.checkpoints-in-window: 0.0 count
pg.wal-bytes-per-op: 1945.9979495681005 bytes/op
proc.cpu-utilisation: 7.327088548278374e-2 ratio
proc.rss-max: 3.4162688e8 bytes
rts.alloc-bytes-per-op: 146713.027135503 bytes/op
rts.alloc-rate: 1.1024911165360516e8 bytes/s
rts.gc-productivity: 0.9970134383180547 ratio
rts.live-bytes-major-mean: 1.1010026e7 bytes
rts.max-live-bytes: 1.3689688e7 bytes
