phase: Accepted
phase: Resetting
phase: Fetching
phase: Running
phase: Publishing
phase: Sealed
phase: Resetting
phase: Fetching
phase: Running
phase: Publishing
phase: Sealed
phase: Resetting
phase: Fetching
phase: Running
phase: Publishing
phase: Sealed
phase: Resetting
phase: Fetching
phase: Running
phase: Publishing
phase: Sealed
phase: Accepted
phase: Resetting
phase: Fetching
phase: Running
phase: Publishing
phase: Sealed
phase: Resetting
phase: Fetching
phase: Running
phase: Publishing
phase: Sealed
phase: Accepted
phase: Resetting
phase: Fetching
phase: Running
phase: Publishing
phase: Sealed
phase: Accepted
phase: Resetting
phase: Fetching
phase: Running
phase: Publishing
phase: Sealed
phase: Resetting
phase: Fetching
phase: Running
phase: Publishing
phase: Sealed
phase: Resetting
phase: Fetching
phase: Running
phase: Publishing
phase: Sealed
session 01a1285d-7ba8-76b9-a2de-038290510ac2 verified; journal /private/tmp/mp13-byte-name-experiment-20261010-2355/existing-category-browse/session/session.json
