just perf-structure
cabal test kiroku-store:kiroku-store-test --test-show-details=direct --test-options='--match "performance structure"'
Build profile: -w ghc-9.12.4 -O1
In order, the following will be built (use -v for more details):
 - kiroku-store-0.9.0.1 (lib) (file src/Kiroku/Store/Subscription/Checkpoint/SQL.hs changed)
 - kiroku-store-0.9.0.1 (test:kiroku-store-test) (dependency rebuilt)
Preprocessing library for kiroku-store-0.9.0.1...
Building library for kiroku-store-0.9.0.1...
[ 3 of 30] Compiling Kiroku.Store.Subscription.Types ( src/Kiroku/Store/Subscription/Types.hs, /Users/shinzui/Keikaku/bokuno/kiroku-project/kiroku/dist-newstyle/build/aarch64-osx/ghc-9.12.4/kiroku-store-0.9.0.1/build/Kiroku/Store/Subscription/Types.o, /Users/shinzui/Keikaku/bokuno/kiroku-project/kiroku/dist-newstyle/build/aarch64-osx/ghc-9.12.4/kiroku-store-0.9.0.1/build/Kiroku/Store/Subscription/Types.dyn_o ) [Source file changed]
[ 5 of 30] Compiling Kiroku.Store.Subscription.Checkpoint.SQL ( src/Kiroku/Store/Subscription/Checkpoint/SQL.hs, /Users/shinzui/Keikaku/bokuno/kiroku-project/kiroku/dist-newstyle/build/aarch64-osx/ghc-9.12.4/kiroku-store-0.9.0.1/build/Kiroku/Store/Subscription/Checkpoint/SQL.o, /Users/shinzui/Keikaku/bokuno/kiroku-project/kiroku/dist-newstyle/build/aarch64-osx/ghc-9.12.4/kiroku-store-0.9.0.1/build/Kiroku/Store/Subscription/Checkpoint/SQL.dyn_o ) [Source file changed]
[ 6 of 30] Compiling Kiroku.Store.Subscription.Checkpoint ( src/Kiroku/Store/Subscription/Checkpoint.hs, /Users/shinzui/Keikaku/bokuno/kiroku-project/kiroku/dist-newstyle/build/aarch64-osx/ghc-9.12.4/kiroku-store-0.9.0.1/build/Kiroku/Store/Subscription/Checkpoint.o, /Users/shinzui/Keikaku/bokuno/kiroku-project/kiroku/dist-newstyle/build/aarch64-osx/ghc-9.12.4/kiroku-store-0.9.0.1/build/Kiroku/Store/Subscription/Checkpoint.dyn_o ) [Source file changed]
[12 of 30] Compiling Kiroku.Store.Subscription.Worker ( src/Kiroku/Store/Subscription/Worker.hs, /Users/shinzui/Keikaku/bokuno/kiroku-project/kiroku/dist-newstyle/build/aarch64-osx/ghc-9.12.4/kiroku-store-0.9.0.1/build/Kiroku/Store/Subscription/Worker.o, /Users/shinzui/Keikaku/bokuno/kiroku-project/kiroku/dist-newstyle/build/aarch64-osx/ghc-9.12.4/kiroku-store-0.9.0.1/build/Kiroku/Store/Subscription/Worker.dyn_o ) [Source file changed]
[22 of 30] Compiling Kiroku.Store.Subscription.Stream ( src/Kiroku/Store/Subscription/Stream.hs, /Users/shinzui/Keikaku/bokuno/kiroku-project/kiroku/dist-newstyle/build/aarch64-osx/ghc-9.12.4/kiroku-store-0.9.0.1/build/Kiroku/Store/Subscription/Stream.o, /Users/shinzui/Keikaku/bokuno/kiroku-project/kiroku/dist-newstyle/build/aarch64-osx/ghc-9.12.4/kiroku-store-0.9.0.1/build/Kiroku/Store/Subscription/Stream.dyn_o ) [Source file changed]
Preprocessing test suite 'kiroku-store-test' for kiroku-store-0.9.0.1...
Building test suite 'kiroku-store-test' for kiroku-store-0.9.0.1...
[ 8 of 43] Compiling Test.ConsumerGroup ( test/Test/ConsumerGroup.hs, /Users/shinzui/Keikaku/bokuno/kiroku-project/kiroku/dist-newstyle/build/aarch64-osx/ghc-9.12.4/kiroku-store-0.9.0.1/t/kiroku-store-test/build/kiroku-store-test/kiroku-store-test-tmp/Test/ConsumerGroup.o ) [Source file changed]
[24 of 43] Compiling Test.StreamBridgeTermination ( test/Test/StreamBridgeTermination.hs, /Users/shinzui/Keikaku/bokuno/kiroku-project/kiroku/dist-newstyle/build/aarch64-osx/ghc-9.12.4/kiroku-store-0.9.0.1/t/kiroku-store-test/build/kiroku-store-test/kiroku-store-test-tmp/Test/StreamBridgeTermination.o ) [Source file changed]
[32 of 43] Compiling Test.SubscriptionCheckpointWorker ( test/Test/SubscriptionCheckpointWorker.hs, /Users/shinzui/Keikaku/bokuno/kiroku-project/kiroku/dist-newstyle/build/aarch64-osx/ghc-9.12.4/kiroku-store-0.9.0.1/t/kiroku-store-test/build/kiroku-store-test/kiroku-store-test-tmp/Test/SubscriptionCheckpointWorker.o ) [Source file changed]
test/Test/SubscriptionCheckpointWorker.hs:120:24: warning: [GHC-63397] [-Wname-shadowing]
    This binding for ‘member’ shadows the existing binding
      imported from ‘Kiroku.Store’ at test/Test/SubscriptionCheckpointWorker.hs:21:1-19
      (and originally defined in ‘Kiroku.Store.Subscription.Types’)
    |
120 |             let config member =
    |                        ^^^^^^

test/Test/SubscriptionCheckpointWorker.hs:222:39: warning: [GHC-63397] [-Wname-shadowing]
    This binding for ‘member’ shadows the existing binding
      imported from ‘Kiroku.Store’ at test/Test/SubscriptionCheckpointWorker.hs:21:1-19
      (and originally defined in ‘Kiroku.Store.Subscription.Types’)
    |
222 |         | SubscriptionCheckpoint name member position _ <- V.toList rows
    |                                       ^^^^^^

[34 of 43] Compiling Test.SubscriptionReconnect ( test/Test/SubscriptionReconnect.hs, /Users/shinzui/Keikaku/bokuno/kiroku-project/kiroku/dist-newstyle/build/aarch64-osx/ghc-9.12.4/kiroku-store-0.9.0.1/t/kiroku-store-test/build/kiroku-store-test/kiroku-store-test-tmp/Test/SubscriptionReconnect.o ) [Source file changed]
[38 of 43] Compiling Test.SubscriptionTarget ( test/Test/SubscriptionTarget.hs, /Users/shinzui/Keikaku/bokuno/kiroku-project/kiroku/dist-newstyle/build/aarch64-osx/ghc-9.12.4/kiroku-store-0.9.0.1/t/kiroku-store-test/build/kiroku-store-test/kiroku-store-test-tmp/Test/SubscriptionTarget.o ) [Source file changed]
test/Test/SubscriptionTarget.hs:67:44: warning: [GHC-02256] [-Wambiguous-fields]
    Ambiguous record update with parent type constructor ‘ConnectionSettingsM’.
    This type-directed disambiguation mechanism will not be supported by -XDuplicateRecordFields in future releases of GHC.
    Consider disambiguating using module qualification instead.
   |
67 |             withTestStoreSettings (\s -> s{eventHandler = Just observe}) $ \store -> do
   |                                            ^^^^^^^^^^^^^^^^^^^^^^^^^^^

test/Test/SubscriptionTarget.hs:178:27: warning: [GHC-62161] [-Wincomplete-uni-patterns]
    Pattern match(es) are non-exhaustive
    In a pattern binding:
        Patterns of type ‘Either
                            InvalidConsumerGroup ConsumerGroupSize’ not matched:
            Left _
    |
178 | resize store name n = let Right size = mkConsumerGroupSize n in runSession store $ TxSessions.transaction TxSessions.ReadCommitted TxSessions.Write (resizeConsumerGroupTx (SubscriptionName name) size)
    |                           ^^^^^^^^^^^^^^^^^^^^^^^^^^^^^^^^^^

test/Test/SubscriptionTarget.hs:178:33: warning: [GHC-63397] [-Wname-shadowing]
    This binding for ‘size’ shadows the existing binding
      imported from ‘Kiroku.Store’ at test/Test/SubscriptionTarget.hs:23:1-19
      (and originally defined in ‘Kiroku.Store.Subscription.Types’)
    |
178 | resize store name n = let Right size = mkConsumerGroupSize n in runSession store $ TxSessions.transaction TxSessions.ReadCommitted TxSessions.Write (resizeConsumerGroupTx (SubscriptionName name) size)
    |                                 ^^^^

[43 of 43] Compiling Main             ( test/Main.hs, /Users/shinzui/Keikaku/bokuno/kiroku-project/kiroku/dist-newstyle/build/aarch64-osx/ghc-9.12.4/kiroku-store-0.9.0.1/t/kiroku-store-test/build/kiroku-store-test/kiroku-store-test-tmp/Main.o ) [Source file changed]
[44 of 44] Linking /Users/shinzui/Keikaku/bokuno/kiroku-project/kiroku/dist-newstyle/build/aarch64-osx/ghc-9.12.4/kiroku-store-0.9.0.1/t/kiroku-store-test/build/kiroku-store-test/kiroku-store-test [Objects changed]
Running 1 test suites...
Test suite kiroku-store-test: RUNNING...

performance structure
  no-op paths use no pooled connection
    rejects invalid batch and buffer sizes before pool checkout [✔]
    rejects invalid consumer-group values before pool checkout [✔]
    refuses mismatched topology in exactly one initialization checkout with no handler [✔]
    refuses mismatched target in exactly one initialization checkout with no handler [✔]
    keeps ordinary checkpoint saves as one unconditional monotonic upsert [✔]
    rejects an empty appendToStream batch before pool checkout [✔]
    returns an empty appendMultiStream result before pool checkout [✔]
    rejects invalid retention requests before pool checkout [✔]
    keeps every ordinary statement free of retention coordination [✔]
  production query plans
    visible global head lookup uses ux_stream_events_stream_version without Sort [✔]
    dead-letter reads use ix_dead_letters_subscription_position without Sort [✔]
    orphan dead-letter cleanup uses ix_dead_letters_event_id [✔]
    active retention lookup uses ix_history_retention_leases_unreleased_expiry [✔]
    installs no retention trigger for INSERT or UPDATE [✔]
  category read cost
    category high-cursor reads use ix_stream_events_all_by_category without Sort [✔]
    consumer-group category reads use ix_stream_events_all_by_category without Sort [✔]
    category caught-up poll on 20000 idle streams reads at most 32 buffers [✔]
  NOTIFY trigger guard
    emits one unchanged append payload and no lifecycle or $all payloads [✔]
    emits the unchanged payload for a 512-byte stream name [✔]
  empty stream-name lookup
    short-circuits empty input without a pool checkout [✔]

Finished in 3.6748 seconds
20 examples, 0 failures
Test suite kiroku-store-test: PASS
Test suite logged to:
/Users/shinzui/Keikaku/bokuno/kiroku-project/kiroku/dist-newstyle/build/aarch64-osx/ghc-9.12.4/kiroku-store-0.9.0.1/t/kiroku-store-test/test/kiroku-store-0.9.0.1-kiroku-store-test.log
1 of 1 test suites (1 of 1 test cases) passed.
just perf-workload-gate
cabal bench kiroku-store:kiroku-store-bench-workload-gate --benchmark-options="--stdev 5"
Build profile: -w ghc-9.12.4 -O1
In order, the following will be built (use -v for more details):
 - kiroku-store-0.9.0.1 (bench:kiroku-store-bench-workload-gate) (file /Users/shinzui/Keikaku/bokuno/kiroku-project/kiroku/dist-newstyle/build/aarch64-osx/ghc-9.12.4/kiroku-store-0.9.0.1/cache/build changed)
Preprocessing benchmark 'kiroku-store-bench-workload-gate' for kiroku-store-0.9.0.1...
Building benchmark 'kiroku-store-bench-workload-gate' for kiroku-store-0.9.0.1...
[2 of 2] Linking /Users/shinzui/Keikaku/bokuno/kiroku-project/kiroku/dist-newstyle/build/aarch64-osx/ghc-9.12.4/kiroku-store-0.9.0.1/b/kiroku-store-bench-workload-gate/build/kiroku-store-bench-workload-gate/kiroku-store-bench-workload-gate [Library changed]
Running 1 benchmarks...
Benchmark kiroku-store-bench-workload-gate: RUNNING...
All
  append-multi-stream
    sequential-control-4:                    OK
      623  μs ±  28 μs
    production-pipeline-4:                   OK
      525  μs ±  16 μs, 0.84x
    sequential-control-8:                    OK
      1.16 ms ± 104 μs
    production-pipeline-8:                   OK
      920  μs ±  86 μs, 0.79x
  append-category-column
    control-append-40:                       OK
      45.5 ms ±  49 ms
    candidate-append-40:                     OK
      6.53 ms ± 385 μs, 0.14x
  category-read
    control-exhausted-category:              OK
      2.37 ms ± 103 μs
    candidate-exhausted-category:            OK
      958  μs ±  85 μs, 0.40x
    control-page-200-streams-from-0:         OK
      277  ms ±  16 ms
    candidate-page-200-streams-from-0:       OK
      8.30 ms ± 576 μs, 0.03x
    control-page-20000-streams-from-0:       OK
      366  ms ±  36 ms
    candidate-page-20000-streams-from-0:     OK
      8.09 ms ± 597 μs, 0.02x
    control-plain-caught-up-20000-streams:   OK
      119  ms ±  12 ms
    candidate-plain-caught-up-20000-streams: OK
      942  μs ±  59 μs, 0.01x
    control-group-caught-up-20000-streams:   OK
      77.9 ms ± 6.4 ms
    candidate-group-caught-up-20000-streams: OK
      986  μs ±  29 μs, 0.01x

All 16 tests passed (132.72s)
Benchmark kiroku-store-bench-workload-gate: FINISH
