building '/nix/store/hda4dxidcd31a4ddm8b9fqbqa843x8bk-kenshou-mp12-cell-source.drv' on 'ssh://builder@nix-gcp-builder'...
copying 1 paths...
copying path '/nix/store/xbr2w2ajfx4l8n4a4w3swl92fhymc1xc-source' to 'ssh://builder@nix-gcp-builder'...
copying 1 paths...
copying path '/nix/store/0mbq0glm7yhabmis2clsxi7diw33qcbv-kenshou-mp12-cell-source' from 'ssh://builder@nix-gcp-builder'...
building '/nix/store/3c97k3msvvwg5hhc1py0iy7dyms0ds76-cabal2nix-kenshou-mp12-cell.drv' on 'ssh://builder@nix-gcp-builder'...
copying 1 paths...
copying path '/nix/store/q4ncfmrdysszc5lq0h57wnqgi183jlja-cabal2nix-kenshou-mp12-cell' from 'ssh://builder@nix-gcp-builder'...
these 10 derivations will be built:
  /nix/store/g5pdwk2yb8l8lr914j86pyr2i61l05qr-kiroku-store-migrations-0.6.0.0.drv
  /nix/store/74rkm42lwszg53wmwdawn0r1px8339bm-keiro-migrations-0.17.0.0.drv
  /nix/store/041ak1vvhp68xd3cmjf33k5i17261hzx-kenshou-core-0.1.0.0.drv
  /nix/store/d3sjmhbg2ixvvqqvln3z7hw39ki4kw8g-kiroku-store-0.9.0.1.drv
  /nix/store/2jf1pbzya0jwhy8fzr6ngw2grpcalg5a-shibuya-kiroku-adapter-0.5.1.5.drv
  /nix/store/s7hp3m0r030jyybqlpanpwrap29v5bch-kenshou-measure-0.1.0.0.drv
  /nix/store/dm1lfr0q59xb0vysvkv13v3s2b2k8hyv-kenshou-remote-0.1.0.0.drv
  /nix/store/dsylkj5qm8jvjgj88fmv9avvs78nknac-kenshou-head-cohort-identity.json.drv
  /nix/store/smi6vz1h3y7k9lgnvdf5k0ikiry6fi31-kenshou-mp12-cell-0.1.0.0.drv
  /nix/store/y5i9g1073iin8bfsn3g5j08cqh0w5r7f-kiroku-mp12-head.drv
building '/nix/store/dsylkj5qm8jvjgj88fmv9avvs78nknac-kenshou-head-cohort-identity.json.drv' on 'ssh://builder@nix-gcp-builder'...
building '/nix/store/d3sjmhbg2ixvvqqvln3z7hw39ki4kw8g-kiroku-store-0.9.0.1.drv' on 'ssh://builder@nix-gcp-builder'...
building '/nix/store/g5pdwk2yb8l8lr914j86pyr2i61l05qr-kiroku-store-migrations-0.6.0.0.drv' on 'ssh://builder@nix-gcp-builder'...
copying 1 paths...
copying path '/nix/store/m81dr8r6n02mgsv04dm2zf1nsix5fkas-kenshou-head-cohort-identity.json' from 'ssh://builder@nix-gcp-builder'...
copying 2 paths...
copying path '/nix/store/gf6ykacg2w3n0avpmrws467mn4a1id26-kiroku-store-mp12-source' to 'ssh://builder@nix-gcp-builder'...
copying path '/nix/store/p0k8wbl8vi4b784g2d1cbxa0l0089biy-jailbreak-cabal-1.4.1' to 'ssh://builder@nix-gcp-builder'...
copying 1 paths...
copying path '/nix/store/7igfc4lfmxvg5npjypwpywvdmhjk4isf-kiroku-store-migrations-mp12-source' to 'ssh://builder@nix-gcp-builder'...
copying 1 paths...
copying path '/nix/store/lakhaqfgn2snvyayz0isgjq6pmmfhsga-kiroku-store-0.9.0.1' from 'ssh://builder@nix-gcp-builder'...
copying 1 paths...
copying path '/nix/store/mcfn4rkjskiqiz97kdpyiyz38n11bqx2-kiroku-store-migrations-0.6.0.0' from 'ssh://builder@nix-gcp-builder'...
building '/nix/store/2jf1pbzya0jwhy8fzr6ngw2grpcalg5a-shibuya-kiroku-adapter-0.5.1.5.drv' on 'ssh://builder@nix-gcp-builder'...
building '/nix/store/74rkm42lwszg53wmwdawn0r1px8339bm-keiro-migrations-0.17.0.0.drv' on 'ssh://builder@nix-gcp-builder'...
copying 1 paths...
copying path '/nix/store/hsr2w8mm1jdb5lfirlfrgz3lnpaxb7v7-shibuya-kiroku-adapter-mp12-source' to 'ssh://builder@nix-gcp-builder'...
copying 1 paths...
copying path '/nix/store/7whlbmcxpl9h37ppfldb76yw5zrsncik-shibuya-kiroku-adapter-0.5.1.5' from 'ssh://builder@nix-gcp-builder'...
copying 1 paths...
copying path '/nix/store/5lpcll8v35kwpfyrwlqqys3ydwkk2ky6-keiro-migrations-0.17.0.0' from 'ssh://builder@nix-gcp-builder'...
building '/nix/store/041ak1vvhp68xd3cmjf33k5i17261hzx-kenshou-core-0.1.0.0.drv' on 'ssh://builder@nix-gcp-builder'...
copying 1 paths...
copying path '/nix/store/qzxplx3xixj9yrk4d0m32n7ynk3zzi84-kenshou-core-0.1.0.0' from 'ssh://builder@nix-gcp-builder'...
building '/nix/store/s7hp3m0r030jyybqlpanpwrap29v5bch-kenshou-measure-0.1.0.0.drv' on 'ssh://builder@nix-gcp-builder'...
copying 1 paths...
copying path '/nix/store/6vqbsx1dn34nyc575nwc2d981cgpf7qx-kenshou-measure-0.1.0.0' from 'ssh://builder@nix-gcp-builder'...
building '/nix/store/dm1lfr0q59xb0vysvkv13v3s2b2k8hyv-kenshou-remote-0.1.0.0.drv' on 'ssh://builder@nix-gcp-builder'...
copying 1 paths...
copying path '/nix/store/zwqsiwf99diiif3sq3pqmsnsrgnnq5kf-kenshou-remote-0.1.0.0' from 'ssh://builder@nix-gcp-builder'...
building '/nix/store/smi6vz1h3y7k9lgnvdf5k0ikiry6fi31-kenshou-mp12-cell-0.1.0.0.drv' on 'ssh://builder@nix-gcp-builder'...
copying 1 paths...
copying path '/nix/store/g5c19vm9pgfjla15bspr781icq63x9cj-kenshou-mp12-cell-0.1.0.0' from 'ssh://builder@nix-gcp-builder'...
building '/nix/store/y5i9g1073iin8bfsn3g5j08cqh0w5r7f-kiroku-mp12-head.drv' on 'ssh://builder@nix-gcp-builder'...
copying 1 paths...
copying path '/nix/store/cw2x3l6l0asfq7xm0k1vc0wj8kih9fyb-kiroku-mp12-head' from 'ssh://builder@nix-gcp-builder'...
[{"drvPath":"/nix/store/y5i9g1073iin8bfsn3g5j08cqh0w5r7f-kiroku-mp12-head.drv","outputs":{"out":"/nix/store/cw2x3l6l0asfq7xm0k1vc0wj8kih9fyb-kiroku-mp12-head"}}]
