warning: Git tree '/Users/shinzui/Keikaku/bokuno/kiroku-project/kiroku' has uncommitted changes
building '/nix/store/vrgin130q76273fldvqh7wicy6w33lsa-kenshou-mp12-cell-source.drv' on 'ssh://builder@nix-gcp-builder'...
copying 1 paths...
copying path '/nix/store/hkwnkiammz8gz5igl74fq6ngykrjdg8b-source' to 'ssh://builder@nix-gcp-builder'...
copying 1 paths...
copying path '/nix/store/ylq0chc0dq3xnf80hqawf14gxg2pgi6y-kenshou-mp12-cell-source' from 'ssh://builder@nix-gcp-builder'...
building '/nix/store/pb8yhjwl5rv15cwgv7gmrc1nbj4r9wzx-cabal2nix-kenshou-mp12-cell.drv' on 'ssh://builder@nix-gcp-builder'...
copying 1 paths...
copying path '/nix/store/xz3h6pdn81w3h1azcdylbwjyq5k5635h-cabal2nix-kenshou-mp12-cell' from 'ssh://builder@nix-gcp-builder'...
these 7 derivations will be built:
  /nix/store/q5jj1i1d1sh7i9hw7g0fgd8h75s8l7r0-kiroku-store-0.9.0.1.drv
  /nix/store/y3xy5wljnl6fgss3flpg5njfw1i27bq7-shibuya-kiroku-adapter-0.5.1.5.drv
  /nix/store/wh8x7c8m7a00bp2acwryb4kmywfaap6p-kenshou-mp12-cell-0.1.0.0.drv
  /nix/store/3mbynsljy73drwvgbvlh0agsyydgrfw4-kiroku-mp12-head.drv
  /nix/store/iqrc63ay70j02s73xvfiml2xg13jn7qa-kiroku-mp12-head.drv
  /nix/store/xhmz2bl7dphpri7q2q205mnpqz91mmyg-kenshou-mp12-cell-0.1.0.0.drv
  /nix/store/qn76nmvr45wrywg76imx0sdhr733syh0-kiroku-mp12-released.drv
building '/nix/store/xhmz2bl7dphpri7q2q205mnpqz91mmyg-kenshou-mp12-cell-0.1.0.0.drv' on 'ssh://builder@nix-gcp-builder'...
building '/nix/store/q5jj1i1d1sh7i9hw7g0fgd8h75s8l7r0-kiroku-store-0.9.0.1.drv' on 'ssh://builder@nix-gcp-builder'...
copying 1 paths...
copying path '/nix/store/ljhgd5gri793c4by1h2m15pfkidqf270-kiroku-store-mp12-source' to 'ssh://builder@nix-gcp-builder'...
copying 1 paths...
copying path '/nix/store/r503hcnssjzcl7g4fb7cjk639skc88v0-kenshou-mp12-cell-0.1.0.0' from 'ssh://builder@nix-gcp-builder'...
building '/nix/store/qn76nmvr45wrywg76imx0sdhr733syh0-kiroku-mp12-released.drv' on 'ssh://builder@nix-gcp-builder'...
copying 1 paths...
copying path '/nix/store/d9454gf4fbncsvfg74j5g0jjji16zwm9-kiroku-mp12-released' from 'ssh://builder@nix-gcp-builder'...
copying 1 paths...
copying path '/nix/store/yzb7y481jjhg8q99vyw0jza5cjsq6kjf-kiroku-store-0.9.0.1' from 'ssh://builder@nix-gcp-builder'...
building '/nix/store/y3xy5wljnl6fgss3flpg5njfw1i27bq7-shibuya-kiroku-adapter-0.5.1.5.drv' on 'ssh://builder@nix-gcp-builder'...
copying 1 paths...
copying path '/nix/store/1vznxbi6x6m9vw63m6b8747rxly3gh9p-shibuya-kiroku-adapter-0.5.1.5' from 'ssh://builder@nix-gcp-builder'...
building '/nix/store/wh8x7c8m7a00bp2acwryb4kmywfaap6p-kenshou-mp12-cell-0.1.0.0.drv' on 'ssh://builder@nix-gcp-builder'...
copying 1 paths...
copying path '/nix/store/z9fkb9ywi1zmm262fmz1daiimi5aab4y-kenshou-mp12-cell-0.1.0.0' from 'ssh://builder@nix-gcp-builder'...
building '/nix/store/3mbynsljy73drwvgbvlh0agsyydgrfw4-kiroku-mp12-head.drv' on 'ssh://builder@nix-gcp-builder'...
building '/nix/store/iqrc63ay70j02s73xvfiml2xg13jn7qa-kiroku-mp12-head.drv' on 'ssh://builder@nix-gcp-builder'...
copying 1 paths...
copying path '/nix/store/ijkdgf7224vglq6rlbbwx24a0h0k7bp6-kiroku-mp12-head' from 'ssh://builder@nix-gcp-builder'...
copying 1 paths...
copying path '/nix/store/xd160imcb0xgsydq7h5k9pwgywxcjiir-kiroku-mp12-head' from 'ssh://builder@nix-gcp-builder'...
[{"drvPath":"/nix/store/qn76nmvr45wrywg76imx0sdhr733syh0-kiroku-mp12-released.drv","outputs":{"out":"/nix/store/d9454gf4fbncsvfg74j5g0jjji16zwm9-kiroku-mp12-released"}},{"drvPath":"/nix/store/3mbynsljy73drwvgbvlh0agsyydgrfw4-kiroku-mp12-head.drv","outputs":{"out":"/nix/store/ijkdgf7224vglq6rlbbwx24a0h0k7bp6-kiroku-mp12-head"}},{"drvPath":"/nix/store/iqrc63ay70j02s73xvfiml2xg13jn7qa-kiroku-mp12-head.drv","outputs":{"out":"/nix/store/xd160imcb0xgsydq7h5k9pwgywxcjiir-kiroku-mp12-head"}}]
