Loaded package environment from /Users/shinzui/Keikaku/bokuno/kiroku-project/kiroku/dist-newstyle/tmp/environment.-8732/.ghc.environment.aarch64-darwin-9.12.4
[1 of 2] Compiling Main             ( /tmp/mp12-ep6-diagnosis/StatsProbe.hs, /tmp/mp12-ep6-diagnosis/StatsProbe.o )
/tmp/mp12-ep6-diagnosis/StatsProbe.hs:26:14: error: [GHC-83865]
    • Couldn't match expected type ‘Int64’ with actual type ‘Int32’
    • In the first argument of ‘pure’, namely ‘(pid :: Int32)’
      In a stmt of a 'do' block: pure (pid :: Int32)
      In the second argument of ‘($)’, namely
        ‘do pid <- S.statement ()
                     $ preparable
                         "SELECT pg_backend_pid()" E.noParams
                         (D.singleRow (D.column (D.nonNullable D.int4)))
            S.script
              ("SELECT pg_stat_force_next_flush(); SELECT pg_sleep("
                 <> delay <> ")")
            pure (pid :: Int32)’
   |
26 |        pure (pid :: Int32)
   |              ^^^^^^^^^^^^

/tmp/mp12-ep6-diagnosis/StatsProbe.hs:27:8: error: [GHC-83865]
    • Couldn't match type ‘()’ with ‘Int64’
      Expected: S.Session Int64
        Actual: S.Session ()
    • In the second argument of ‘($)’, namely
        ‘S.script
           "CREATE TABLE mp12_stats_probe (id int primary key, value int); INSERT INTO mp12_stats_probe SELECT x,0 FROM generate_series(1,4) x"’
      In a stmt of a 'do' block:
        run
          $ S.script
              "CREATE TABLE mp12_stats_probe (id int primary key, value int); INSERT INTO mp12_stats_probe SELECT x,0 FROM generate_series(1,4) x"
      In the expression:
        do let run s = Pool.use ... s >>= either (fail . show) pure
               count
                 = run
                     $ S.statement ()
                         $ preparable
                             "SELECT n_tup_upd FROM pg_stat_user_tables WHERE schemaname='public' AND relname='mp12_stats_probe'"
                             E.noParams (D.singleRow (D.column (D.nonNullable D.int8)))
               ....
           run
             $ S.script
                 "CREATE TABLE mp12_stats_probe (id int primary key, value int); INSERT INTO mp12_stats_probe SELECT x,0 FROM generate_series(1,4) x"
           forM_ [1 .. 3 :: Int] $ \ trial -> do ...
   |
27 |  run $ S.script "CREATE TABLE mp12_stats_probe (id int primary key, value int); INSERT INTO mp12_stats_probe SELECT x,0 FROM generate_series(1,4) x"
   |        ^^^^^^^^^^^^^^^^^^^^^^^^^^^^^^^^^^^^^^^^^^^^^^^^^^^^^^^^^^^^^^^^^^^^^^^^^^^^^^^^^^^^^^^^^^^^^^^^^^^^^^^^^^^^^^^^^^^^^^^^^^^^^^^^^^^^^^^^^^^^^

/tmp/mp12-ep6-diagnosis/StatsProbe.hs:31:183: error: [GHC-83865]
    • Couldn't match type ‘()’ with ‘Int64’
      Expected: D.Result Int64
        Actual: D.Result ()
    • In the third argument of ‘preparable’, namely ‘D.noResult’
      In the second argument of ‘($)’, namely
        ‘preparable
           "UPDATE mp12_stats_probe SET value=value+1 WHERE id=$1"
           (E.param (E.nonNullable E.int4)) D.noResult’
      In the second argument of ‘($)’, namely
        ‘S.statement writer
           $ preparable
               "UPDATE mp12_stats_probe SET value=value+1 WHERE id=$1"
               (E.param (E.nonNullable E.int4)) D.noResult’
   |
31 |   Async.mapConcurrently_ (\writer -> replicateM_ 300 $ run $ S.statement writer $ preparable "UPDATE mp12_stats_probe SET value=value+1 WHERE id=$1" (E.param (E.nonNullable E.int4)) D.noResult) [1..4 :: Int32]
   |                                                                                                                                                                                       ^^^^^^^^^^

