warning: Git tree '/Users/shinzui/Keikaku/bokuno/kiroku-project/kiroku' has uncommitted changes
building '/nix/store/88n7wvkdskkyvqzi8z1h7ydzzp1gsr08-kenshou-mp12-cell-source.drv' on 'ssh://builder@nix-gcp-builder'...
copying 1 paths...
copying path '/nix/store/nkragc4js58y1z5fw59rdn5hf0cn22cg-source' to 'ssh://builder@nix-gcp-builder'...
copying 1 paths...
copying path '/nix/store/808p8z941bsn2np4knqbaxvlqhk9g88l-kenshou-mp12-cell-source' from 'ssh://builder@nix-gcp-builder'...
building '/nix/store/rz3i96f4ymd2kn5g1hpvg7sryj8kc1xx-cabal2nix-kenshou-mp12-cell.drv' on 'ssh://builder@nix-gcp-builder'...
copying 1 paths...
copying path '/nix/store/i42hr7b3dwkrmfpxbs5jcplghl2yll30-cabal2nix-kenshou-mp12-cell' from 'ssh://builder@nix-gcp-builder'...
these 2 derivations will be built:
  /nix/store/v7vbka4bnal2w2k9mxsx432lh3cqxjpx-kenshou-mp12-cell-0.1.0.0.drv
  /nix/store/j628cc82xz2zff66bwvdvil352ndig02-kiroku-mp12-head.drv
building '/nix/store/v7vbka4bnal2w2k9mxsx432lh3cqxjpx-kenshou-mp12-cell-0.1.0.0.drv' on 'ssh://builder@nix-gcp-builder'...
copying 2 paths...
copying path '/nix/store/p0k8wbl8vi4b784g2d1cbxa0l0089biy-jailbreak-cabal-1.4.1' to 'ssh://builder@nix-gcp-builder'...
copying path '/nix/store/xicm0c6jf60pppvc2rz2f8d2wnpqh314-shibuya-kiroku-adapter-0.6.0.0' to 'ssh://builder@nix-gcp-builder'...
copying 1 paths...
copying path '/nix/store/73f8lix5xnra21qzs8qzpy8a4n9abdnk-kenshou-mp12-cell-0.1.0.0' from 'ssh://builder@nix-gcp-builder'...
building '/nix/store/j628cc82xz2zff66bwvdvil352ndig02-kiroku-mp12-head.drv' on 'ssh://builder@nix-gcp-builder'...
copying 1 paths...
copying path '/nix/store/byfia85sildyrw21835k8a1w5r32rylw-kiroku-mp12-head' from 'ssh://builder@nix-gcp-builder'...
