{"at": 1791672348.048536, "remaining_seconds": 3328.500829935074, "verified": 0, "active_run": null, "phase": null, "instance_states": ["TERMINATED", "TERMINATED"]}
{"at": 1791672379.0921652, "remaining_seconds": 3297.4571962356567, "verified": 0, "active_run": "01a127fe-a583-74da-9e03-1f09da7295aa", "phase": null, "instance_states": ["RUNNING", "RUNNING"]}
{"at": 1791672408.912865, "remaining_seconds": 3267.6365180015564, "verified": 0, "active_run": "01a127fe-a583-74da-9e03-1f09da7295aa", "phase": null, "instance_states": ["RUNNING", "RUNNING"]}
{"at": 1791672439.999789, "remaining_seconds": 3236.549499988556, "verified": 0, "active_run": "01a127fe-a583-74da-9e03-1f09da7295aa", "phase": "fetching", "instance_states": ["RUNNING", "RUNNING"]}
{"at": 1791672470.088237, "remaining_seconds": 3206.4611389636993, "verified": 0, "active_run": "01a127fe-a583-74da-9e03-1f09da7295aa", "phase": "running", "instance_states": ["RUNNING", "RUNNING"]}
{"at": 1791672499.998278, "remaining_seconds": 3176.5510449409485, "verified": 0, "active_run": "01a127fe-a583-74da-9e03-1f09da7295aa", "phase": "running", "instance_states": ["RUNNING", "RUNNING"]}
{"at": 1791672530.9315898, "remaining_seconds": 3145.61775803566, "verified": 0, "active_run": "01a127fe-a583-74da-9e03-1f09da7295aa", "phase": "sealed", "instance_states": ["RUNNING", "RUNNING"]}
{"at": 1791672536.660652, "remaining_seconds": 3139.8887429237366, "verified": 0, "active_run": null, "phase": null, "instance_states": ["RUNNING", "RUNNING"]}
{"at": 1791672568.683228, "remaining_seconds": 3107.8661410808563, "verified": 0, "active_run": "01a12801-5d5d-7714-ad35-0a78b3f3c7ee", "phase": "fetching", "instance_states": ["RUNNING", "RUNNING"]}
{"at": 1791672598.627071, "remaining_seconds": 3077.9223051071167, "verified": 0, "active_run": "01a12801-5d5d-7714-ad35-0a78b3f3c7ee", "phase": "running", "instance_states": ["RUNNING", "RUNNING"]}
{"at": 1791672629.663342, "remaining_seconds": 3046.886006116867, "verified": 0, "active_run": "01a12801-5d5d-7714-ad35-0a78b3f3c7ee", "phase": "running", "instance_states": ["RUNNING", "RUNNING"]}
{"at": 1791672659.898574, "remaining_seconds": 3016.6507790088654, "verified": 0, "active_run": "01a12801-5d5d-7714-ad35-0a78b3f3c7ee", "phase": "sealed", "instance_states": ["RUNNING", "RUNNING"]}
{"at": 1791672689.942604, "remaining_seconds": 2986.6067521572113, "verified": 1, "active_run": "01a12801-5d5d-7714-b024-8cbf273dbbad", "phase": null, "instance_states": ["RUNNING", "RUNNING"]}
{"at": 1791672719.958338, "remaining_seconds": 2956.5910229682922, "verified": 1, "active_run": "01a12801-5d5d-7714-b024-8cbf273dbbad", "phase": "running", "instance_states": ["RUNNING", "RUNNING"]}
{"at": 1791672750.00876, "remaining_seconds": 2926.5406169891357, "verified": 1, "active_run": "01a12801-5d5d-7714-b024-8cbf273dbbad", "phase": "running", "instance_states": ["RUNNING", "RUNNING"]}
{"at": 1791672779.908625, "remaining_seconds": 2896.6407339572906, "verified": 1, "active_run": "01a12801-5d5d-7714-b024-8cbf273dbbad", "phase": "running", "instance_states": ["RUNNING", "RUNNING"]}
{"at": 1791672810.891358, "remaining_seconds": 2865.6579751968384, "verified": 2, "active_run": "01a12801-5d5e-7187-9373-944f54b86afe", "phase": null, "instance_states": ["RUNNING", "RUNNING"]}
{"at": 1791672841.605233, "remaining_seconds": 2834.9441208839417, "verified": 2, "active_run": "01a12801-5d5e-7187-9373-944f54b86afe", "phase": "fetching", "instance_states": ["RUNNING", "RUNNING"]}
{"at": 1791672872.66132, "remaining_seconds": 2803.88805103302, "verified": 2, "active_run": "01a12801-5d5e-7187-9373-944f54b86afe", "phase": "running", "instance_states": ["RUNNING", "RUNNING"]}
{"at": 1791672902.606097, "remaining_seconds": 2773.9432690143585, "verified": 2, "active_run": "01a12801-5d5e-7187-9373-944f54b86afe", "phase": "running", "instance_states": ["RUNNING", "RUNNING"]}
{"at": 1791672933.8567328, "remaining_seconds": 2742.692536830902, "verified": 3, "active_run": "01a12801-5d5e-7187-94e5-c268cc403f3d", "phase": null, "instance_states": ["RUNNING", "RUNNING"]}
{"at": 1791672963.084428, "remaining_seconds": 2713.4648339748383, "verified": 3, "active_run": "01a12801-5d5e-7187-94e5-c268cc403f3d", "phase": "fetching", "instance_states": ["RUNNING", "RUNNING"]}
{"at": 1791672993.000323, "remaining_seconds": 2683.54900598526, "verified": 3, "active_run": "01a12801-5d5e-7187-94e5-c268cc403f3d", "phase": "running", "instance_states": ["RUNNING", "RUNNING"]}
{"at": 1791673023.804564, "remaining_seconds": 2652.744831085205, "verified": 3, "active_run": "01a12801-5d5e-7187-94e5-c268cc403f3d", "phase": "running", "instance_states": ["RUNNING", "RUNNING"]}
{"at": 1791673054.7085068, "remaining_seconds": 2621.840880870819, "verified": 3, "active_run": "01a12801-5d5e-7187-94e5-c268cc403f3d", "phase": "sealed", "instance_states": ["RUNNING", "RUNNING"]}
{"at": 1791673085.3765419, "remaining_seconds": 2591.172775030136, "verified": 4, "active_run": "01a12801-5d5e-7187-986b-833aa44528cb", "phase": null, "instance_states": ["RUNNING", "RUNNING"]}
{"at": 1791673116.729748, "remaining_seconds": 2559.8195900917053, "verified": 4, "active_run": "01a12801-5d5e-7187-986b-833aa44528cb", "phase": "running", "instance_states": ["RUNNING", "RUNNING"]}
{"at": 1791673146.641783, "remaining_seconds": 2529.9074351787567, "verified": 4, "active_run": "01a12801-5d5e-7187-986b-833aa44528cb", "phase": "running", "instance_states": ["RUNNING", "RUNNING"]}
{"at": 1791673177.544097, "remaining_seconds": 2499.005290031433, "verified": 4, "active_run": "01a12801-5d5e-7187-986b-833aa44528cb", "phase": "running", "instance_states": ["RUNNING", "RUNNING"]}
{"at": 1791673208.853405, "remaining_seconds": 2467.695950984955, "verified": 5, "active_run": "01a12801-5d5e-7187-9e35-2d864b5064b4", "phase": null, "instance_states": ["RUNNING", "RUNNING"]}
{"at": 1791673238.763207, "remaining_seconds": 2437.786045074463, "verified": 5, "active_run": "01a12801-5d5e-7187-9e35-2d864b5064b4", "phase": "fetching", "instance_states": ["RUNNING", "RUNNING"]}
{"at": 1791673269.675822, "remaining_seconds": 2406.8735299110413, "verified": 5, "active_run": "01a12801-5d5e-7187-9e35-2d864b5064b4", "phase": "running", "instance_states": ["RUNNING", "RUNNING"]}
{"at": 1791673300.871052, "remaining_seconds": 2375.678325176239, "verified": 5, "active_run": "01a12801-5d5e-7187-9e35-2d864b5064b4", "phase": "running", "instance_states": ["RUNNING", "RUNNING"]}
{"at": 1791673330.868285, "remaining_seconds": 2345.681077003479, "verified": 6, "active_run": "01a12801-5d5e-7187-a06d-299cacaf340e", "phase": null, "instance_states": ["RUNNING", "RUNNING"]}
{"at": 1791673360.763936, "remaining_seconds": 2315.7853598594666, "verified": 6, "active_run": "01a12801-5d5e-7187-a06d-299cacaf340e", "phase": "fetching", "instance_states": ["RUNNING", "RUNNING"]}
{"at": 1791673391.7522051, "remaining_seconds": 2284.797178030014, "verified": 6, "active_run": "01a12801-5d5e-7187-a06d-299cacaf340e", "phase": "running", "instance_states": ["RUNNING", "RUNNING"]}
{"at": 1791673422.7707012, "remaining_seconds": 2253.778710126877, "verified": 6, "active_run": "01a12801-5d5e-7187-a06d-299cacaf340e", "phase": "running", "instance_states": ["RUNNING", "RUNNING"]}
{"at": 1791673452.620078, "remaining_seconds": 2223.9292781352997, "verified": 6, "active_run": "01a12801-5d5e-7187-a06d-299cacaf340e", "phase": "sealed", "instance_states": ["RUNNING", "RUNNING"]}
{"at": 1791673483.437366, "remaining_seconds": 2193.112001180649, "verified": 7, "active_run": "01a12801-5d5e-7187-a414-69a4af150768", "phase": null, "instance_states": ["RUNNING", "RUNNING"]}
{"at": 1791673514.849292, "remaining_seconds": 2161.700047016144, "verified": 7, "active_run": "01a12801-5d5e-7187-a414-69a4af150768", "phase": "running", "instance_states": ["RUNNING", "RUNNING"]}
{"at": 1791673544.703001, "remaining_seconds": 2131.846346139908, "verified": 7, "active_run": "01a12801-5d5e-7187-a414-69a4af150768", "phase": "running", "instance_states": ["RUNNING", "RUNNING"]}
{"at": 1791673575.6420171, "remaining_seconds": 2100.907357931137, "verified": 7, "active_run": "01a12801-5d5e-7187-a414-69a4af150768", "phase": "running", "instance_states": ["RUNNING", "RUNNING"]}
{"at": 1791673606.536553, "remaining_seconds": 2070.0127329826355, "verified": 8, "active_run": "01a12801-5d5e-7187-aa2f-24e6c1d8e04f", "phase": null, "instance_states": ["RUNNING", "RUNNING"]}
{"at": 1791673637.505433, "remaining_seconds": 2039.043927192688, "verified": 8, "active_run": "01a12801-5d5e-7187-aa2f-24e6c1d8e04f", "phase": "fetching", "instance_states": ["RUNNING", "RUNNING"]}
{"at": 1791673669.694588, "remaining_seconds": 2006.8547060489655, "verified": 8, "active_run": "01a12801-5d5e-7187-aa2f-24e6c1d8e04f", "phase": "running", "instance_states": ["RUNNING", "RUNNING"]}
{"at": 1791673698.778049, "remaining_seconds": 1977.7713270187378, "verified": 8, "active_run": "01a12801-5d5e-7187-aa2f-24e6c1d8e04f", "phase": "running", "instance_states": ["RUNNING", "RUNNING"]}
{"at": 1791673728.886921, "remaining_seconds": 1947.6624331474304, "verified": 9, "active_run": "01a12801-5d5e-7187-aef8-88337bf5c264", "phase": null, "instance_states": ["RUNNING", "RUNNING"]}
{"at": 1791673759.1837509, "remaining_seconds": 1917.3655598163605, "verified": 9, "active_run": "01a12801-5d5e-7187-aef8-88337bf5c264", "phase": "resetting", "instance_states": ["RUNNING", "RUNNING"]}
{"at": 1791673789.085747, "remaining_seconds": 1887.4636330604553, "verified": 9, "active_run": "01a12801-5d5e-7187-aef8-88337bf5c264", "phase": "running", "instance_states": ["RUNNING", "RUNNING"]}
{"at": 1791673820.169877, "remaining_seconds": 1856.3794770240784, "verified": 9, "active_run": "01a12801-5d5e-7187-aef8-88337bf5c264", "phase": "running", "instance_states": ["RUNNING", "RUNNING"]}
{"at": 1791673850.2141728, "remaining_seconds": 1826.3352091312408, "verified": 9, "active_run": "01a12801-5d5e-7187-aef8-88337bf5c264", "phase": "running", "instance_states": ["RUNNING", "RUNNING"]}
{"case": "existing-category-browse", "verdict": "inconclusive", "pairs": 5, "costEstimates": {"purpose": "cost estimation; distinct from the unchanged zero-slowdown policy verdict", "confidenceLevel": 0.95, "pairs": 5, "policyVerdict": "inconclusive", "metrics": {"op.append.latency.p50": {"candidateChangePercent": 0.46212855597185243, "confidenceIntervalPercent": [-1.2603252969706769, 2.2146295736882315], "upperSlowdownBoundPercent": 2.2146295736882315}, "op.append.latency.p95": {"candidateChangePercent": -0.146525387256502, "confidenceIntervalPercent": [-1.2250296132339633, 0.9437548115296401], "upperSlowdownBoundPercent": 0.9437548115296401}, "op.append.latency.p99": {"candidateChangePercent": -0.013441892279963952, "confidenceIntervalPercent": [-2.192310884562121, 2.2139659227518482], "upperSlowdownBoundPercent": 2.2139659227518482}, "op.append.throughput": {"candidateChangePercent": -0.46594277204793366, "confidenceIntervalPercent": [-1.821203857179965, 0.9080263506750619], "upperSlowdownBoundPercent": 1.821203857179965}}}}
