grade: benchmark
op.append.error-rate: 0.0 ratio
op.append.latency.max: 5.4958826e7 ns
op.append.latency.mean: 4998788.178369244 ns
op.append.latency.p50: 5038079.0 ns
op.append.latency.p90: 5443583.0 ns
op.append.latency.p95: 5586943.0 ns
op.append.latency.p99: 6017023.0 ns
op.append.latency.p999: 1.3574143e7 ns
op.append.service.p99: 6017023.0 ns
op.append.throughput: 775.8481151306671 ops/s
op.append.units-throughput: 775.8481151306671 units/s
pg.checkpoints-in-window: 0.0 count
pg.wal-bytes-per-op: 1920.6744402196873 bytes/op
proc.cpu-utilisation: 8.079702593143619e-2 ratio
proc.rss-max: 3.26197248e8 bytes
rts.alloc-bytes-per-op: 145097.17329953526 bytes/op
rts.alloc-rate: 1.1257336841523221e8 bytes/s
rts.gc-productivity: 0.9969563967885668 ratio
rts.live-bytes-major-mean: 1.1238744e7 bytes
rts.max-live-bytes: 1.3720296e7 bytes
grade: benchmark
op.append.error-rate: 0.0 ratio
op.append.latency.max: 6.8052311e7 ns
op.append.latency.mean: 5031717.583746782 ns
op.append.latency.p50: 5025791.0 ns
op.append.latency.p90: 5386239.0 ns
op.append.latency.p95: 5509119.0 ns
op.append.latency.p99: 5980159.0 ns
op.append.latency.p999: 1.3639679e7 ns
op.append.service.p99: 5980159.0 ns
op.append.throughput: 782.9980719650304 ops/s
op.append.units-throughput: 782.9980719650304 units/s
pg.checkpoints-in-window: 0.0 count
pg.wal-bytes-per-op: 1966.533839938035 bytes/op
proc.cpu-utilisation: 8.105519198365206e-2 ratio
proc.rss-max: 3.49650944e8 bytes
rts.alloc-bytes-per-op: 146792.57292386275 bytes/op
rts.alloc-rate: 1.1493830157817066e8 bytes/s
rts.gc-productivity: 0.9968582776275219 ratio
rts.live-bytes-major-mean: 1.1081386e7 bytes
rts.max-live-bytes: 1.3707624e7 bytes
grade: benchmark
op.append.error-rate: 0.0 ratio
op.append.latency.max: 5.9608136e7 ns
op.append.latency.mean: 4999700.705387913 ns
op.append.latency.p50: 5029887.0 ns
op.append.latency.p90: 5402623.0 ns
op.append.latency.p95: 5529599.0 ns
op.append.latency.p99: 5959679.0 ns
op.append.latency.p999: 1.3557759e7 ns
op.append.service.p99: 5959679.0 ns
op.append.throughput: 780.033508930855 ops/s
op.append.units-throughput: 780.033508930855 units/s
pg.checkpoints-in-window: 0.0 count
pg.wal-bytes-per-op: 1927.332142556947 bytes/op
proc.cpu-utilisation: 8.027683680736451e-2 ratio
proc.rss-max: 3.29244672e8 bytes
rts.alloc-bytes-per-op: 144186.2382113138 bytes/op
rts.alloc-rate: 1.1247009733151121e8 bytes/s
rts.gc-productivity: 0.9970895248148623 ratio
rts.live-bytes-major-mean: 1.0956126e7 bytes
rts.max-live-bytes: 1.3796952e7 bytes
grade: benchmark
op.append.error-rate: 0.0 ratio
op.append.latency.max: 7.3076929e7 ns
op.append.latency.mean: 4922643.149626758 ns
op.append.latency.p50: 4931583.0 ns
op.append.latency.p90: 5357567.0 ns
op.append.latency.p95: 5505023.0 ns
op.append.latency.p99: 5951487.0 ns
op.append.latency.p999: 1.4426111e7 ns
op.append.service.p99: 5951487.0 ns
op.append.throughput: 794.7583793027675 ops/s
op.append.units-throughput: 794.7583793027675 units/s
pg.checkpoints-in-window: 0.0 count
pg.wal-bytes-per-op: 1938.629418072339 bytes/op
proc.cpu-utilisation: 8.11245510279354e-2 ratio
proc.rss-max: 3.34966784e8 bytes
rts.alloc-bytes-per-op: 144938.36235410566 bytes/op
rts.alloc-rate: 1.1519097796334627e8 bytes/s
rts.gc-productivity: 0.9966826326566491 ratio
rts.live-bytes-major-mean: 1.1875728e7 bytes
rts.max-live-bytes: 1.4223992e7 bytes
grade: benchmark
op.append.error-rate: 0.0 ratio
op.append.latency.max: 6.7381314e7 ns
op.append.latency.mean: 4941095.661467602 ns
op.append.latency.p50: 4997119.0 ns
op.append.latency.p90: 5402623.0 ns
op.append.latency.p95: 5533695.0 ns
op.append.latency.p99: 5984255.0 ns
op.append.latency.p999: 1.4008319e7 ns
op.append.service.p99: 5984255.0 ns
op.append.throughput: 782.8088789964531 ops/s
op.append.units-throughput: 782.8088789964531 units/s
pg.checkpoints-in-window: 0.0 count
pg.wal-bytes-per-op: 1931.0975191039463 bytes/op
proc.cpu-utilisation: 8.395139710372304e-2 ratio
proc.rss-max: 3.30059776e8 bytes
rts.alloc-bytes-per-op: 143997.84344185074 bytes/op
rts.alloc-rate: 1.1272279040262194e8 bytes/s
rts.gc-productivity: 0.9967690157914254 ratio
rts.live-bytes-major-mean: 1.1624812e7 bytes
rts.max-live-bytes: 1.383256e7 bytes
grade: benchmark
op.append.error-rate: 0.0 ratio
op.append.latency.max: 7.5561768e7 ns
op.append.latency.mean: 5069564.697707463 ns
op.append.latency.p50: 5083135.0 ns
op.append.latency.p90: 5459967.0 ns
op.append.latency.p95: 5582847.0 ns
op.append.latency.p99: 6107135.0 ns
op.append.latency.p999: 1.4073855e7 ns
op.append.service.p99: 6107135.0 ns
op.append.throughput: 772.8978906224536 ops/s
op.append.units-throughput: 772.8978906224536 units/s
pg.checkpoints-in-window: 0.0 count
pg.wal-bytes-per-op: 1948.5422560600598 bytes/op
proc.cpu-utilisation: 8.330866602525015e-2 ratio
proc.rss-max: 3.38333696e8 bytes
rts.alloc-bytes-per-op: 145607.28131826184 bytes/op
rts.alloc-rate: 1.1253956059015475e8 bytes/s
rts.gc-productivity: 0.9968104439641778 ratio
rts.live-bytes-major-mean: 1.1036914e7 bytes
rts.max-live-bytes: 1.3867368e7 bytes
grade: benchmark
op.append.error-rate: 0.0 ratio
op.append.latency.max: 7.1655873e7 ns
op.append.latency.mean: 4946062.726750106 ns
op.append.latency.p50: 5021695.0 ns
op.append.latency.p90: 5488639.0 ns
op.append.latency.p95: 5631999.0 ns
op.append.latency.p99: 6103039.0 ns
op.append.latency.p999: 1.3656063e7 ns
op.append.service.p99: 6103039.0 ns
op.append.throughput: 772.686066409321 ops/s
op.append.units-throughput: 772.686066409321 units/s
pg.checkpoints-in-window: 0.0 count
pg.wal-bytes-per-op: 1939.9507848960543 bytes/op
proc.cpu-utilisation: 7.941586745339754e-2 ratio
proc.rss-max: 3.35777792e8 bytes
rts.alloc-bytes-per-op: 145559.5339838778 bytes/op
rts.alloc-rate: 1.1247182374237643e8 bytes/s
rts.gc-productivity: 0.9968654998958278 ratio
rts.live-bytes-major-mean: 1.068363e7 bytes
rts.max-live-bytes: 1.3696992e7 bytes
grade: benchmark
op.append.error-rate: 0.0 ratio
op.append.latency.max: 6.7837938e7 ns
op.append.latency.mean: 5141580.596994362 ns
op.append.latency.p50: 5091327.0 ns
op.append.latency.p90: 5505023.0 ns
op.append.latency.p95: 5652479.0 ns
op.append.latency.p99: 6266879.0 ns
op.append.latency.p999: 1.4286847e7 ns
op.append.service.p99: 6266879.0 ns
op.append.throughput: 773.2047307591995 ops/s
op.append.units-throughput: 773.2047307591995 units/s
pg.checkpoints-in-window: 0.0 count
pg.wal-bytes-per-op: 1916.3774852685574 bytes/op
proc.cpu-utilisation: 7.80530656289094e-2 ratio
proc.rss-max: 3.28237056e8 bytes
rts.alloc-bytes-per-op: 145500.98469625672 bytes/op
rts.alloc-rate: 1.1250204969726759e8 bytes/s
rts.gc-productivity: 0.9968021114681827 ratio
rts.live-bytes-major-mean: 1.1226468e7 bytes
rts.max-live-bytes: 1.3869744e7 bytes
grade: benchmark
op.append.error-rate: 0.0 ratio
op.append.latency.max: 6.830973e7 ns
op.append.latency.mean: 4971762.389844969 ns
op.append.latency.p50: 4984831.0 ns
op.append.latency.p90: 5386239.0 ns
op.append.latency.p95: 5521407.0 ns
op.append.latency.p99: 5955583.0 ns
op.append.latency.p999: 1.3844479e7 ns
op.append.service.p99: 5951487.0 ns
op.append.throughput: 787.5694500380562 ops/s
op.append.units-throughput: 787.5694500380562 units/s
pg.checkpoints-in-window: 0.0 count
pg.wal-bytes-per-op: 1925.11776089897 bytes/op
proc.cpu-utilisation: 8.120708823095553e-2 ratio
proc.rss-max: 3.45821184e8 bytes
rts.alloc-bytes-per-op: 146044.80482780148 bytes/op
rts.alloc-rate: 1.1502042661914685e8 bytes/s
rts.gc-productivity: 0.9968790916111157 ratio
rts.live-bytes-major-mean: 1.1397844e7 bytes
rts.max-live-bytes: 1.3711536e7 bytes
grade: benchmark
op.append.error-rate: 0.0 ratio
op.append.latency.max: 6.9498957e7 ns
op.append.latency.mean: 5020832.9478626605 ns
op.append.latency.p50: 4997119.0 ns
op.append.latency.p90: 5369855.0 ns
op.append.latency.p95: 5505023.0 ns
op.append.latency.p99: 6017023.0 ns
op.append.latency.p999: 1.4147583e7 ns
op.append.service.p99: 6017023.0 ns
op.append.throughput: 787.2457283429754 ops/s
op.append.units-throughput: 787.2457283429754 units/s
pg.checkpoints-in-window: 0.0 count
pg.wal-bytes-per-op: 1923.0909280196556 bytes/op
proc.cpu-utilisation: 8.023752972783778e-2 ratio
proc.rss-max: 3.30584064e8 bytes
rts.alloc-bytes-per-op: 146018.86538821913 bytes/op
rts.alloc-rate: 1.1495272803436345e8 bytes/s
rts.gc-productivity: 0.9968370447048105 ratio
rts.live-bytes-major-mean: 1.1108108e7 bytes
rts.max-live-bytes: 1.3695328e7 bytes
