just perf-structure
cabal test kiroku-store:kiroku-store-test --test-show-details=direct --test-options='--match "performance structure"'
Build profile: -w ghc-9.12.4 -O1
In order, the following will be built (use -v for more details):
 - kiroku-store-0.9.0.1 (lib) (file src/Kiroku/Store/Subscription/Types.hs changed)
 - kiroku-store-0.9.0.1 (test:kiroku-store-test) (dependency rebuilt)
Preprocessing library for kiroku-store-0.9.0.1...
Building library for kiroku-store-0.9.0.1...
[ 4 of 30] Compiling Kiroku.Store.Subscription.Types ( src/Kiroku/Store/Subscription/Types.hs, /Users/shinzui/Keikaku/bokuno/kiroku-project/kiroku/dist-newstyle/build/aarch64-osx/ghc-9.12.4/kiroku-store-0.9.0.1/build/Kiroku/Store/Subscription/Types.o, /Users/shinzui/Keikaku/bokuno/kiroku-project/kiroku/dist-newstyle/build/aarch64-osx/ghc-9.12.4/kiroku-store-0.9.0.1/build/Kiroku/Store/Subscription/Types.dyn_o ) [Source file changed]
Preprocessing test suite 'kiroku-store-test' for kiroku-store-0.9.0.1...
Building test suite 'kiroku-store-test' for kiroku-store-0.9.0.1...
Running 1 test suites...
Test suite kiroku-store-test: RUNNING...

performance structure
  no-op paths use no pooled connection
    rejects invalid batch and buffer sizes before pool checkout [✔]
    rejects invalid consumer-group values before pool checkout [✔]
    refuses mismatched topology in exactly one initialization checkout with no handler [✔]
    refuses mismatched target in exactly one initialization checkout with no handler [✔]
    keeps ordinary checkpoint saves as one unconditional monotonic upsert [✔]
    rejects an empty appendToStream batch before pool checkout [✔]
    returns an empty appendMultiStream result before pool checkout [✔]
    rejects invalid retention requests before pool checkout [✔]
    keeps every ordinary statement free of retention coordination [✔]
  production query plans
    visible global head lookup uses ux_stream_events_stream_version without Sort [✔]
    dead-letter reads use ix_dead_letters_subscription_position without Sort [✔]
    orphan dead-letter cleanup uses ix_dead_letters_event_id [✔]
    active retention lookup uses ix_history_retention_leases_unreleased_expiry [✔]
    installs no retention trigger for INSERT or UPDATE [✔]
  category read cost
    category high-cursor reads use ix_stream_events_all_by_category without Sort [✔]
    consumer-group category reads use ix_stream_events_all_by_category without Sort [✔]
    category caught-up poll on 20000 idle streams reads at most 32 buffers [✔]
  NOTIFY trigger guard
    emits one unchanged append payload and no lifecycle or $all payloads [✔]
    emits the unchanged payload for a 512-byte stream name [✔]
  empty stream-name lookup
    short-circuits empty input without a pool checkout [✔]

Finished in 3.9150 seconds
20 examples, 0 failures
Test suite kiroku-store-test: PASS
Test suite logged to:
/Users/shinzui/Keikaku/bokuno/kiroku-project/kiroku/dist-newstyle/build/aarch64-osx/ghc-9.12.4/kiroku-store-0.9.0.1/t/kiroku-store-test/test/kiroku-store-0.9.0.1-kiroku-store-test.log
1 of 1 test suites (1 of 1 test cases) passed.
just perf-workload-gate
cabal bench kiroku-store:kiroku-store-bench-workload-gate --benchmark-options="--stdev 5"
Build profile: -w ghc-9.12.4 -O1
In order, the following will be built (use -v for more details):
 - kiroku-store-0.9.0.1 (bench:kiroku-store-bench-workload-gate) (file /Users/shinzui/Keikaku/bokuno/kiroku-project/kiroku/dist-newstyle/build/aarch64-osx/ghc-9.12.4/kiroku-store-0.9.0.1/cache/build changed)
Preprocessing benchmark 'kiroku-store-bench-workload-gate' for kiroku-store-0.9.0.1...
Building benchmark 'kiroku-store-bench-workload-gate' for kiroku-store-0.9.0.1...
Running 1 benchmarks...
Benchmark kiroku-store-bench-workload-gate: RUNNING...
All
  append-multi-stream
    sequential-control-4:                    OK
      615  μs ±  30 μs
    production-pipeline-4:                   OK
      524  μs ±  52 μs, 0.85x
    sequential-control-8:                    OK
      1.13 ms ±  58 μs
    production-pipeline-8:                   OK
      945  μs ±  93 μs, 0.83x
  append-category-column
    control-append-40:                       OK
      44.4 ms ±  48 ms
    candidate-append-40:                     OK
      6.40 ms ± 169 μs, 0.14x
  category-read
    control-exhausted-category:              OK
      2.32 ms ± 160 μs
    candidate-exhausted-category:            OK
      907  μs ±  79 μs, 0.39x
    control-page-200-streams-from-0:         OK
      268  ms ±  20 ms
    candidate-page-200-streams-from-0:       OK
      7.61 ms ± 295 μs, 0.03x
    control-page-20000-streams-from-0:       OK
      356  ms ±  16 ms
    candidate-page-20000-streams-from-0:     OK
      7.58 ms ± 428 μs, 0.02x
    control-plain-caught-up-20000-streams:   OK
      114  ms ± 7.3 ms
    candidate-plain-caught-up-20000-streams: OK
      900  μs ±  65 μs, 0.01x
    control-group-caught-up-20000-streams:   OK
      76.9 ms ± 7.7 ms
    candidate-group-caught-up-20000-streams: OK
      992  μs ±  40 μs, 0.01x

All 16 tests passed (116.73s)
Benchmark kiroku-store-bench-workload-gate: FINISH
