Build profile: -w ghc-9.12.4 -O1
In order, the following will be built (use -v for more details):
 - kiroku-store-0.10.0.0 (test:kiroku-store-test) (file test/Main.hs changed)
Preprocessing test suite 'kiroku-store-test' for kiroku-store-0.10.0.0...
Building test suite 'kiroku-store-test' for kiroku-store-0.10.0.0...
[23 of 56] Compiling Test.PerformanceStructure ( test/Test/PerformanceStructure.hs, /Users/shinzui/Keikaku/bokuno/kiroku-project/kiroku/dist-newstyle/build/aarch64-osx/ghc-9.12.4/kiroku-store-0.10.0.0/t/kiroku-store-test/build/kiroku-store-test/kiroku-store-test-tmp/Test/PerformanceStructure.o ) [Source file changed]
test/Test/PerformanceStructure.hs:48:17: warning: [GHC-63397] [-Wname-shadowing]
    This binding for ‘before’ shadows the existing binding
      imported from ‘Test.Hspec’ at test/Test/PerformanceStructure.hs:32:1-17
      (and originally defined in ‘hspec-core-2.11.18:Test.Hspec.Core.Hooks’)
   |
48 |                 before <- readIORef checkouts
   |                 ^^^^^^

test/Test/PerformanceStructure.hs:50:17: warning: [GHC-63397] [-Wname-shadowing]
    This binding for ‘after’ shadows the existing binding
      imported from ‘Test.Hspec’ at test/Test/PerformanceStructure.hs:32:1-17
      (and originally defined in ‘hspec-core-2.11.18:Test.Hspec.Core.Hooks’)
   |
50 |                 after <- readIORef checkouts
   |                 ^^^^^

test/Test/PerformanceStructure.hs:56:17: warning: [GHC-63397] [-Wname-shadowing]
    This binding for ‘before’ shadows the existing binding
      imported from ‘Test.Hspec’ at test/Test/PerformanceStructure.hs:32:1-17
      (and originally defined in ‘hspec-core-2.11.18:Test.Hspec.Core.Hooks’)
   |
56 |                 before <- readIORef checkouts
   |                 ^^^^^^

test/Test/PerformanceStructure.hs:60:17: warning: [GHC-63397] [-Wname-shadowing]
    This binding for ‘after’ shadows the existing binding
      imported from ‘Test.Hspec’ at test/Test/PerformanceStructure.hs:32:1-17
      (and originally defined in ‘hspec-core-2.11.18:Test.Hspec.Core.Hooks’)
   |
60 |                 after <- readIORef checkouts
   |                 ^^^^^

test/Test/PerformanceStructure.hs:66:17: warning: [GHC-63397] [-Wname-shadowing]
    This binding for ‘before’ shadows the existing binding
      imported from ‘Test.Hspec’ at test/Test/PerformanceStructure.hs:32:1-17
      (and originally defined in ‘hspec-core-2.11.18:Test.Hspec.Core.Hooks’)
   |
66 |                 before <- readIORef checkouts
   |                 ^^^^^^

test/Test/PerformanceStructure.hs:68:21: warning: [GHC-62161] [-Wincomplete-uni-patterns]
    Pattern match(es) are non-exhaustive
    In a pattern binding:
        Patterns of type ‘Either
                            InvalidConsumerGroup ConsumerGroupSize’ not matched:
            Left _
   |
68 |                 let Right n = mkConsumerGroupSize 2
   |                     ^^^^^^^^^^^^^^^^^^^^^^^^^^^^^^^

test/Test/PerformanceStructure.hs:70:17: warning: [GHC-63397] [-Wname-shadowing]
    This binding for ‘after’ shadows the existing binding
      imported from ‘Test.Hspec’ at test/Test/PerformanceStructure.hs:32:1-17
      (and originally defined in ‘hspec-core-2.11.18:Test.Hspec.Core.Hooks’)
   |
70 |                 after <- readIORef checkouts
   |                 ^^^^^

test/Test/PerformanceStructure.hs:269:29: warning: [GHC-63397] [-Wname-shadowing]
    This binding for ‘member’ shadows the existing binding
      imported from ‘Kiroku.Store’ at test/Test/PerformanceStructure.hs:24:1-19
      (and originally defined in ‘Kiroku.Store.Subscription.Types’)
    |
269 |                     groupAt member =
    |                             ^^^^^^

[32 of 56] Compiling Test.StreamHead  ( test/Test/StreamHead.hs, /Users/shinzui/Keikaku/bokuno/kiroku-project/kiroku/dist-newstyle/build/aarch64-osx/ghc-9.12.4/kiroku-store-0.10.0.0/t/kiroku-store-test/build/kiroku-store-test/kiroku-store-test-tmp/Test/StreamHead.o )
[56 of 56] Compiling Main             ( test/Main.hs, /Users/shinzui/Keikaku/bokuno/kiroku-project/kiroku/dist-newstyle/build/aarch64-osx/ghc-9.12.4/kiroku-store-0.10.0.0/t/kiroku-store-test/build/kiroku-store-test/kiroku-store-test-tmp/Main.o ) [Source file changed]
[57 of 57] Linking /Users/shinzui/Keikaku/bokuno/kiroku-project/kiroku/dist-newstyle/build/aarch64-osx/ghc-9.12.4/kiroku-store-0.10.0.0/t/kiroku-store-test/build/kiroku-store-test/kiroku-store-test [Objects changed]
Running 1 test suites...
Test suite kiroku-store-test: RUNNING...

performance structure
  stream head legacy isolation
    preserves getStreamStmt byte for byte [✔]
    preserves readStreamForwardStmt byte for byte [✔]
    preserves readStreamBackwardStmt byte for byte [✔]
    preserves readAllForwardStmt byte for byte [✔]
    preserves readAllBackwardStmt byte for byte [✔]
    preserves readCategoryForwardStmt byte for byte [✔]
    preserves readCategoryForwardConsumerGroupStmt byte for byte [✔]
    preserves appendExpectedVersion byte for byte [✔]
    preserves appendStreamExists byte for byte [✔]
    preserves appendNoStream byte for byte [✔]
    preserves appendAnyVersion byte for byte [✔]
    preserves linkToStreamStmt byte for byte [✔]
    keeps the six metadata and eleven event result columns [✔]
  stream head query work
STREAM_HEAD_PLAN bench-1 literal "[{\"Execution Time\":6.3e-2,\"Plan\":{\"Actual Loops\":1,\"Actual Rows\":1.0,\"Alias\":\"s\",\"Async Capable\":false,\"Disabled\":false,\"Index Cond\":\"(stream_name = 'bench-1'::text)\",\"Index Name\":\"ix_streams_stream_name\",\"Index Searches\":1,\"Local Dirtied Blocks\":0,\"Local Hit Blocks\":0,\"Local Read Blocks\":0,\"Local Written Blocks\":0,\"Node Type\":\"Index Scan\",\"Parallel Aware\":false,\"Plan Rows\":1,\"Plan Width\":57,\"Plans\":[{\"Actual Loops\":1,\"Actual Rows\":1.0,\"Async Capable\":false,\"Disabled\":false,\"Local Dirtied Blocks\":0,\"Local Hit Blocks\":0,\"Local Read Blocks\":0,\"Local Written Blocks\":0,\"Node Type\":\"Limit\",\"Parallel Aware\":false,\"Parent Relationship\":\"SubPlan\",\"Plan Rows\":1,\"Plan Width\":8,\"Plans\":[{\"Actual Loops\":1,\"Actual Rows\":1.0,\"Alias\":\"se\",\"Async Capable\":false,\"Disabled\":false,\"Heap Fetches\":0,\"Index Cond\":\"(original_stream_id = s.stream_id)\",\"Index Name\":\"ix_stream_events_all_by_origin\",\"Index Searches\":1,\"Local Dirtied Blocks\":0,\"Local Hit Blocks\":0,\"Local Read Blocks\":0,\"Local Written Blocks\":0,\"Node Type\":\"Index Only Scan\",\"Parallel Aware\":false,\"Parent Relationship\":\"Outer\",\"Plan Rows\":200,\"Plan Width\":8,\"Relation Name\":\"stream_events\",\"Rows Removed by Index Recheck\":0,\"Scan Direction\":\"Backward\",\"Shared Dirtied Blocks\":0,\"Shared Hit Blocks\":1,\"Shared Read Blocks\":3,\"Shared Written Blocks\":0,\"Startup Cost\":0.42,\"Temp Read Blocks\":0,\"Temp Written Blocks\":0,\"Total Cost\":4.92}],\"Shared Dirtied Blocks\":0,\"Shared Hit Blocks\":1,\"Shared Read Blocks\":3,\"Shared Written Blocks\":0,\"Startup Cost\":0.42,\"Subplan Name\":\"SubPlan 1\",\"Temp Read Blocks\":0,\"Temp Written Blocks\":0,\"Total Cost\":0.44}],\"Relation Name\":\"streams\",\"Rows Removed by Index Recheck\":0,\"Scan Direction\":\"Forward\",\"Shared Dirtied Blocks\":0,\"Shared Hit Blocks\":2,\"Shared Read Blocks\":5,\"Shared Written Blocks\":0,\"Startup Cost\":0.28,\"Temp Read Blocks\":0,\"Temp Written Blocks\":0,\"Total Cost\":2.73},\"Planning\":{\"Local Dirtied Blocks\":0,\"Local Hit Blocks\":0,\"Local Read Blocks\":0,\"Local Written Blocks\":0,\"Shared Dirtied Blocks\":0,\"Shared Hit Blocks\":114,\"Shared Read Blocks\":7,\"Shared Written Blocks\":0,\"Temp Read Blocks\":0,\"Temp Written Blocks\":0},\"Planning Time\":0.637,\"Triggers\":[]}]"
STREAM_HEAD_PLAN bench-1 prepared "[{\"Execution Time\":1.0e-2,\"Plan\":{\"Actual Loops\":1,\"Actual Rows\":1.0,\"Alias\":\"s\",\"Async Capable\":false,\"Disabled\":false,\"Index Cond\":\"(stream_name = $1)\",\"Index Name\":\"ix_streams_stream_name\",\"Index Searches\":1,\"Local Dirtied Blocks\":0,\"Local Hit Blocks\":0,\"Local Read Blocks\":0,\"Local Written Blocks\":0,\"Node Type\":\"Index Scan\",\"Parallel Aware\":false,\"Plan Rows\":1,\"Plan Width\":57,\"Plans\":[{\"Actual Loops\":1,\"Actual Rows\":1.0,\"Async Capable\":false,\"Disabled\":false,\"Local Dirtied Blocks\":0,\"Local Hit Blocks\":0,\"Local Read Blocks\":0,\"Local Written Blocks\":0,\"Node Type\":\"Limit\",\"Parallel Aware\":false,\"Parent Relationship\":\"SubPlan\",\"Plan Rows\":1,\"Plan Width\":8,\"Plans\":[{\"Actual Loops\":1,\"Actual Rows\":1.0,\"Alias\":\"se\",\"Async Capable\":false,\"Disabled\":false,\"Heap Fetches\":0,\"Index Cond\":\"(original_stream_id = s.stream_id)\",\"Index Name\":\"ix_stream_events_all_by_origin\",\"Index Searches\":1,\"Local Dirtied Blocks\":0,\"Local Hit Blocks\":0,\"Local Read Blocks\":0,\"Local Written Blocks\":0,\"Node Type\":\"Index Only Scan\",\"Parallel Aware\":false,\"Parent Relationship\":\"Outer\",\"Plan Rows\":200,\"Plan Width\":8,\"Relation Name\":\"stream_events\",\"Rows Removed by Index Recheck\":0,\"Scan Direction\":\"Backward\",\"Shared Dirtied Blocks\":0,\"Shared Hit Blocks\":4,\"Shared Read Blocks\":0,\"Shared Written Blocks\":0,\"Startup Cost\":0.42,\"Temp Read Blocks\":0,\"Temp Written Blocks\":0,\"Total Cost\":4.92}],\"Shared Dirtied Blocks\":0,\"Shared Hit Blocks\":4,\"Shared Read Blocks\":0,\"Shared Written Blocks\":0,\"Startup Cost\":0.42,\"Subplan Name\":\"SubPlan 1\",\"Temp Read Blocks\":0,\"Temp Written Blocks\":0,\"Total Cost\":0.44}],\"Relation Name\":\"streams\",\"Rows Removed by Index Recheck\":0,\"Scan Direction\":\"Forward\",\"Shared Dirtied Blocks\":0,\"Shared Hit Blocks\":7,\"Shared Read Blocks\":0,\"Shared Written Blocks\":0,\"Startup Cost\":0.28,\"Temp Read Blocks\":0,\"Temp Written Blocks\":0,\"Total Cost\":2.73},\"Planning\":{\"Local Dirtied Blocks\":0,\"Local Hit Blocks\":0,\"Local Read Blocks\":0,\"Local Written Blocks\":0,\"Shared Dirtied Blocks\":0,\"Shared Hit Blocks\":0,\"Shared Read Blocks\":0,\"Shared Written Blocks\":0,\"Temp Read Blocks\":0,\"Temp Written Blocks\":0},\"Planning Time\":2.0e-3,\"Triggers\":[]}]"
    bounds literal and warmed prepared probes for bench-1 [✔]
STREAM_HEAD_PLAN long-1 literal "[{\"Execution Time\":3.9e-2,\"Plan\":{\"Actual Loops\":1,\"Actual Rows\":1.0,\"Alias\":\"s\",\"Async Capable\":false,\"Disabled\":false,\"Index Cond\":\"(stream_name = 'long-1'::text)\",\"Index Name\":\"ix_streams_stream_name\",\"Index Searches\":1,\"Local Dirtied Blocks\":0,\"Local Hit Blocks\":0,\"Local Read Blocks\":0,\"Local Written Blocks\":0,\"Node Type\":\"Index Scan\",\"Parallel Aware\":false,\"Plan Rows\":1,\"Plan Width\":57,\"Plans\":[{\"Actual Loops\":1,\"Actual Rows\":1.0,\"Async Capable\":false,\"Disabled\":false,\"Local Dirtied Blocks\":0,\"Local Hit Blocks\":0,\"Local Read Blocks\":0,\"Local Written Blocks\":0,\"Node Type\":\"Limit\",\"Parallel Aware\":false,\"Parent Relationship\":\"SubPlan\",\"Plan Rows\":1,\"Plan Width\":8,\"Plans\":[{\"Actual Loops\":1,\"Actual Rows\":1.0,\"Alias\":\"se\",\"Async Capable\":false,\"Disabled\":false,\"Heap Fetches\":0,\"Index Cond\":\"(original_stream_id = s.stream_id)\",\"Index Name\":\"ix_stream_events_all_by_origin\",\"Index Searches\":1,\"Local Dirtied Blocks\":0,\"Local Hit Blocks\":0,\"Local Read Blocks\":0,\"Local Written Blocks\":0,\"Node Type\":\"Index Only Scan\",\"Parallel Aware\":false,\"Parent Relationship\":\"Outer\",\"Plan Rows\":200,\"Plan Width\":8,\"Relation Name\":\"stream_events\",\"Rows Removed by Index Recheck\":0,\"Scan Direction\":\"Backward\",\"Shared Dirtied Blocks\":0,\"Shared Hit Blocks\":2,\"Shared Read Blocks\":2,\"Shared Written Blocks\":0,\"Startup Cost\":0.42,\"Temp Read Blocks\":0,\"Temp Written Blocks\":0,\"Total Cost\":4.92}],\"Shared Dirtied Blocks\":0,\"Shared Hit Blocks\":2,\"Shared Read Blocks\":2,\"Shared Written Blocks\":0,\"Startup Cost\":0.42,\"Subplan Name\":\"SubPlan 1\",\"Temp Read Blocks\":0,\"Temp Written Blocks\":0,\"Total Cost\":0.44}],\"Relation Name\":\"streams\",\"Rows Removed by Index Recheck\":0,\"Scan Direction\":\"Forward\",\"Shared Dirtied Blocks\":0,\"Shared Hit Blocks\":3,\"Shared Read Blocks\":4,\"Shared Written Blocks\":0,\"Startup Cost\":0.28,\"Temp Read Blocks\":0,\"Temp Written Blocks\":0,\"Total Cost\":2.73},\"Planning\":{\"Local Dirtied Blocks\":0,\"Local Hit Blocks\":0,\"Local Read Blocks\":0,\"Local Written Blocks\":0,\"Shared Dirtied Blocks\":0,\"Shared Hit Blocks\":0,\"Shared Read Blocks\":0,\"Shared Written Blocks\":0,\"Temp Read Blocks\":0,\"Temp Written Blocks\":0},\"Planning Time\":5.6e-2,\"Triggers\":[]}]"
STREAM_HEAD_PLAN long-1 prepared "[{\"Execution Time\":1.1e-2,\"Plan\":{\"Actual Loops\":1,\"Actual Rows\":1.0,\"Alias\":\"s\",\"Async Capable\":false,\"Disabled\":false,\"Index Cond\":\"(stream_name = $1)\",\"Index Name\":\"ix_streams_stream_name\",\"Index Searches\":1,\"Local Dirtied Blocks\":0,\"Local Hit Blocks\":0,\"Local Read Blocks\":0,\"Local Written Blocks\":0,\"Node Type\":\"Index Scan\",\"Parallel Aware\":false,\"Plan Rows\":1,\"Plan Width\":57,\"Plans\":[{\"Actual Loops\":1,\"Actual Rows\":1.0,\"Async Capable\":false,\"Disabled\":false,\"Local Dirtied Blocks\":0,\"Local Hit Blocks\":0,\"Local Read Blocks\":0,\"Local Written Blocks\":0,\"Node Type\":\"Limit\",\"Parallel Aware\":false,\"Parent Relationship\":\"SubPlan\",\"Plan Rows\":1,\"Plan Width\":8,\"Plans\":[{\"Actual Loops\":1,\"Actual Rows\":1.0,\"Alias\":\"se\",\"Async Capable\":false,\"Disabled\":false,\"Heap Fetches\":0,\"Index Cond\":\"(original_stream_id = s.stream_id)\",\"Index Name\":\"ix_stream_events_all_by_origin\",\"Index Searches\":1,\"Local Dirtied Blocks\":0,\"Local Hit Blocks\":0,\"Local Read Blocks\":0,\"Local Written Blocks\":0,\"Node Type\":\"Index Only Scan\",\"Parallel Aware\":false,\"Parent Relationship\":\"Outer\",\"Plan Rows\":200,\"Plan Width\":8,\"Relation Name\":\"stream_events\",\"Rows Removed by Index Recheck\":0,\"Scan Direction\":\"Backward\",\"Shared Dirtied Blocks\":0,\"Shared Hit Blocks\":4,\"Shared Read Blocks\":0,\"Shared Written Blocks\":0,\"Startup Cost\":0.42,\"Temp Read Blocks\":0,\"Temp Written Blocks\":0,\"Total Cost\":4.92}],\"Shared Dirtied Blocks\":0,\"Shared Hit Blocks\":4,\"Shared Read Blocks\":0,\"Shared Written Blocks\":0,\"Startup Cost\":0.42,\"Subplan Name\":\"SubPlan 1\",\"Temp Read Blocks\":0,\"Temp Written Blocks\":0,\"Total Cost\":0.44}],\"Relation Name\":\"streams\",\"Rows Removed by Index Recheck\":0,\"Scan Direction\":\"Forward\",\"Shared Dirtied Blocks\":0,\"Shared Hit Blocks\":7,\"Shared Read Blocks\":0,\"Shared Written Blocks\":0,\"Startup Cost\":0.28,\"Temp Read Blocks\":0,\"Temp Written Blocks\":0,\"Total Cost\":2.73},\"Planning\":{\"Local Dirtied Blocks\":0,\"Local Hit Blocks\":0,\"Local Read Blocks\":0,\"Local Written Blocks\":0,\"Shared Dirtied Blocks\":0,\"Shared Hit Blocks\":0,\"Shared Read Blocks\":0,\"Shared Written Blocks\":0,\"Temp Read Blocks\":0,\"Temp Written Blocks\":0},\"Planning Time\":2.0e-3,\"Triggers\":[]}]"
    bounds literal and warmed prepared probes for long-1 [✔]
STREAM_HEAD_PLAN empty-1 literal "[{\"Execution Time\":1.1e-2,\"Plan\":{\"Actual Loops\":1,\"Actual Rows\":1.0,\"Alias\":\"s\",\"Async Capable\":false,\"Disabled\":false,\"Index Cond\":\"(stream_name = 'empty-1'::text)\",\"Index Name\":\"ix_streams_stream_name\",\"Index Searches\":1,\"Local Dirtied Blocks\":0,\"Local Hit Blocks\":0,\"Local Read Blocks\":0,\"Local Written Blocks\":0,\"Node Type\":\"Index Scan\",\"Parallel Aware\":false,\"Plan Rows\":1,\"Plan Width\":57,\"Plans\":[{\"Actual Loops\":1,\"Actual Rows\":0.0,\"Async Capable\":false,\"Disabled\":false,\"Local Dirtied Blocks\":0,\"Local Hit Blocks\":0,\"Local Read Blocks\":0,\"Local Written Blocks\":0,\"Node Type\":\"Limit\",\"Parallel Aware\":false,\"Parent Relationship\":\"SubPlan\",\"Plan Rows\":1,\"Plan Width\":8,\"Plans\":[{\"Actual Loops\":1,\"Actual Rows\":0.0,\"Alias\":\"se\",\"Async Capable\":false,\"Disabled\":false,\"Heap Fetches\":0,\"Index Cond\":\"(original_stream_id = s.stream_id)\",\"Index Name\":\"ix_stream_events_all_by_origin\",\"Index Searches\":1,\"Local Dirtied Blocks\":0,\"Local Hit Blocks\":0,\"Local Read Blocks\":0,\"Local Written Blocks\":0,\"Node Type\":\"Index Only Scan\",\"Parallel Aware\":false,\"Parent Relationship\":\"Outer\",\"Plan Rows\":200,\"Plan Width\":8,\"Relation Name\":\"stream_events\",\"Rows Removed by Index Recheck\":0,\"Scan Direction\":\"Backward\",\"Shared Dirtied Blocks\":0,\"Shared Hit Blocks\":3,\"Shared Read Blocks\":0,\"Shared Written Blocks\":0,\"Startup Cost\":0.42,\"Temp Read Blocks\":0,\"Temp Written Blocks\":0,\"Total Cost\":4.92}],\"Shared Dirtied Blocks\":0,\"Shared Hit Blocks\":3,\"Shared Read Blocks\":0,\"Shared Written Blocks\":0,\"Startup Cost\":0.42,\"Subplan Name\":\"SubPlan 1\",\"Temp Read Blocks\":0,\"Temp Written Blocks\":0,\"Total Cost\":0.44}],\"Relation Name\":\"streams\",\"Rows Removed by Index Recheck\":0,\"Scan Direction\":\"Forward\",\"Shared Dirtied Blocks\":0,\"Shared Hit Blocks\":6,\"Shared Read Blocks\":0,\"Shared Written Blocks\":0,\"Startup Cost\":0.28,\"Temp Read Blocks\":0,\"Temp Written Blocks\":0,\"Total Cost\":2.73},\"Planning\":{\"Local Dirtied Blocks\":0,\"Local Hit Blocks\":0,\"Local Read Blocks\":0,\"Local Written Blocks\":0,\"Shared Dirtied Blocks\":0,\"Shared Hit Blocks\":0,\"Shared Read Blocks\":0,\"Shared Written Blocks\":0,\"Temp Read Blocks\":0,\"Temp Written Blocks\":0},\"Planning Time\":3.9e-2,\"Triggers\":[]}]"
STREAM_HEAD_PLAN empty-1 prepared "[{\"Execution Time\":6.0e-3,\"Plan\":{\"Actual Loops\":1,\"Actual Rows\":1.0,\"Alias\":\"s\",\"Async Capable\":false,\"Disabled\":false,\"Index Cond\":\"(stream_name = $1)\",\"Index Name\":\"ix_streams_stream_name\",\"Index Searches\":1,\"Local Dirtied Blocks\":0,\"Local Hit Blocks\":0,\"Local Read Blocks\":0,\"Local Written Blocks\":0,\"Node Type\":\"Index Scan\",\"Parallel Aware\":false,\"Plan Rows\":1,\"Plan Width\":57,\"Plans\":[{\"Actual Loops\":1,\"Actual Rows\":0.0,\"Async Capable\":false,\"Disabled\":false,\"Local Dirtied Blocks\":0,\"Local Hit Blocks\":0,\"Local Read Blocks\":0,\"Local Written Blocks\":0,\"Node Type\":\"Limit\",\"Parallel Aware\":false,\"Parent Relationship\":\"SubPlan\",\"Plan Rows\":1,\"Plan Width\":8,\"Plans\":[{\"Actual Loops\":1,\"Actual Rows\":0.0,\"Alias\":\"se\",\"Async Capable\":false,\"Disabled\":false,\"Heap Fetches\":0,\"Index Cond\":\"(original_stream_id = s.stream_id)\",\"Index Name\":\"ix_stream_events_all_by_origin\",\"Index Searches\":1,\"Local Dirtied Blocks\":0,\"Local Hit Blocks\":0,\"Local Read Blocks\":0,\"Local Written Blocks\":0,\"Node Type\":\"Index Only Scan\",\"Parallel Aware\":false,\"Parent Relationship\":\"Outer\",\"Plan Rows\":200,\"Plan Width\":8,\"Relation Name\":\"stream_events\",\"Rows Removed by Index Recheck\":0,\"Scan Direction\":\"Backward\",\"Shared Dirtied Blocks\":0,\"Shared Hit Blocks\":3,\"Shared Read Blocks\":0,\"Shared Written Blocks\":0,\"Startup Cost\":0.42,\"Temp Read Blocks\":0,\"Temp Written Blocks\":0,\"Total Cost\":4.92}],\"Shared Dirtied Blocks\":0,\"Shared Hit Blocks\":3,\"Shared Read Blocks\":0,\"Shared Written Blocks\":0,\"Startup Cost\":0.42,\"Subplan Name\":\"SubPlan 1\",\"Temp Read Blocks\":0,\"Temp Written Blocks\":0,\"Total Cost\":0.44}],\"Relation Name\":\"streams\",\"Rows Removed by Index Recheck\":0,\"Scan Direction\":\"Forward\",\"Shared Dirtied Blocks\":0,\"Shared Hit Blocks\":6,\"Shared Read Blocks\":0,\"Shared Written Blocks\":0,\"Startup Cost\":0.28,\"Temp Read Blocks\":0,\"Temp Written Blocks\":0,\"Total Cost\":2.73},\"Planning\":{\"Local Dirtied Blocks\":0,\"Local Hit Blocks\":0,\"Local Read Blocks\":0,\"Local Written Blocks\":0,\"Shared Dirtied Blocks\":0,\"Shared Hit Blocks\":0,\"Shared Read Blocks\":0,\"Shared Written Blocks\":0,\"Temp Read Blocks\":0,\"Temp Written Blocks\":0},\"Planning Time\":2.0e-3,\"Triggers\":[]}]"
    bounds literal and warmed prepared probes for empty-1 [✔]
STREAM_HEAD_PLAN missing-1 literal "[{\"Execution Time\":5.0e-3,\"Plan\":{\"Actual Loops\":1,\"Actual Rows\":0.0,\"Alias\":\"s\",\"Async Capable\":false,\"Disabled\":false,\"Index Cond\":\"(stream_name = 'missing-1'::text)\",\"Index Name\":\"ix_streams_stream_name\",\"Index Searches\":1,\"Local Dirtied Blocks\":0,\"Local Hit Blocks\":0,\"Local Read Blocks\":0,\"Local Written Blocks\":0,\"Node Type\":\"Index Scan\",\"Parallel Aware\":false,\"Plan Rows\":1,\"Plan Width\":57,\"Plans\":[{\"Actual Loops\":0,\"Actual Rows\":0,\"Async Capable\":false,\"Disabled\":false,\"Local Dirtied Blocks\":0,\"Local Hit Blocks\":0,\"Local Read Blocks\":0,\"Local Written Blocks\":0,\"Node Type\":\"Limit\",\"Parallel Aware\":false,\"Parent Relationship\":\"SubPlan\",\"Plan Rows\":1,\"Plan Width\":8,\"Plans\":[{\"Actual Loops\":0,\"Actual Rows\":0,\"Alias\":\"se\",\"Async Capable\":false,\"Disabled\":false,\"Heap Fetches\":0,\"Index Cond\":\"(original_stream_id = s.stream_id)\",\"Index Name\":\"ix_stream_events_all_by_origin\",\"Index Searches\":0,\"Local Dirtied Blocks\":0,\"Local Hit Blocks\":0,\"Local Read Blocks\":0,\"Local Written Blocks\":0,\"Node Type\":\"Index Only Scan\",\"Parallel Aware\":false,\"Parent Relationship\":\"Outer\",\"Plan Rows\":200,\"Plan Width\":8,\"Relation Name\":\"stream_events\",\"Rows Removed by Index Recheck\":0,\"Scan Direction\":\"Backward\",\"Shared Dirtied Blocks\":0,\"Shared Hit Blocks\":0,\"Shared Read Blocks\":0,\"Shared Written Blocks\":0,\"Startup Cost\":0.42,\"Temp Read Blocks\":0,\"Temp Written Blocks\":0,\"Total Cost\":4.92}],\"Shared Dirtied Blocks\":0,\"Shared Hit Blocks\":0,\"Shared Read Blocks\":0,\"Shared Written Blocks\":0,\"Startup Cost\":0.42,\"Subplan Name\":\"SubPlan 1\",\"Temp Read Blocks\":0,\"Temp Written Blocks\":0,\"Total Cost\":0.44}],\"Relation Name\":\"streams\",\"Rows Removed by Index Recheck\":0,\"Scan Direction\":\"Forward\",\"Shared Dirtied Blocks\":0,\"Shared Hit Blocks\":2,\"Shared Read Blocks\":0,\"Shared Written Blocks\":0,\"Startup Cost\":0.28,\"Temp Read Blocks\":0,\"Temp Written Blocks\":0,\"Total Cost\":2.73},\"Planning\":{\"Local Dirtied Blocks\":0,\"Local Hit Blocks\":0,\"Local Read Blocks\":0,\"Local Written Blocks\":0,\"Shared Dirtied Blocks\":0,\"Shared Hit Blocks\":0,\"Shared Read Blocks\":0,\"Shared Written Blocks\":0,\"Temp Read Blocks\":0,\"Temp Written Blocks\":0},\"Planning Time\":2.9e-2,\"Triggers\":[]}]"
STREAM_HEAD_PLAN missing-1 prepared "[{\"Execution Time\":5.0e-3,\"Plan\":{\"Actual Loops\":1,\"Actual Rows\":0.0,\"Alias\":\"s\",\"Async Capable\":false,\"Disabled\":false,\"Index Cond\":\"(stream_name = $1)\",\"Index Name\":\"ix_streams_stream_name\",\"Index Searches\":1,\"Local Dirtied Blocks\":0,\"Local Hit Blocks\":0,\"Local Read Blocks\":0,\"Local Written Blocks\":0,\"Node Type\":\"Index Scan\",\"Parallel Aware\":false,\"Plan Rows\":1,\"Plan Width\":57,\"Plans\":[{\"Actual Loops\":0,\"Actual Rows\":0,\"Async Capable\":false,\"Disabled\":false,\"Local Dirtied Blocks\":0,\"Local Hit Blocks\":0,\"Local Read Blocks\":0,\"Local Written Blocks\":0,\"Node Type\":\"Limit\",\"Parallel Aware\":false,\"Parent Relationship\":\"SubPlan\",\"Plan Rows\":1,\"Plan Width\":8,\"Plans\":[{\"Actual Loops\":0,\"Actual Rows\":0,\"Alias\":\"se\",\"Async Capable\":false,\"Disabled\":false,\"Heap Fetches\":0,\"Index Cond\":\"(original_stream_id = s.stream_id)\",\"Index Name\":\"ix_stream_events_all_by_origin\",\"Index Searches\":0,\"Local Dirtied Blocks\":0,\"Local Hit Blocks\":0,\"Local Read Blocks\":0,\"Local Written Blocks\":0,\"Node Type\":\"Index Only Scan\",\"Parallel Aware\":false,\"Parent Relationship\":\"Outer\",\"Plan Rows\":200,\"Plan Width\":8,\"Relation Name\":\"stream_events\",\"Rows Removed by Index Recheck\":0,\"Scan Direction\":\"Backward\",\"Shared Dirtied Blocks\":0,\"Shared Hit Blocks\":0,\"Shared Read Blocks\":0,\"Shared Written Blocks\":0,\"Startup Cost\":0.42,\"Temp Read Blocks\":0,\"Temp Written Blocks\":0,\"Total Cost\":4.92}],\"Shared Dirtied Blocks\":0,\"Shared Hit Blocks\":0,\"Shared Read Blocks\":0,\"Shared Written Blocks\":0,\"Startup Cost\":0.42,\"Subplan Name\":\"SubPlan 1\",\"Temp Read Blocks\":0,\"Temp Written Blocks\":0,\"Total Cost\":0.44}],\"Relation Name\":\"streams\",\"Rows Removed by Index Recheck\":0,\"Scan Direction\":\"Forward\",\"Shared Dirtied Blocks\":0,\"Shared Hit Blocks\":2,\"Shared Read Blocks\":0,\"Shared Written Blocks\":0,\"Startup Cost\":0.28,\"Temp Read Blocks\":0,\"Temp Written Blocks\":0,\"Total Cost\":2.73},\"Planning\":{\"Local Dirtied Blocks\":0,\"Local Hit Blocks\":0,\"Local Read Blocks\":0,\"Local Written Blocks\":0,\"Shared Dirtied Blocks\":0,\"Shared Hit Blocks\":0,\"Shared Read Blocks\":0,\"Shared Written Blocks\":0,\"Temp Read Blocks\":0,\"Temp Written Blocks\":0},\"Planning Time\":1.0e-3,\"Triggers\":[]}]"
    bounds literal and warmed prepared probes for missing-1 [✔]
stream head
  direct runner
    distinguishes absent, empty and reserved $all in empty and populated stores [✔]
    captures interleaved heads, logical lifecycle and a fresh identity after hard deletion [✔]
    ignores links while tracking subsequent originated appends [✔]
  resource runner
    distinguishes absent, empty and reserved $all in empty and populated stores [✔]
    captures interleaved heads, logical lifecycle and a fresh identity after hard deletion [✔]
    ignores links while tracking subsequent originated appends [✔]
  never invokes the event decode hook [✔]
  observes version and head from one snapshot while appends commit [✔]
stream head mock
  sends exactly one dedicated constructor and preserves all nested-Maybe outcomes [✔]

Finished in 6.2116 seconds
26 examples, 0 failures
Test suite kiroku-store-test: PASS
Test suite logged to:
/Users/shinzui/Keikaku/bokuno/kiroku-project/kiroku/dist-newstyle/build/aarch64-osx/ghc-9.12.4/kiroku-store-0.10.0.0/t/kiroku-store-test/test/kiroku-store-0.10.0.0-kiroku-store-test.log
1 of 1 test suites (1 of 1 test cases) passed.
