Traceback (most recent call last):
  File "/Users/shinzui/Keikaku/bokuno/kiroku-project/kiroku/bench/stream-head-cell/run.py", line 108, in run
    self.acquire()
    
  File "/Users/shinzui/Keikaku/bokuno/kiroku-project/kiroku/bench/stream-head-cell/run.py", line 63, in submit
    self.j.update(status='submitting',submitted_epoch=time.time()); self.save()
  File "/Users/shinzui/Keikaku/bokuno/kiroku-project/kiroku/bench/stream-head-cell/run.py", line 31, in command
    if result.returncode and not allow_failure: raise RuntimeError(label+': '+result.stderr[-1500:])
                                                ^^^^^^^^^^^^^^^^^^^^^^^^^^^^^^^^^^^^^^^^^^^^^^^^^^^^
RuntimeError: submit: invalid-document


During handling of the above exception, another exception occurred:

Traceback (most recent call last):
  File "/Users/shinzui/Keikaku/bokuno/kiroku-project/kiroku/bench/stream-head-cell/run.py", line 135, in <module>
    raise SystemExit(Run(a).run())
                        ^^^^^^
  File "/Users/shinzui/Keikaku/bokuno/kiroku-project/kiroku/bench/stream-head-cell/run.py", line 134, in main
    signal.signal(signal.SIGTERM,lambda *_: (_ for _ in ()).throw(KeyboardInterrupt()))
                     ^^^^^^^^^^^^
  File "/Users/shinzui/Keikaku/bokuno/kiroku-project/kiroku/bench/stream-head-cell/run.py", line 126, in run
    self.j['error']=str(error);self.save();raise
        ^^^^^^^^^^^^^^
  File "/Users/shinzui/Keikaku/bokuno/kiroku-project/kiroku/bench/stream-head-cell/run.py", line 96, in cleanup
    if held is None:
        ^^^^^^^^^^^^
  File "/Users/shinzui/Keikaku/bokuno/kiroku-project/kiroku/bench/stream-head-cell/run.py", line 29, in command
    result=subprocess.run(list(map(str,args)),capture_output=True,text=True,env=ENV,timeout=timeout if cleanup else min(timeout,remaining-60))
  File "/nix/store/0788rbnl2p558jnyjlm2s2f9r5sxpq3h-python3-3.14.6/lib/python3.14/subprocess.py", line 557, in run
    stdout, stderr = process.communicate(input, timeout=timeout)
                     ~~~~~~~~~~~~~~~~~~~^^^^^^^^^^^^^^^^^^^^^^^^
  File "/nix/store/0788rbnl2p558jnyjlm2s2f9r5sxpq3h-python3-3.14.6/lib/python3.14/subprocess.py", line 1221, in communicate
    stdout, stderr = self._communicate(input, endtime, timeout)
                     ~~~~~~~~~~~~~~~~~^^^^^^^^^^^^^^^^^^^^^^^^^
  File "/nix/store/0788rbnl2p558jnyjlm2s2f9r5sxpq3h-python3-3.14.6/lib/python3.14/subprocess.py", line 2154, in _communicate
    self._check_timeout(endtime, orig_timeout, stdout, stderr)
    ~~~~~~~~~~~~~~~~~~~^^^^^^^^^^^^^^^^^^^^^^^^^^^^^^^^^^^^^^^
  File "/nix/store/0788rbnl2p558jnyjlm2s2f9r5sxpq3h-python3-3.14.6/lib/python3.14/subprocess.py", line 1268, in _check_timeout
    raise TimeoutExpired(
    ...<2 lines>...
            stderr=b''.join(stderr_seq) if stderr_seq else None)
subprocess.TimeoutExpired: Command '['bash', '/Users/shinzui/Keikaku/bokuno/load-testing-infra/scripts/cell/stop.sh', 'alpha']' timed out after 120 seconds
