warning: not writing modified lock file of flake 'path:/Users/shinzui/Keikaku/bokuno/kiroku-project/kiroku/bench/stream-head-cell':
• Removed input 'control'
• Updated input 'kiroku':
    'path:../..'
  → 'git+file:///Users/shinzui/Keikaku/bokuno/kiroku-project/kiroku?ref=refs/heads/master&rev=daae3f1ab6b27f8de5d1ba2deed1c3fd5a65e16a' (2026-10-11)
• Removed input 'kiroku/flake-parts'
• Removed input 'kiroku/flake-parts/nixpkgs-lib'
• Removed input 'kiroku/haskell-nix'
• Removed input 'kiroku/haskell-nix/nixpkgs'
• Removed input 'kiroku/haskell-nix-dev'
• Removed input 'kiroku/haskell-nix-dev/flake-utils'
• Removed input 'kiroku/haskell-nix-dev/flake-utils/systems'
• Removed input 'kiroku/haskell-nix-dev/nixpkgs'
• Removed input 'kiroku/haskell-nix-dev/treefmt-nix'
• Removed input 'kiroku/haskell-nix-dev/treefmt-nix/nixpkgs'
• Removed input 'kiroku/nixpkgs'
• Removed input 'kiroku/pre-commit-hooks'
• Removed input 'kiroku/pre-commit-hooks/flake-compat'
• Removed input 'kiroku/pre-commit-hooks/gitignore'
• Removed input 'kiroku/pre-commit-hooks/gitignore/nixpkgs'
• Removed input 'kiroku/pre-commit-hooks/nixpkgs'
• Removed input 'kiroku/treefmt-nix'
building '/nix/store/q916gvhwmhgr69mxqjd9fqj84q3w70zz-stream-head-cell-source.drv' on 'ssh://builder@nix-gcp-builder'...
copying 2 paths...
copying path '/nix/store/2srg8j30fz3yd59291kyswa9dg14cb39-source' to 'ssh://builder@nix-gcp-builder'...
copying path '/nix/store/fmzljk2q1pyrhb9bfjbh1z2qrwg4h211-source' to 'ssh://builder@nix-gcp-builder'...
copying 1 paths...
copying path '/nix/store/8pgylyfq9b8rmapn4fxh4qfi57bvayr6-stream-head-cell-source' from 'ssh://builder@nix-gcp-builder'...
building '/nix/store/537hz5q9vq5vi3gqyzp7k916q6vbdhyr-cabal2nix-stream-head-cell.drv' on 'ssh://builder@nix-gcp-builder'...
copying 1 paths...
copying path '/nix/store/nb9bfp8fdvsgk3p6mi7fdgyzhsm5fk0k-cabal2nix-stream-head-cell' from 'ssh://builder@nix-gcp-builder'...
building '/nix/store/i77zzvz427avml6v8hdivk2dx0mrddfm-cabal2nix-kiroku-store.drv' on 'ssh://builder@nix-gcp-builder'...
copying 1 paths...
copying path '/nix/store/03vrxz98y02x4sri2nn5imzha27bby01-cabal2nix-kiroku-store' from 'ssh://builder@nix-gcp-builder'...
building '/nix/store/qycmpabcx7fl56swgk0wvq7dpf3vlsn2-cabal2nix-kiroku-test-support.drv' on 'ssh://builder@nix-gcp-builder'...
copying 1 paths...
copying path '/nix/store/s3nvrfyxykxzhdgnvi6ffxk2xypflshf-cabal2nix-kiroku-test-support' from 'ssh://builder@nix-gcp-builder'...
building '/nix/store/1izds9wfrpipxal10ylpifjj6s3planf-cabal2nix-kiroku-store-migrations.drv' on 'ssh://builder@nix-gcp-builder'...
copying 1 paths...
copying path '/nix/store/0zhzssb47s1nqvb77mp7bss5jbmbsfzz-cabal2nix-kiroku-store-migrations' from 'ssh://builder@nix-gcp-builder'...
these 5 derivations will be built:
  /nix/store/2qqc628mdr34lh0m2zrs7r00r2gj6wvk-kiroku-store-migrations-0.7.0.0.drv
  /nix/store/75vv6rxwmdi89s83wpnyfzzk03sm3ifk-kiroku-store-0.10.0.0.drv
  /nix/store/wb4xwmiw924w3jk435586vg5za3j66gr-kiroku-test-support-0.1.0.0.drv
  /nix/store/fp7szkgd1j8hdnf8fcxh6ggn2pa4r04d-stream-head-cell-0.1.0.0.drv
  /nix/store/5yyi3vv5ix14hkfmyg7piw7gfqfbwb9c-stream-head-cell.drv
building '/nix/store/75vv6rxwmdi89s83wpnyfzzk03sm3ifk-kiroku-store-0.10.0.0.drv' on 'ssh://builder@nix-gcp-builder'...
building '/nix/store/2qqc628mdr34lh0m2zrs7r00r2gj6wvk-kiroku-store-migrations-0.7.0.0.drv' on 'ssh://builder@nix-gcp-builder'...
copying 1 paths...
copying path '/nix/store/kxqxjd2j0llpr0w95x4sny707s4y5smj-kiroku-store-migrations-0.7.0.0' from 'ssh://builder@nix-gcp-builder'...
building '/nix/store/wb4xwmiw924w3jk435586vg5za3j66gr-kiroku-test-support-0.1.0.0.drv' on 'ssh://builder@nix-gcp-builder'...
copying 2 paths...
copying path '/nix/store/1n4s4wzmamhjbd7n6rgdvirmidiaqxfn-kiroku-store-0.10.0.0-data' from 'ssh://builder@nix-gcp-builder'...
copying path '/nix/store/c0ah5k6pr1yzla77q9xs6y56zax53n8c-kiroku-store-0.10.0.0' from 'ssh://builder@nix-gcp-builder'...
copying 1 paths...
copying path '/nix/store/jrxzk11cjlaz5yfp0mn4912wrip47a8g-kiroku-test-support-0.1.0.0' from 'ssh://builder@nix-gcp-builder'...
building '/nix/store/fp7szkgd1j8hdnf8fcxh6ggn2pa4r04d-stream-head-cell-0.1.0.0.drv' on 'ssh://builder@nix-gcp-builder'...
copying 1 paths...
copying path '/nix/store/sz1z78nym7ijdhxknvix3rrkz299rb15-stream-head-cell-0.1.0.0' from 'ssh://builder@nix-gcp-builder'...
building '/nix/store/5yyi3vv5ix14hkfmyg7piw7gfqfbwb9c-stream-head-cell.drv' on 'ssh://builder@nix-gcp-builder'...
copying 1 paths...
copying path '/nix/store/j72irh75vknpyvgvf3d2dkjmghk7cj4n-entry.py' to 'ssh://builder@nix-gcp-builder'...
copying 1 paths...
copying path '/nix/store/4m1bzvfv3pkya9zvwa11zlb2wjm949sy-stream-head-cell' from 'ssh://builder@nix-gcp-builder'...
/nix/store/4m1bzvfv3pkya9zvwa11zlb2wjm949sy-stream-head-cell
