warning: Git tree '/Users/shinzui/Keikaku/bokuno/kiroku-project/kiroku' has uncommitted changes
Using saved setting for 'extra-substituters = ' from ~/.local/share/nix/trusted-settings.json.
warning: ignoring untrusted flake configuration setting 'extra-substituters'.
Pass '--accept-flake-config' to trust it
Using saved setting for 'extra-trusted-public-keys = ' from ~/.local/share/nix/trusted-settings.json.
evaluating 'apps'...
evaluating 'checks'...
evaluating 'devShells'...
evaluating 'formatter'...
evaluating 'legacyPackages'...
evaluating 'nixosConfigurations'...
evaluating 'nixosModules'...
evaluating 'overlays'...
evaluating 'packages'...
evaluating 'legacyPackages'...
evaluating 'apps'...
evaluating 'nixosConfigurations'...
evaluating 'devShells'...
evaluating 'nixosModules'...
evaluating 'checks'...
evaluating 'formatter'...
evaluating 'packages'...
evaluating 'overlays'...
evaluating 'legacyPackages.aarch64-darwin'...
evaluating 'legacyPackages.armv6l-linux'...
evaluating 'legacyPackages.aarch64-linux'...
evaluating 'legacyPackages.armv7l-linux'...
evaluating 'checks.aarch64-darwin'...
evaluating 'devShells.aarch64-darwin'...
evaluating 'apps.aarch64-darwin'...
evaluating 'devShells.aarch64-linux'...
evaluating 'checks.aarch64-linux'...
evaluating 'apps.aarch64-linux'...
evaluating 'packages.aarch64-darwin'...
evaluating 'packages.aarch64-linux'...
evaluating 'devShells.armv6l-linux'...
evaluating 'checks.armv6l-linux'...
evaluating 'packages.armv6l-linux'...
evaluating 'devShells.armv7l-linux'...
evaluating 'apps.armv6l-linux'...
evaluating 'packages.armv7l-linux'...
evaluating 'devShells.i686-linux'...
evaluating 'checks.i686-linux'...
evaluating 'checks.armv7l-linux'...
evaluating 'packages.i686-linux'...
evaluating 'apps.armv7l-linux'...
evaluating 'apps.i686-linux'...
evaluating 'checks.powerpc64le-linux'...
evaluating 'legacyPackages.i686-linux'...
evaluating 'devShells.powerpc64le-linux'...
evaluating 'packages.powerpc64le-linux'...
evaluating 'apps.powerpc64le-linux'...
evaluating 'checks.riscv64-linux'...
evaluating 'devShells.riscv64-linux'...
evaluating 'apps.riscv64-linux'...
evaluating 'legacyPackages.powerpc64le-linux'...
evaluating 'legacyPackages.x86_64-darwin'...
evaluating 'packages.riscv64-linux'...
evaluating 'checks.x86_64-darwin'...
evaluating 'apps.x86_64-darwin'...
evaluating 'packages.x86_64-darwin'...
evaluating 'devShells.x86_64-freebsd'...
evaluating 'devShells.x86_64-darwin'...
evaluating 'legacyPackages.riscv64-linux'...
evaluating 'apps.x86_64-freebsd'...
evaluating 'checks.x86_64-freebsd'...
evaluating 'packages.x86_64-freebsd'...
evaluating 'legacyPackages.x86_64-linux'...
evaluating 'legacyPackages.x86_64-freebsd'...
evaluating 'devShells.x86_64-linux'...
evaluating 'devShells.aarch64-darwin.default'...
evaluating 'checks.x86_64-linux'...
evaluating 'apps.x86_64-linux'...
evaluating 'devShells.aarch64-darwin.ghc9124'...
evaluating 'devShells.aarch64-darwin.postgresql17'...
evaluating 'packages.x86_64-linux'...
evaluating 'devShells.aarch64-darwin.postgresql18'...
evaluating 'packages.aarch64-darwin.kiroku-cli'...
evaluating 'packages.aarch64-darwin.kiroku-otel'...
evaluating 'packages.aarch64-darwin.kiroku-metrics'...
evaluating 'packages.aarch64-darwin.kiroku-store'...
evaluating 'packages.aarch64-darwin.kiroku-store-migrations'...
evaluating 'packages.aarch64-darwin.default'...
evaluating 'packages.aarch64-darwin.shibuya-kiroku-adapter'...
evaluating 'checks.aarch64-darwin.pre-commit'...
evaluating 'checks.aarch64-darwin.treefmt'...
evaluating 'formatter.aarch64-darwin'...
evaluating 'formatter.armv6l-linux'...
evaluating 'formatter.x86_64-darwin'...
evaluating 'formatter.x86_64-freebsd'...
evaluating 'formatter.aarch64-linux'...
evaluating 'formatter.x86_64-linux'...
evaluating 'formatter.powerpc64le-linux'...
evaluating 'formatter.riscv64-linux'...
evaluating 'formatter.armv7l-linux'...
evaluating 'formatter.i686-linux'...
✅ devShells.aarch64-darwin.default (build skipped)
✅ devShells.aarch64-darwin.ghc9124 (build skipped)
✅ devShells.aarch64-darwin.postgresql18 (build skipped)
✅ formatter.aarch64-darwin (build skipped)
✅ devShells.aarch64-darwin.postgresql17 (build skipped)
✅ packages.aarch64-darwin.kiroku-store (build skipped)
✅ packages.aarch64-darwin.kiroku-metrics (build skipped)
✅ packages.aarch64-darwin.kiroku-store-migrations (build skipped)
✅ packages.aarch64-darwin.kiroku-otel (build skipped)
✅ packages.aarch64-darwin.kiroku-cli (build skipped)
✅ packages.aarch64-darwin.shibuya-kiroku-adapter (build skipped)
✅ packages.aarch64-darwin.default (build skipped)
running 2 flake checks...
building '/nix/store/s6hslbiqkwxcvhrirn2sj8s4kbbv82qb-pre-commit-run.drv'...
building '/nix/store/padgp38ir627b8nymq996n6kjgg3q8h7-treefmt-check.drv'...
✅ checks.aarch64-darwin.treefmt
✅ checks.aarch64-darwin.pre-commit
warning: The check omitted these incompatible systems: aarch64-linux, armv6l-linux, armv7l-linux, i686-linux, powerpc64le-linux, riscv64-linux, x86_64-darwin, x86_64-freebsd, x86_64-linux
Use '--all-systems' to check all.
