phase: Resetting
phase: Fetching
phase: Running
phase: Publishing
phase: Sealed
phase: Resetting
phase: Fetching
phase: Running
phase: Publishing
phase: Sealed
phase: Resetting
phase: Fetching
phase: Running
phase: Publishing
phase: Sealed
phase: Resetting
phase: Fetching
phase: Running
phase: Publishing
phase: Sealed
phase: Resetting
phase: Fetching
phase: Running
phase: Publishing
phase: Sealed
phase: Resetting
phase: Fetching
phase: Running
phase: Publishing
phase: Sealed
session 01a12433-e1b1-7217-ad25-039bdef1e4bf verified; journal /tmp/mp12-ep6-tail-repeat/remote-live-hook-fanout/round-0/session.json
comparison VerdictInconclusive; valid pairs 3/3
