building '/nix/store/jardbkjgis8grf2bac9aldh096l2726s-kenshou-mp12-cell-source.drv' on 'ssh://builder@nix-gcp-builder'...
copying 1 paths...
copying path '/nix/store/mp72mbcfs1hn6xz3w0zib3fm9q6hx7zn-source' to 'ssh://builder@nix-gcp-builder'...
copying 1 paths...
copying path '/nix/store/zwj7wv8c2rrvlyv8yhkf9lp7b0zqhs9v-kenshou-mp12-cell-source' from 'ssh://builder@nix-gcp-builder'...
building '/nix/store/sysh0f1nbix2lqqpl574f46x3y7nw1kq-cabal2nix-kenshou-mp12-cell.drv' on 'ssh://builder@nix-gcp-builder'...
copying 1 paths...
copying path '/nix/store/0jxszxkvgrcnadavws6d9rnzpsbk9kw0-cabal2nix-kenshou-mp12-cell' from 'ssh://builder@nix-gcp-builder'...
building '/nix/store/vb0c9npgd1ga51gz5rv723wyqyrxgqhg-cabal2nix-kiroku-store.drv' on 'ssh://builder@nix-gcp-builder'...
copying 1 paths...
copying path '/nix/store/jnlc8bx2m0b5fflnbs3wqg0yx4q1cgi3-kiroku-store-mp12-source' to 'ssh://builder@nix-gcp-builder'...
copying 1 paths...
copying path '/nix/store/mk6ji8sl15dvwydypc4mpl5nlx82s2ka-cabal2nix-kiroku-store' from 'ssh://builder@nix-gcp-builder'...
building '/nix/store/23pgcwpcr91bn6xl4ywdnl171xdy6r76-cabal2nix-shibuya-kiroku-adapter.drv' on 'ssh://builder@nix-gcp-builder'...
copying 1 paths...
copying path '/nix/store/hlxra1izyz7qhzif705mmmjfli3wfx94-shibuya-kiroku-adapter-mp12-source' to 'ssh://builder@nix-gcp-builder'...
copying 1 paths...
copying path '/nix/store/pka24k2dm1a2s8b5l8621ncns8wgab9d-cabal2nix-shibuya-kiroku-adapter' from 'ssh://builder@nix-gcp-builder'...
these 10 derivations will be built:
  /nix/store/1l14k618h4w4anhpswgfiafcpwwhym8q-kiroku-store-0.9.0.1.drv
  /nix/store/dv2h66xhw4j7z11x70arbay2yzvvsfqf-kenshou-head-stall-default-payload-identity.json.drv
  /nix/store/vcxx2c8cfi2gikbh39rgdvsy3j5ppbac-shibuya-kiroku-adapter-0.5.1.5.drv
  /nix/store/mch0ajf5829lhczrh9pcxppn5j958s8f-kenshou-mp12-cell-0.1.0.0.drv
  /nix/store/xr7b4ni1cl3vs85jhfgsprikvmn0q40c-kenshou-head-stall-cohort-identity.json.drv
  /nix/store/232rivbcyvc30k15mrsv9jv1iha82nv8-kiroku-mp12-head-stall.drv
  /nix/store/dl2p1zsfg2627z4ccvv1249gr2jd2glr-kenshou-mp12-cell-0.1.0.0.drv
  /nix/store/gzf11335wy3wakx8783wcvr9xh9zx6jx-kenshou-head-cohort-identity.json.drv
  /nix/store/pwv7zb5dhmkk0a3dc39nykysifzjrsr3-kiroku-mp12-head.drv
  /nix/store/ssbv4v7z7jsnn2qakjhrqm9b6v8k2f3w-kiroku-mp12-released.drv
building '/nix/store/gzf11335wy3wakx8783wcvr9xh9zx6jx-kenshou-head-cohort-identity.json.drv' on 'ssh://builder@nix-gcp-builder'...
building '/nix/store/xr7b4ni1cl3vs85jhfgsprikvmn0q40c-kenshou-head-stall-cohort-identity.json.drv' on 'ssh://builder@nix-gcp-builder'...
building '/nix/store/dv2h66xhw4j7z11x70arbay2yzvvsfqf-kenshou-head-stall-default-payload-identity.json.drv' on 'ssh://builder@nix-gcp-builder'...
building '/nix/store/dl2p1zsfg2627z4ccvv1249gr2jd2glr-kenshou-mp12-cell-0.1.0.0.drv' on 'ssh://builder@nix-gcp-builder'...
copying 1 paths...
copying path '/nix/store/lb858m714f0ppmniynrizid2bxnyi54m-kenshou-head-cohort-identity.json' from 'ssh://builder@nix-gcp-builder'...
copying 1 paths...
copying path '/nix/store/0jyhrdyyi6qr8v4pnmc7cas1xhjg9c15-kenshou-head-stall-cohort-identity.json' from 'ssh://builder@nix-gcp-builder'...
copying 1 paths...
copying path '/nix/store/zhafr009b8kmx3mvwlsk4yp5dsq6rw5n-kenshou-head-stall-default-payload-identity.json' from 'ssh://builder@nix-gcp-builder'...
building '/nix/store/1l14k618h4w4anhpswgfiafcpwwhym8q-kiroku-store-0.9.0.1.drv' on 'ssh://builder@nix-gcp-builder'...
copying 3 paths...
copying path '/nix/store/qwlqlab918ld6k5qbiqqjgyh83f3d5xx-kiroku-store-0.9.0.1' to 'ssh://builder@nix-gcp-builder'...
copying path '/nix/store/p0k8wbl8vi4b784g2d1cbxa0l0089biy-jailbreak-cabal-1.4.1' to 'ssh://builder@nix-gcp-builder'...
copying path '/nix/store/v3h03js4n8vvbgbi2sfxkjfs20jkwk54-shibuya-kiroku-adapter-0.5.1.5' to 'ssh://builder@nix-gcp-builder'...
copying 1 paths...
copying path '/nix/store/bbr9ipwr3y0z2m9dniwhjcgnaqms1haf-kiroku-store-mp12-source' to 'ssh://builder@nix-gcp-builder'...
copying 1 paths...
copying path '/nix/store/1mbc6ni504xlydjq4hyilbfnhafypjfh-kenshou-mp12-cell-0.1.0.0' from 'ssh://builder@nix-gcp-builder'...
building '/nix/store/ssbv4v7z7jsnn2qakjhrqm9b6v8k2f3w-kiroku-mp12-released.drv' on 'ssh://builder@nix-gcp-builder'...
copying 1 paths...
copying path '/nix/store/4bk0wg9jlgyr3w99hd1128gl5qjqb422-kiroku-mp12-released' from 'ssh://builder@nix-gcp-builder'...
copying 1 paths...
copying path '/nix/store/cd3qmbd1lnxm67cwzr69vfji9syw06hw-kiroku-store-0.9.0.1' from 'ssh://builder@nix-gcp-builder'...
building '/nix/store/vcxx2c8cfi2gikbh39rgdvsy3j5ppbac-shibuya-kiroku-adapter-0.5.1.5.drv' on 'ssh://builder@nix-gcp-builder'...
copying 1 paths...
copying path '/nix/store/km2phpkhgrp6f246zn1x5sfv73pxn3zh-shibuya-kiroku-adapter-mp12-source' to 'ssh://builder@nix-gcp-builder'...
copying 1 paths...
copying path '/nix/store/0v53n550wp5h7slbasjw254sddmi4sw2-shibuya-kiroku-adapter-0.5.1.5' from 'ssh://builder@nix-gcp-builder'...
building '/nix/store/mch0ajf5829lhczrh9pcxppn5j958s8f-kenshou-mp12-cell-0.1.0.0.drv' on 'ssh://builder@nix-gcp-builder'...
copying 1 paths...
copying path '/nix/store/zwqsiwf99diiif3sq3pqmsnsrgnnq5kf-kenshou-remote-0.1.0.0' to 'ssh://builder@nix-gcp-builder'...
copying 1 paths...
copying path '/nix/store/symcqmqc6bx2wx9gx2d0f528qf4l5c0l-kenshou-mp12-cell-0.1.0.0' from 'ssh://builder@nix-gcp-builder'...
building '/nix/store/232rivbcyvc30k15mrsv9jv1iha82nv8-kiroku-mp12-head-stall.drv' on 'ssh://builder@nix-gcp-builder'...
building '/nix/store/pwv7zb5dhmkk0a3dc39nykysifzjrsr3-kiroku-mp12-head.drv' on 'ssh://builder@nix-gcp-builder'...
copying 1 paths...
copying path '/nix/store/rrnhrj2qf3qz1246nndyn4256srl1hmb-kiroku-mp12-head-stall' from 'ssh://builder@nix-gcp-builder'...
copying 1 paths...
copying path '/nix/store/v2124g73h4af7ck047s9qirs102k9brd-kiroku-mp12-head' from 'ssh://builder@nix-gcp-builder'...
[{"drvPath":"/nix/store/ssbv4v7z7jsnn2qakjhrqm9b6v8k2f3w-kiroku-mp12-released.drv","outputs":{"out":"/nix/store/4bk0wg9jlgyr3w99hd1128gl5qjqb422-kiroku-mp12-released"}},{"drvPath":"/nix/store/pwv7zb5dhmkk0a3dc39nykysifzjrsr3-kiroku-mp12-head.drv","outputs":{"out":"/nix/store/v2124g73h4af7ck047s9qirs102k9brd-kiroku-mp12-head"}},{"drvPath":"/nix/store/232rivbcyvc30k15mrsv9jv1iha82nv8-kiroku-mp12-head-stall.drv","outputs":{"out":"/nix/store/rrnhrj2qf3qz1246nndyn4256srl1hmb-kiroku-mp12-head-stall"}}]
